Archive member included to satisfy reference by file (symbol)

f:/mounriver_studio_setup_v191/mounriver_studio/toolchain/risc-v embedded gcc/bin/../lib/gcc/riscv-none-embed/8.2.0/../../../../riscv-none-embed/lib/rv32imafc/ilp32f\libm.a(lib_a-s_cos.o)
                              ./zf_device/zf_device_gnss.o (cos)
f:/mounriver_studio_setup_v191/mounriver_studio/toolchain/risc-v embedded gcc/bin/../lib/gcc/riscv-none-embed/8.2.0/../../../../riscv-none-embed/lib/rv32imafc/ilp32f\libm.a(lib_a-s_sin.o)
                              ./zf_device/zf_device_gnss.o (sin)
f:/mounriver_studio_setup_v191/mounriver_studio/toolchain/risc-v embedded gcc/bin/../lib/gcc/riscv-none-embed/8.2.0/../../../../riscv-none-embed/lib/rv32imafc/ilp32f\libm.a(lib_a-w_asin.o)
                              ./zf_device/zf_device_gnss.o (asin)
f:/mounriver_studio_setup_v191/mounriver_studio/toolchain/risc-v embedded gcc/bin/../lib/gcc/riscv-none-embed/8.2.0/../../../../riscv-none-embed/lib/rv32imafc/ilp32f\libm.a(lib_a-w_atan2.o)
                              ./zf_device/zf_device_gnss.o (atan2)
f:/mounriver_studio_setup_v191/mounriver_studio/toolchain/risc-v embedded gcc/bin/../lib/gcc/riscv-none-embed/8.2.0/../../../../riscv-none-embed/lib/rv32imafc/ilp32f\libm.a(lib_a-w_pow.o)
                              ./zf_device/zf_device_camera.o (pow)
f:/mounriver_studio_setup_v191/mounriver_studio/toolchain/risc-v embedded gcc/bin/../lib/gcc/riscv-none-embed/8.2.0/../../../../riscv-none-embed/lib/rv32imafc/ilp32f\libm.a(lib_a-w_sqrt.o)
                              ./zf_device/zf_device_gnss.o (sqrt)
f:/mounriver_studio_setup_v191/mounriver_studio/toolchain/risc-v embedded gcc/bin/../lib/gcc/riscv-none-embed/8.2.0/../../../../riscv-none-embed/lib/rv32imafc/ilp32f\libm.a(lib_a-e_asin.o)
                              f:/mounriver_studio_setup_v191/mounriver_studio/toolchain/risc-v embedded gcc/bin/../lib/gcc/riscv-none-embed/8.2.0/../../../../riscv-none-embed/lib/rv32imafc/ilp32f\libm.a(lib_a-w_asin.o) (__ieee754_asin)
f:/mounriver_studio_setup_v191/mounriver_studio/toolchain/risc-v embedded gcc/bin/../lib/gcc/riscv-none-embed/8.2.0/../../../../riscv-none-embed/lib/rv32imafc/ilp32f\libm.a(lib_a-e_atan2.o)
                              f:/mounriver_studio_setup_v191/mounriver_studio/toolchain/risc-v embedded gcc/bin/../lib/gcc/riscv-none-embed/8.2.0/../../../../riscv-none-embed/lib/rv32imafc/ilp32f\libm.a(lib_a-w_atan2.o) (__ieee754_atan2)
f:/mounriver_studio_setup_v191/mounriver_studio/toolchain/risc-v embedded gcc/bin/../lib/gcc/riscv-none-embed/8.2.0/../../../../riscv-none-embed/lib/rv32imafc/ilp32f\libm.a(lib_a-e_pow.o)
                              f:/mounriver_studio_setup_v191/mounriver_studio/toolchain/risc-v embedded gcc/bin/../lib/gcc/riscv-none-embed/8.2.0/../../../../riscv-none-embed/lib/rv32imafc/ilp32f\libm.a(lib_a-w_pow.o) (__ieee754_pow)
f:/mounriver_studio_setup_v191/mounriver_studio/toolchain/risc-v embedded gcc/bin/../lib/gcc/riscv-none-embed/8.2.0/../../../../riscv-none-embed/lib/rv32imafc/ilp32f\libm.a(lib_a-e_rem_pio2.o)
                              f:/mounriver_studio_setup_v191/mounriver_studio/toolchain/risc-v embedded gcc/bin/../lib/gcc/riscv-none-embed/8.2.0/../../../../riscv-none-embed/lib/rv32imafc/ilp32f\libm.a(lib_a-s_cos.o) (__ieee754_rem_pio2)
f:/mounriver_studio_setup_v191/mounriver_studio/toolchain/risc-v embedded gcc/bin/../lib/gcc/riscv-none-embed/8.2.0/../../../../riscv-none-embed/lib/rv32imafc/ilp32f\libm.a(lib_a-e_sqrt.o)
                              f:/mounriver_studio_setup_v191/mounriver_studio/toolchain/risc-v embedded gcc/bin/../lib/gcc/riscv-none-embed/8.2.0/../../../../riscv-none-embed/lib/rv32imafc/ilp32f\libm.a(lib_a-w_sqrt.o) (__ieee754_sqrt)
f:/mounriver_studio_setup_v191/mounriver_studio/toolchain/risc-v embedded gcc/bin/../lib/gcc/riscv-none-embed/8.2.0/../../../../riscv-none-embed/lib/rv32imafc/ilp32f\libm.a(lib_a-k_cos.o)
                              f:/mounriver_studio_setup_v191/mounriver_studio/toolchain/risc-v embedded gcc/bin/../lib/gcc/riscv-none-embed/8.2.0/../../../../riscv-none-embed/lib/rv32imafc/ilp32f\libm.a(lib_a-s_cos.o) (__kernel_cos)
f:/mounriver_studio_setup_v191/mounriver_studio/toolchain/risc-v embedded gcc/bin/../lib/gcc/riscv-none-embed/8.2.0/../../../../riscv-none-embed/lib/rv32imafc/ilp32f\libm.a(lib_a-k_rem_pio2.o)
                              f:/mounriver_studio_setup_v191/mounriver_studio/toolchain/risc-v embedded gcc/bin/../lib/gcc/riscv-none-embed/8.2.0/../../../../riscv-none-embed/lib/rv32imafc/ilp32f\libm.a(lib_a-e_rem_pio2.o) (__kernel_rem_pio2)
f:/mounriver_studio_setup_v191/mounriver_studio/toolchain/risc-v embedded gcc/bin/../lib/gcc/riscv-none-embed/8.2.0/../../../../riscv-none-embed/lib/rv32imafc/ilp32f\libm.a(lib_a-k_sin.o)
[...]
Memory Configuration

Name             Origin             Length             Attributes
RAM              0x0000000020000040 0x000000000000fc00 xrw
FLASH            0x0000000000000000 0x0000000000040000 xr
*default*        0x0000000000000000 0xffffffffffffffff

Linker script and memory map

LOAD ./zf_driver/zf_driver_adc.o
LOAD ./zf_driver/zf_driver_delay.o
LOAD ./zf_driver/zf_driver_dvp.o
LOAD ./zf_driver/zf_driver_encoder.o
LOAD ./zf_driver/zf_driver_exti.o
LOAD ./zf_driver/zf_driver_flash.o
LOAD ./zf_driver/zf_driver_gpio.o
LOAD ./zf_driver/zf_driver_iic.o
LOAD ./zf_driver/zf_driver_pit.o
LOAD ./zf_driver/zf_driver_pwm.o
LOAD ./zf_driver/zf_driver_soft_iic.o
LOAD ./zf_driver/zf_driver_soft_spi.o
LOAD ./zf_driver/zf_driver_spi.o
LOAD ./zf_driver/zf_driver_timer.o
LOAD ./zf_driver/zf_driver_uart.o
LOAD ./zf_driver/zf_driver_usb_cdc.o
LOAD ./zf_device/zf_device_absolute_encoder.o
LOAD ./zf_device/zf_device_aht20.o
LOAD ./zf_device/zf_device_bluetooth_ch9141.o
LOAD ./zf_device/zf_device_camera.o
LOAD ./zf_device/zf_device_dl1a.o
LOAD ./zf_device/zf_device_dl1b.o
LOAD ./zf_device/zf_device_dm1xa.o
LOAD ./zf_device/zf_device_gnss.o
LOAD ./zf_device/zf_device_icm20602.o
LOAD ./zf_device/zf_device_imu660ra.o
LOAD ./zf_device/zf_device_imu963ra.o
LOAD ./zf_device/zf_device_ips114.o
LOAD ./zf_device/zf_device_ips200.o
LOAD ./zf_device/zf_device_k24c02.o
LOAD ./zf_device/zf_device_key.o
LOAD ./zf_device/zf_device_mpu6050.o
LOAD ./zf_device/zf_device_mt9v03x_dvp.o
LOAD ./zf_device/zf_device_oled.o
LOAD ./zf_device/zf_device_scc8660_dvp.o
LOAD ./zf_device/zf_device_tft180.o
LOAD ./zf_device/zf_device_type.o
LOAD ./zf_device/zf_device_virtual_oscilloscope.o
LOAD ./zf_device/zf_device_w25q32.o
LOAD ./zf_device/zf_device_wifi_spi.o
LOAD ./zf_device/zf_device_wifi_uart.o
LOAD ./zf_device/zf_device_wireless_ch573.o
LOAD ./zf_device/zf_device_wireless_uart.o
LOAD ./zf_components/seekfree_assistant.o
LOAD ./zf_components/seekfree_assistant_interface.o
LOAD ./zf_common/zf_common_clock.o
LOAD ./zf_common/zf_common_debug.o
LOAD ./zf_common/zf_common_fifo.o
LOAD ./zf_common/zf_common_font.o
LOAD ./zf_common/zf_common_function.o
LOAD ./zf_common/zf_common_interrupt.o
LOAD ./user_c/PID.o
LOAD ./user_c/isr.o
LOAD ./user_c/main.o
LOAD ./user_c/yj901s.o
LOAD ./sdk/Startup/startup_ch32v30x_D8C.o
LOAD ./sdk/Peripheral/ch32v30x_adc.o
LOAD ./sdk/Peripheral/ch32v30x_bkp.o
LOAD ./sdk/Peripheral/ch32v30x_can.o
LOAD ./sdk/Peripheral/ch32v30x_crc.o
LOAD ./sdk/Peripheral/ch32v30x_dac.o
LOAD ./sdk/Peripheral/ch32v30x_dbgmcu.o
LOAD ./sdk/Peripheral/ch32v30x_dma.o
LOAD ./sdk/Peripheral/ch32v30x_dvp.o
LOAD ./sdk/Peripheral/ch32v30x_eth.o
LOAD ./sdk/Peripheral/ch32v30x_exti.o
LOAD ./sdk/Peripheral/ch32v30x_flash.o
LOAD ./sdk/Peripheral/ch32v30x_fsmc.o
LOAD ./sdk/Peripheral/ch32v30x_gpio.o
LOAD ./sdk/Peripheral/ch32v30x_i2c.o
LOAD ./sdk/Peripheral/ch32v30x_iwdg.o
LOAD ./sdk/Peripheral/ch32v30x_misc.o
LOAD ./sdk/Peripheral/ch32v30x_opa.o
LOAD ./sdk/Peripheral/ch32v30x_pwr.o
LOAD ./sdk/Peripheral/ch32v30x_rcc.o
LOAD ./sdk/Peripheral/ch32v30x_rng.o
LOAD ./sdk/Peripheral/ch32v30x_rtc.o
LOAD ./sdk/Peripheral/ch32v30x_sdio.o
LOAD ./sdk/Peripheral/ch32v30x_spi.o
LOAD ./sdk/Peripheral/ch32v30x_tim.o
LOAD ./sdk/Peripheral/ch32v30x_usart.o
LOAD ./sdk/Peripheral/ch32v30x_usbotg_device.o
LOAD ./sdk/Peripheral/ch32v30x_wwdg.o
LOAD ./sdk/Core/core_riscv.o
LOAD f:/mounriver_studio_setup_v191/mounriver_studio/toolchain/risc-v embedded gcc/bin/../lib/gcc/riscv-none-embed/8.2.0/../../../../riscv-none-embed/lib/rv32imafc/ilp32f\libm.a
LOAD E:\学习\智能车\软件\v3.2\libraries\zf_device\libzf_device_config.a
LOAD f:/mounriver_studio_setup_v191/mounriver_studio/toolchain/risc-v embedded gcc/bin/../lib/gcc/riscv-none-embed/8.2.0/rv32imafc/ilp32f\libgcc.a
LOAD f:/mounriver_studio_setup_v191/mounriver_studio/toolchain/risc-v embedded gcc/bin/../lib/gcc/riscv-none-embed/8.2.0/../../../../riscv-none-embed/lib/rv32imafc/ilp32f\libg_nano.a
LOAD f:/mounriver_studio_setup_v191/mounriver_studio/toolchain/risc-v embedded gcc/bin/../lib/gcc/riscv-none-embed/8.2.0/../../../../riscv-none-embed/lib/rv32imafc/ilp32f\libc_nano.a
LOAD f:/mounriver_studio_setup_v191/mounriver_studio/toolchain/risc-v embedded gcc/bin/../lib/gcc/riscv-none-embed/8.2.0/rv32imafc/ilp32f\libgcc.a
START GROUP
LOAD f:/mounriver_studio_setup_v191/mounriver_studio/toolchain/risc-v embedded gcc/bin/../lib/gcc/riscv-none-embed/8.2.0/rv32imafc/ilp32f\libgcc.a
LOAD f:/mounriver_studio_setup_v191/mounriver_studio/toolchain/risc-v embedded gcc/bin/../lib/gcc/riscv-none-embed/8.2.0/../../../../riscv-none-embed/lib/rv32imafc/ilp32f\libc_nano.a
LOAD f:/mounriver_studio_setup_v191/mounriver_studio/toolchain/risc-v embedded gcc/bin/../lib/gcc/riscv-none-embed/8.2.0/../../../../riscv-none-embed/lib/rv32imafc/ilp32f\libnosys.a
END GROUP
START GROUP
LOAD f:/mounriver_studio_setup_v191/mounriver_studio/toolchain/risc-v embedded gcc/bin/../lib/gcc/riscv-none-embed/8.2.0/rv32imafc/ilp32f\libgcc.a
LOAD f:/mounriver_studio_setup_v191/mounriver_studio/toolchain/risc-v embedded gcc/bin/../lib/gcc/riscv-none-embed/8.2.0/../../../../riscv-none-embed/lib/rv32imafc/ilp32f\libc_nano.a
LOAD f:/mounriver_studio_setup_v191/mounriver_studio/toolchain/risc-v embedded gcc/bin/../lib/gcc/riscv-none-embed/8.2.0/../../../../riscv-none-embed/lib/rv32imafc/ilp32f\libnosys.a
END GROUP
                0x0000000000000800                __stack_size = 0x800
                [!provide]                        PROVIDE (_stack_size = __stack_size)

.init           0x0000000000000000       0x38
                0x0000000000000000                _sinit = .
                0x0000000000000000                . = ALIGN (0x4)
 *(SORT_NONE(.init))
 .init          0x0000000000000000       0x38 ./sdk/Startup/startup_ch32v30x_D8C.o
                0x0000000000000000                _start
                0x0000000000000038                . = ALIGN (0x4)
                0x0000000000000038                _einit = .

.vector         0x0000000000000038      0x1c8
 *(.vector)
 .vector        0x0000000000000038      0x1a0 ./sdk/Startup/startup_ch32v30x_D8C.o
                0x0000000000000200                . = ALIGN (0x40)
 *fill*         0x00000000000001d8       0x28 

.text           0x0000000000000200    0x1602c
                0x0000000000000200                . = ALIGN (0x4)
 *(.text)
 .text          0x0000000000000200       0xa8 f:/mounriver_studio_setup_v191/mounriver_studio/toolchain/risc-v embedded gcc/bin/../lib/gcc/riscv-none-embed/8.2.0/../../../../riscv-none-embed/lib/rv32imafc/ilp32f\libg_nano.a(lib_a-memset.o)
                0x0000000000000200                memset
 .text          0x00000000000002a8      0x11e f:/mounriver_studio_setup_v191/mounriver_studio/toolchain/risc-v embedded gcc/bin/../lib/gcc/riscv-none-embed/8.2.0/../../../../riscv-none-embed/lib/rv32imafc/ilp32f\libg_nano.a(lib_a-strcmp.o)
                0x00000000000002a8                strcmp
 *(.text.*)
 .text.system_delay_ms
                0x00000000000003c6       0xa2 ./zf_driver/zf_driver_delay.o
                0x00000000000003c6                system_delay_ms
 .text.system_delay_us
                0x0000000000000468       0xa4 ./zf_driver/zf_driver_delay.o
                0x0000000000000468                system_delay_us
 .text.dvp_gpio_init
                0x000000000000050c      0x102 ./zf_driver/zf_driver_dvp.o
                0x000000000000050c                dvp_gpio_init
 .text.dvp_camera_init
                0x000000000000060e       0x8c ./zf_driver/zf_driver_dvp.o
                0x000000000000060e                dvp_camera_init
 .text.gpio_set_level
                0x000000000000069a       0x78 ./zf_driver/zf_driver_gpio.o
                0x000000000000069a                gpio_set_level
 .text.gpio_get_level
                0x0000000000000712       0x42 ./zf_driver/zf_driver_gpio.o
                0x0000000000000712                gpio_get_level
 .text.gpio_toggle_level
                0x0000000000000754       0x6a ./zf_driver/zf_driver_gpio.o
                0x0000000000000754                gpio_toggle_level
 .text.gpio_init
                0x00000000000007be      0x15c ./zf_driver/zf_driver_gpio.o
                0x00000000000007be                gpio_init
 .text.pit_init
                0x000000000000091a      0x218 ./zf_driver/zf_driver_pit.o
                0x000000000000091a                pit_init
 .text.pwm_set_duty
                0x0000000000000b32      0x166 ./zf_driver/zf_driver_pwm.o
                0x0000000000000b32                pwm_set_duty
 .text.pwm_init
                0x0000000000000c98      0x416 ./zf_driver/zf_driver_pwm.o
                0x0000000000000c98                pwm_init
 .text.soft_iic_start
                0x00000000000010ae      0x128 ./zf_driver/zf_driver_soft_iic.o
 .text.soft_iic_stop
                0x00000000000011d6      0x142 ./zf_driver/zf_driver_soft_iic.o
 .text.soft_iic_send_ack
                0x0000000000001318      0x196 ./zf_driver/zf_driver_soft_iic.o
 .text.soft_iic_wait_ack
                0x00000000000014ae      0x160 ./zf_driver/zf_driver_soft_iic.o
 .text.soft_iic_send_data
                0x000000000000160e      0x16e ./zf_driver/zf_driver_soft_iic.o
 .text.soft_iic_read_data
                0x000000000000177c      0x1e8 ./zf_driver/zf_driver_soft_iic.o
 .text.soft_iic_sccb_write_register
                0x0000000000001964       0x80 ./zf_driver/zf_driver_soft_iic.o
                0x0000000000001964                soft_iic_sccb_write_register
 .text.soft_iic_sccb_read_register
                0x00000000000019e4       0xb4 ./zf_driver/zf_driver_soft_iic.o
                0x00000000000019e4                soft_iic_sccb_read_register
 .text.soft_iic_init
                0x0000000000001a98       0xb2 ./zf_driver/zf_driver_soft_iic.o
                0x0000000000001a98                soft_iic_init
 .text.spi_write_8bit_array
                0x0000000000001b4a       0x94 ./zf_driver/zf_driver_spi.o
                0x0000000000001b4a                spi_write_8bit_array
 .text.spi_transfer_8bit
                0x0000000000001bde       0xc2 ./zf_driver/zf_driver_spi.o
                0x0000000000001bde                spi_transfer_8bit
 .text.spi_init
                0x0000000000001ca0      0x2d4 ./zf_driver/zf_driver_spi.o
                0x0000000000001ca0                spi_init
 .text.timer_funciton_check
                0x0000000000001f74       0x66 ./zf_driver/zf_driver_timer.o
                0x0000000000001f74                timer_funciton_check
 .text.timer_clock_enable
                0x0000000000001fda       0xe2 ./zf_driver/zf_driver_timer.o
                0x0000000000001fda                timer_clock_enable
 .text.timer_get
                0x00000000000020bc       0xfe ./zf_driver/zf_driver_timer.o
                0x00000000000020bc                timer_get
 .text.timer_clear
                0x00000000000021ba       0xc4 ./zf_driver/zf_driver_timer.o
                0x00000000000021ba                timer_clear
 .text.uart_write_byte
                0x000000000000227e       0x56 ./zf_driver/zf_driver_uart.o
                0x000000000000227e                uart_write_byte
 .text.uart_write_buffer
                0x00000000000022d4       0x64 ./zf_driver/zf_driver_uart.o
                0x00000000000022d4                uart_write_buffer
 .text.uart_write_string
                0x0000000000002338       0x60 ./zf_driver/zf_driver_uart.o
                0x0000000000002338                uart_write_string
 .text.uart_rx_interrupt
                0x0000000000002398       0x84 ./zf_driver/zf_driver_uart.o
                0x0000000000002398                uart_rx_interrupt
 .text.uart_query_byte
                0x000000000000241c       0x5e ./zf_driver/zf_driver_uart.o
                0x000000000000241c                uart_query_byte
 .text.uart_init
                0x000000000000247a      0x5aa ./zf_driver/zf_driver_uart.o
                0x000000000000247a                uart_init
 .text.Send_data
                0x0000000000002a24       0x6c ./zf_driver/zf_driver_uart.o
                0x0000000000002a24                Send_data
 .text.bluetooth_ch9141_send_buffer
                0x0000000000002a90       0xb8 ./zf_device/zf_device_bluetooth_ch9141.o
                0x0000000000002a90                bluetooth_ch9141_send_buffer
 .text.bluetooth_ch9141_read_buffer
                0x0000000000002b48       0x58 ./zf_device/zf_device_bluetooth_ch9141.o
                0x0000000000002b48                bluetooth_ch9141_read_buffer
 .text.Camera_Pro
                0x0000000000002ba0       0x36 ./zf_device/zf_device_camera.o
                0x0000000000002ba0                Camera_Pro
 .text.Ostu     0x0000000000002bd6      0x36a ./zf_device/zf_device_camera.o
 .text.Thresholding
                0x0000000000002f40      0x112 ./zf_device/zf_device_camera.o
                0x0000000000002f40                Thresholding
 .text.Get_Line
                0x0000000000003052      0x4b8 ./zf_device/zf_device_camera.o
                0x0000000000003052                Get_Line
 .text.dm1xa_sound_callback
                0x000000000000350a       0xf6 ./zf_device/zf_device_dm1xa.o
                0x000000000000350a                dm1xa_sound_callback
 .text.dm1xa_light_callback
                0x0000000000003600       0x32 ./zf_device/zf_device_dm1xa.o
                0x0000000000003600                dm1xa_light_callback
 .text.mt9v03x_set_config
                0x0000000000003632      0x132 ./zf_device/zf_device_mt9v03x_dvp.o
 .text.mt9v03x_get_config
                0x0000000000003764      0x176 ./zf_device/zf_device_mt9v03x_dvp.o
 .text.mt9v03x_uart_check_id
                0x00000000000038da       0xda ./zf_device/zf_device_mt9v03x_dvp.o
 .text.mt9v03x_uart_handler
                0x00000000000039b4       0x4e ./zf_device/zf_device_mt9v03x_dvp.o
 .text.mt9v03x_dvp_handler
                0x0000000000003a02       0x14 ./zf_device/zf_device_mt9v03x_dvp.o
                0x0000000000003a02                mt9v03x_dvp_handler
 .text.mt9v03x_get_version
                0x0000000000003a16       0xb0 ./zf_device/zf_device_mt9v03x_dvp.o
                0x0000000000003a16                mt9v03x_get_version
 .text.mt9v03x_sccb_init
                0x0000000000003ac6       0xc6 ./zf_device/zf_device_mt9v03x_dvp.o
                0x0000000000003ac6                mt9v03x_sccb_init
 .text.mt9v03x_uart_init
                0x0000000000003b8c      0x2b0 ./zf_device/zf_device_mt9v03x_dvp.o
                0x0000000000003b8c                mt9v03x_uart_init
 .text.mt9v03x_init
                0x0000000000003e3c       0xa8 ./zf_device/zf_device_mt9v03x_dvp.o
                0x0000000000003e3c                mt9v03x_init
 .text.type_default_callback
                0x0000000000003ee4        0xe ./zf_device/zf_device_type.o
 .text.set_camera_type
                0x0000000000003ef2       0x52 ./zf_device/zf_device_type.o
                0x0000000000003ef2                set_camera_type
 .text.wifi_spi_wait_idle
                0x0000000000003f44       0x6c ./zf_device/zf_device_wifi_spi.o
 .text.wifi_spi_write
                0x0000000000003fb0       0x70 ./zf_device/zf_device_wifi_spi.o
 .text.wifi_spi_transfer_command
                0x0000000000004020       0x6e ./zf_device/zf_device_wifi_spi.o
 .text.wifi_spi_transfer_data
                0x000000000000408e       0xd4 ./zf_device/zf_device_wifi_spi.o
 .text.wifi_spi_set_parameter
                0x0000000000004162       0xa2 ./zf_device/zf_device_wifi_spi.o
 .text.wifi_spi_get_parameter
                0x0000000000004204       0x8c ./zf_device/zf_device_wifi_spi.o
 .text.wifi_spi_get_version
                0x0000000000004290       0x5a ./zf_device/zf_device_wifi_spi.o
 .text.wifi_spi_get_mac_addr
                0x00000000000042ea       0x5a ./zf_device/zf_device_wifi_spi.o
 .text.wifi_spi_get_ip_addr_port
                0x0000000000004344       0x5a ./zf_device/zf_device_wifi_spi.o
 .text.wifi_spi_wifi_connect
                0x000000000000439e       0x7c ./zf_device/zf_device_wifi_spi.o
                0x000000000000439e                wifi_spi_wifi_connect
 .text.wifi_spi_socket_connect
                0x000000000000441a       0x68 ./zf_device/zf_device_wifi_spi.o
                0x000000000000441a                wifi_spi_socket_connect
 .text.wifi_spi_send_buffer
                0x0000000000004482      0x138 ./zf_device/zf_device_wifi_spi.o
                0x0000000000004482                wifi_spi_send_buffer
 .text.wifi_spi_read_buffer
                0x00000000000045ba       0xda ./zf_device/zf_device_wifi_spi.o
                0x00000000000045ba                wifi_spi_read_buffer
 .text.get_mcu_version
                0x0000000000004694       0x58 ./zf_device/zf_device_wifi_spi.o
 .text.wifi_spi_init
                0x00000000000046ec      0x13e ./zf_device/zf_device_wifi_spi.o
                0x00000000000046ec                wifi_spi_init
 .text.wifi_uart_wait_ack
                0x000000000000482a       0xc6 ./zf_device/zf_device_wifi_uart.o
 .text.wifi_uart_clear_receive_buffer
                0x00000000000048f0       0x1e ./zf_device/zf_device_wifi_uart.o
 .text.wifi_uart_send_buffer
                0x000000000000490e      0x188 ./zf_device/zf_device_wifi_uart.o
                0x000000000000490e                wifi_uart_send_buffer
 .text.wifi_uart_read_buffer
                0x0000000000004a96       0x5c ./zf_device/zf_device_wifi_uart.o
                0x0000000000004a96                wifi_uart_read_buffer
 .text.wireless_uart_send_buffer
                0x0000000000004af2       0xb8 ./zf_device/zf_device_wireless_uart.o
                0x0000000000004af2                wireless_uart_send_buffer
 .text.wireless_uart_read_buffer
                0x0000000000004baa       0x5c ./zf_device/zf_device_wireless_uart.o
                0x0000000000004baa                wireless_uart_read_buffer
 .text.seekfree_assistant_camera_data_send
                0x0000000000004c06      0x116 ./zf_components/seekfree_assistant.o
                0x0000000000004c06                seekfree_assistant_camera_data_send
 .text.seekfree_assistant_camera_dot_send
                0x0000000000004d1c       0xc0 ./zf_components/seekfree_assistant.o
                0x0000000000004d1c                seekfree_assistant_camera_dot_send
 .text.seekfree_assistant_camera_information_config
                0x0000000000004ddc       0x7a ./zf_components/seekfree_assistant.o
                0x0000000000004ddc                seekfree_assistant_camera_information_config
 .text.seekfree_assistant_camera_send
                0x0000000000004e56       0x8c ./zf_components/seekfree_assistant.o
                0x0000000000004e56                seekfree_assistant_camera_send
 .text.seekfree_assistant_transfer
                0x0000000000004ee2       0x1a ./zf_components/seekfree_assistant_interface.o
                0x0000000000004ee2                seekfree_assistant_transfer
 .text.seekfree_assistant_receive
                0x0000000000004efc       0x18 ./zf_components/seekfree_assistant_interface.o
                0x0000000000004efc                seekfree_assistant_receive
 .text.seekfree_assistant_interface_init
                0x0000000000004f14       0xb4 ./zf_components/seekfree_assistant_interface.o
                0x0000000000004f14                seekfree_assistant_interface_init
 .text.clock_reset
                0x0000000000004fc8       0x76 ./zf_common/zf_common_clock.o
                0x0000000000004fc8                clock_reset
 .text.clock_set_freq
                0x000000000000503e      0x1e0 ./zf_common/zf_common_clock.o
                0x000000000000503e                clock_set_freq
 .text.clock_init
                0x000000000000521e       0x2e ./zf_common/zf_common_clock.o
                0x000000000000521e                clock_init
 .text.__NOP    0x000000000000524c       0x10 ./zf_common/zf_common_debug.o
 .text.debug_delay
                0x000000000000525c       0x52 ./zf_common/zf_common_debug.o
 .text.debug_protective_handler
                0x00000000000052ae        0xe ./zf_common/zf_common_debug.o
 .text.debug_uart_str_output
                0x00000000000052bc       0x20 ./zf_common/zf_common_debug.o
 .text.debug_output
                0x00000000000052dc      0x564 ./zf_common/zf_common_debug.o
 .text.debug_send_buffer
                0x0000000000005840       0x2a ./zf_common/zf_common_debug.o
                0x0000000000005840                debug_send_buffer
 .text.debug_read_ring_buffer
                0x000000000000586a       0x36 ./zf_common/zf_common_debug.o
                0x000000000000586a                debug_read_ring_buffer
 .text._write   0x00000000000058a0       0x7c ./zf_common/zf_common_debug.o
                0x00000000000058a0                _write
 .text.debug_assert_handler
                0x000000000000591c       0x68 ./zf_common/zf_common_debug.o
                0x000000000000591c                debug_assert_handler
 .text.debug_log_handler
                0x0000000000005984       0x4e ./zf_common/zf_common_debug.o
                0x0000000000005984                debug_log_handler
 .text.debug_output_struct_init
                0x00000000000059d2       0x5a ./zf_common/zf_common_debug.o
                0x00000000000059d2                debug_output_struct_init
 .text.debug_output_init
                0x0000000000005a2c       0xa8 ./zf_common/zf_common_debug.o
                0x0000000000005a2c                debug_output_init
 .text.debug_init
                0x0000000000005ad4       0x6c ./zf_common/zf_common_debug.o
                0x0000000000005ad4                debug_init
 .text.fifo_head_offset
                0x0000000000005b40      0x184 ./zf_common/zf_common_fifo.o
 .text.fifo_end_offset
                0x0000000000005cc4      0x184 ./zf_common/zf_common_fifo.o
 .text.fifo_clear
                0x0000000000005e48      0x24a ./zf_common/zf_common_fifo.o
                0x0000000000005e48                fifo_clear
 .text.fifo_used
                0x0000000000006092       0x7a ./zf_common/zf_common_fifo.o
                0x0000000000006092                fifo_used
 .text.fifo_write_element
                0x000000000000610c      0x260 ./zf_common/zf_common_fifo.o
                0x000000000000610c                fifo_write_element
 .text.fifo_write_buffer
                0x000000000000636c      0x5ea ./zf_common/zf_common_fifo.o
                0x000000000000636c                fifo_write_buffer
 .text.fifo_read_buffer
                0x0000000000006956      0x5a4 ./zf_common/zf_common_fifo.o
                0x0000000000006956                fifo_read_buffer
 .text.fifo_read_tail_buffer
                0x0000000000006efa      0x606 ./zf_common/zf_common_fifo.o
                0x0000000000006efa                fifo_read_tail_buffer
 .text.fifo_init
                0x0000000000007500      0x248 ./zf_common/zf_common_fifo.o
                0x0000000000007500                fifo_init
 .text.func_int_to_str
                0x0000000000007748      0x116 ./zf_common/zf_common_function.o
                0x0000000000007748                func_int_to_str
 .text.__enable_irq
                0x000000000000785e       0x18 ./zf_common/zf_common_interrupt.o
 .text.__disable_irq
                0x0000000000007876       0x14 ./zf_common/zf_common_interrupt.o
 .text.NVIC_EnableIRQ
                0x000000000000788a       0x32 ./zf_common/zf_common_interrupt.o
 .text.NVIC_DisableIRQ
                0x00000000000078bc       0x32 ./zf_common/zf_common_interrupt.o
 .text.NVIC_SetPriority
                0x00000000000078ee       0x2a ./zf_common/zf_common_interrupt.o
 .text.interrupt_enable
                0x0000000000007918       0x1e ./zf_common/zf_common_interrupt.o
                0x0000000000007918                interrupt_enable
 .text.interrupt_disable
                0x0000000000007936       0x1e ./zf_common/zf_common_interrupt.o
                0x0000000000007936                interrupt_disable
 .text.interrupt_set_priority
                0x0000000000007954       0x2a ./zf_common/zf_common_interrupt.o
                0x0000000000007954                interrupt_set_priority
 .text.interrupt_global_enable
                0x000000000000797e       0x32 ./zf_common/zf_common_interrupt.o
                0x000000000000797e                interrupt_global_enable
 .text.interrupt_global_disable
                0x00000000000079b0       0x2c ./zf_common/zf_common_interrupt.o
                0x00000000000079b0                interrupt_global_disable
 .text.interrupt_init
                0x00000000000079dc       0x18 ./zf_common/zf_common_interrupt.o
                0x00000000000079dc                interrupt_init
 .text.PID_Init
                0x00000000000079f4       0x58 ./user_c/PID.o
                0x00000000000079f4                PID_Init
 .text.PID_Calc
                0x0000000000007a4c      0x132 ./user_c/PID.o
                0x0000000000007a4c                PID_Calc
 .text.PID_DirveUse
                0x0000000000007b7e      0x130 ./user_c/PID.o
                0x0000000000007b7e                PID_DirveUse
 .text.USART1_IRQHandler
                0x0000000000007cae       0xc4 ./user_c/isr.o
                0x0000000000007cae                USART1_IRQHandler
 .text.USART2_IRQHandler
                0x0000000000007d72       0xc4 ./user_c/isr.o
                0x0000000000007d72                USART2_IRQHandler
 .text.USART3_IRQHandler
                0x0000000000007e36       0xc4 ./user_c/isr.o
                0x0000000000007e36                USART3_IRQHandler
 .text.UART4_IRQHandler
                0x0000000000007efa       0xc4 ./user_c/isr.o
                0x0000000000007efa                UART4_IRQHandler
 .text.UART5_IRQHandler
                0x0000000000007fbe       0xc2 ./user_c/isr.o
                0x0000000000007fbe                UART5_IRQHandler
 .text.UART6_IRQHandler
                0x0000000000008080       0xc4 ./user_c/isr.o
                0x0000000000008080                UART6_IRQHandler
 .text.UART7_IRQHandler
                0x0000000000008144       0xc8 ./user_c/isr.o
                0x0000000000008144                UART7_IRQHandler
 .text.UART8_IRQHandler
                0x000000000000820c       0xc0 ./user_c/isr.o
                0x000000000000820c                UART8_IRQHandler
 .text.DVP_IRQHandler
                0x00000000000082cc       0xd0 ./user_c/isr.o
                0x00000000000082cc                DVP_IRQHandler
 .text.EXTI0_IRQHandler
                0x000000000000839c       0xb4 ./user_c/isr.o
                0x000000000000839c                EXTI0_IRQHandler
 .text.EXTI1_IRQHandler
                0x0000000000008450       0xb4 ./user_c/isr.o
                0x0000000000008450                EXTI1_IRQHandler
 .text.EXTI2_IRQHandler
                0x0000000000008504       0xb4 ./user_c/isr.o
                0x0000000000008504                EXTI2_IRQHandler
 .text.EXTI3_IRQHandler
                0x00000000000085b8       0xb4 ./user_c/isr.o
                0x00000000000085b8                EXTI3_IRQHandler
 .text.EXTI4_IRQHandler
                0x000000000000866c       0xb4 ./user_c/isr.o
                0x000000000000866c                EXTI4_IRQHandler
 .text.EXTI9_5_IRQHandler
                0x0000000000008720      0x118 ./user_c/isr.o
                0x0000000000008720                EXTI9_5_IRQHandler
 .text.EXTI15_10_IRQHandler
                0x0000000000008838      0x132 ./user_c/isr.o
                0x0000000000008838                EXTI15_10_IRQHandler
 .text.TIM1_UP_IRQHandler
                0x000000000000896a       0xc0 ./user_c/isr.o
                0x000000000000896a                TIM1_UP_IRQHandler
 .text.TIM2_IRQHandler
                0x0000000000008a2a       0xc0 ./user_c/isr.o
                0x0000000000008a2a                TIM2_IRQHandler
 .text.TIM3_IRQHandler
                0x0000000000008aea       0xc2 ./user_c/isr.o
                0x0000000000008aea                TIM3_IRQHandler
 .text.TIM4_IRQHandler
                0x0000000000008bac       0xc0 ./user_c/isr.o
                0x0000000000008bac                TIM4_IRQHandler
 .text.TIM5_IRQHandler
                0x0000000000008c6c       0xc0 ./user_c/isr.o
                0x0000000000008c6c                TIM5_IRQHandler
 .text.TIM6_IRQHandler
                0x0000000000008d2c       0xb8 ./user_c/isr.o
                0x0000000000008d2c                TIM6_IRQHandler
 .text.TIM7_IRQHandler
                0x0000000000008de4       0xc0 ./user_c/isr.o
                0x0000000000008de4                TIM7_IRQHandler
 .text.TIM8_UP_IRQHandler
                0x0000000000008ea4       0xc0 ./user_c/isr.o
                0x0000000000008ea4                TIM8_UP_IRQHandler
 .text.TIM9_UP_IRQHandler
                0x0000000000008f64       0xc0 ./user_c/isr.o
                0x0000000000008f64                TIM9_UP_IRQHandler
 .text.TIM10_UP_IRQHandler
                0x0000000000009024       0xb8 ./user_c/isr.o
                0x0000000000009024                TIM10_UP_IRQHandler
 .text.NMI_Handler
                0x00000000000090dc       0x10 ./user_c/isr.o
                0x00000000000090dc                NMI_Handler
 .text.HardFault_Handler
                0x00000000000090ec        0x8 ./user_c/isr.o
                0x00000000000090ec                HardFault_Handler
 .text.wifi_spi
                0x00000000000090f4       0x3a ./user_c/main.o
                0x00000000000090f4                wifi_spi
 .text.main     0x000000000000912e       0xd4 ./user_c/main.o
                0x000000000000912e                main
 .text.pit_handler
                0x0000000000009202       0xda ./user_c/main.o
                0x0000000000009202                pit_handler
 .text.uart7_rx_interrupt_handler
                0x00000000000092dc      0x4a8 ./user_c/main.o
                0x00000000000092dc                uart7_rx_interrupt_handler
 .text.uart_rx_interrupt_handler
                0x0000000000009784      0x272 ./user_c/main.o
                0x0000000000009784                uart_rx_interrupt_handler
 .text.vector_handler
                0x00000000000099f6       0xbe ./sdk/Startup/startup_ch32v30x_D8C.o
                0x00000000000099fa                Ecall_M_Mode_Handler
                0x00000000000099fc                Ecall_U_Mode_Handler
                0x00000000000099fe                Break_Point_Handler
                0x0000000000009a00                SysTick_Handler
                0x0000000000009a02                SW_Handler
                0x0000000000009a04                WWDG_IRQHandler
                0x0000000000009a06                PVD_IRQHandler
                0x0000000000009a08                TAMPER_IRQHandler
                0x0000000000009a0a                RTC_IRQHandler
                0x0000000000009a0c                FLASH_IRQHandler
                0x0000000000009a0e                RCC_IRQHandler
                0x0000000000009a1a                DMA1_Channel1_IRQHandler
                0x0000000000009a1c                DMA1_Channel2_IRQHandler
                0x0000000000009a1e                DMA1_Channel3_IRQHandler
                0x0000000000009a20                DMA1_Channel4_IRQHandler
                0x0000000000009a22                DMA1_Channel5_IRQHandler
                0x0000000000009a24                DMA1_Channel6_IRQHandler
                0x0000000000009a26                DMA1_Channel7_IRQHandler
                0x0000000000009a28                ADC1_2_IRQHandler
                0x0000000000009a2a                USB_HP_CAN1_TX_IRQHandler
                0x0000000000009a2c                USB_LP_CAN1_RX0_IRQHandler
                0x0000000000009a2e                CAN1_RX1_IRQHandler
                0x0000000000009a30                CAN1_SCE_IRQHandler
                0x0000000000009a34                TIM1_BRK_IRQHandler
                0x0000000000009a38                TIM1_TRG_COM_IRQHandler
                0x0000000000009a3a                TIM1_CC_IRQHandler
                0x0000000000009a42                I2C1_EV_IRQHandler
                0x0000000000009a44                I2C1_ER_IRQHandler
                0x0000000000009a46                I2C2_EV_IRQHandler
                0x0000000000009a48                I2C2_ER_IRQHandler
                0x0000000000009a4a                SPI1_IRQHandler
                0x0000000000009a4c                SPI2_IRQHandler
                0x0000000000009a56                RTCAlarm_IRQHandler
                0x0000000000009a58                USBWakeUp_IRQHandler
                0x0000000000009a5a                TIM8_BRK_IRQHandler
                0x0000000000009a5e                TIM8_TRG_COM_IRQHandler
                0x0000000000009a60                TIM8_CC_IRQHandler
                0x0000000000009a62                RNG_IRQHandler
                0x0000000000009a64                FSMC_IRQHandler
                0x0000000000009a66                SDIO_IRQHandler
                0x0000000000009a6a                SPI3_IRQHandler
                0x0000000000009a74                DMA2_Channel1_IRQHandler
                0x0000000000009a76                DMA2_Channel2_IRQHandler
                0x0000000000009a78                DMA2_Channel3_IRQHandler
                0x0000000000009a7a                DMA2_Channel4_IRQHandler
                0x0000000000009a7c                DMA2_Channel5_IRQHandler
                0x0000000000009a7e                ETH_IRQHandler
                0x0000000000009a80                ETH_WKUP_IRQHandler
                0x0000000000009a82                CAN2_TX_IRQHandler
                0x0000000000009a84                CAN2_RX0_IRQHandler
                0x0000000000009a86                CAN2_RX1_IRQHandler
                0x0000000000009a88                CAN2_SCE_IRQHandler
                0x0000000000009a8c                USBHSWakeup_IRQHandler
                0x0000000000009a8e                USBHS_IRQHandler
                0x0000000000009a98                TIM9_BRK_IRQHandler
                0x0000000000009a9c                TIM9_TRG_COM_IRQHandler
                0x0000000000009a9e                TIM9_CC_IRQHandler
                0x0000000000009aa0                TIM10_BRK_IRQHandler
                0x0000000000009aa4                TIM10_TRG_COM_IRQHandler
                0x0000000000009aa6                TIM10_CC_IRQHandler
                0x0000000000009aa8                DMA2_Channel6_IRQHandler
                0x0000000000009aaa                DMA2_Channel7_IRQHandler
                0x0000000000009aac                DMA2_Channel8_IRQHandler
                0x0000000000009aae                DMA2_Channel9_IRQHandler
                0x0000000000009ab0                DMA2_Channel10_IRQHandler
                0x0000000000009ab2                DMA2_Channel11_IRQHandler
 .text.handle_reset
                0x0000000000009ab4       0x8a ./sdk/Startup/startup_ch32v30x_D8C.o
                0x0000000000009ab4                handle_reset
 .text.EXTI_GetITStatus
                0x0000000000009b3e       0x56 ./sdk/Peripheral/ch32v30x_exti.o
                0x0000000000009b3e                EXTI_GetITStatus
 .text.EXTI_ClearITPendingBit
                0x0000000000009b94       0x20 ./sdk/Peripheral/ch32v30x_exti.o
                0x0000000000009b94                EXTI_ClearITPendingBit
 .text.GPIO_Init
                0x0000000000009bb4      0x22a ./sdk/Peripheral/ch32v30x_gpio.o
                0x0000000000009bb4                GPIO_Init
 .text.GPIO_WriteBit
                0x0000000000009dde       0x38 ./sdk/Peripheral/ch32v30x_gpio.o
                0x0000000000009dde                GPIO_WriteBit
 .text.GPIO_PinRemapConfig
                0x0000000000009e16      0x1c8 ./sdk/Peripheral/ch32v30x_gpio.o
                0x0000000000009e16                GPIO_PinRemapConfig
 .text.RCC_GetClocksFreq
                0x0000000000009fde      0x2c6 ./sdk/Peripheral/ch32v30x_rcc.o
                0x0000000000009fde                RCC_GetClocksFreq
 .text.RCC_AHBPeriphClockCmd
                0x000000000000a2a4       0x46 ./sdk/Peripheral/ch32v30x_rcc.o
                0x000000000000a2a4                RCC_AHBPeriphClockCmd
 .text.RCC_APB2PeriphClockCmd
                0x000000000000a2ea       0x46 ./sdk/Peripheral/ch32v30x_rcc.o
                0x000000000000a2ea                RCC_APB2PeriphClockCmd
 .text.RCC_APB1PeriphClockCmd
                0x000000000000a330       0x46 ./sdk/Peripheral/ch32v30x_rcc.o
                0x000000000000a330                RCC_APB1PeriphClockCmd
 .text.RCC_APB2PeriphResetCmd
                0x000000000000a376       0x46 ./sdk/Peripheral/ch32v30x_rcc.o
                0x000000000000a376                RCC_APB2PeriphResetCmd
 .text.RCC_APB1PeriphResetCmd
                0x000000000000a3bc       0x46 ./sdk/Peripheral/ch32v30x_rcc.o
                0x000000000000a3bc                RCC_APB1PeriphResetCmd
 .text.SPI_I2S_DeInit
                0x000000000000a402       0x76 ./sdk/Peripheral/ch32v30x_spi.o
                0x000000000000a402                SPI_I2S_DeInit
 .text.SPI_Init
                0x000000000000a478       0xf8 ./sdk/Peripheral/ch32v30x_spi.o
                0x000000000000a478                SPI_Init
 .text.SPI_Cmd  0x000000000000a570       0x5a ./sdk/Peripheral/ch32v30x_spi.o
                0x000000000000a570                SPI_Cmd
 .text.TIM_TimeBaseInit
                0x000000000000a5ca      0x17e ./sdk/Peripheral/ch32v30x_tim.o
                0x000000000000a5ca                TIM_TimeBaseInit
 .text.TIM_OC1Init
                0x000000000000a748      0x19c ./sdk/Peripheral/ch32v30x_tim.o
                0x000000000000a748                TIM_OC1Init
 .text.TIM_OC2Init
                0x000000000000a8e4      0x1e2 ./sdk/Peripheral/ch32v30x_tim.o
                0x000000000000a8e4                TIM_OC2Init
 .text.TIM_OC3Init
                0x000000000000aac6      0x1dc ./sdk/Peripheral/ch32v30x_tim.o
                0x000000000000aac6                TIM_OC3Init
 .text.TIM_OC4Init
                0x000000000000aca2      0x176 ./sdk/Peripheral/ch32v30x_tim.o
                0x000000000000aca2                TIM_OC4Init
 .text.TIM_Cmd  0x000000000000ae18       0x58 ./sdk/Peripheral/ch32v30x_tim.o
                0x000000000000ae18                TIM_Cmd
 .text.TIM_CtrlPWMOutputs
                0x000000000000ae70       0x60 ./sdk/Peripheral/ch32v30x_tim.o
                0x000000000000ae70                TIM_CtrlPWMOutputs
 .text.TIM_ITConfig
                0x000000000000aed0       0x70 ./sdk/Peripheral/ch32v30x_tim.o
                0x000000000000aed0                TIM_ITConfig
 .text.TIM_OC1PreloadConfig
                0x000000000000af40       0x4c ./sdk/Peripheral/ch32v30x_tim.o
                0x000000000000af40                TIM_OC1PreloadConfig
 .text.TIM_OC2PreloadConfig
                0x000000000000af8c       0x5a ./sdk/Peripheral/ch32v30x_tim.o
                0x000000000000af8c                TIM_OC2PreloadConfig
 .text.TIM_OC3PreloadConfig
                0x000000000000afe6       0x4c ./sdk/Peripheral/ch32v30x_tim.o
                0x000000000000afe6                TIM_OC3PreloadConfig
 .text.TIM_OC4PreloadConfig
                0x000000000000b032       0x5a ./sdk/Peripheral/ch32v30x_tim.o
                0x000000000000b032                TIM_OC4PreloadConfig
 .text.TIM_OC1FastConfig
                0x000000000000b08c       0x4c ./sdk/Peripheral/ch32v30x_tim.o
                0x000000000000b08c                TIM_OC1FastConfig
 .text.TIM_OC2FastConfig
                0x000000000000b0d8       0x56 ./sdk/Peripheral/ch32v30x_tim.o
                0x000000000000b0d8                TIM_OC2FastConfig
 .text.TIM_OC3FastConfig
                0x000000000000b12e       0x4c ./sdk/Peripheral/ch32v30x_tim.o
                0x000000000000b12e                TIM_OC3FastConfig
 .text.TIM_OC4FastConfig
                0x000000000000b17a       0x56 ./sdk/Peripheral/ch32v30x_tim.o
                0x000000000000b17a                TIM_OC4FastConfig
 .text.TIM_GetITStatus
                0x000000000000b1d0       0x70 ./sdk/Peripheral/ch32v30x_tim.o
                0x000000000000b1d0                TIM_GetITStatus
 .text.TIM_ClearITPendingBit
                0x000000000000b240       0x2e ./sdk/Peripheral/ch32v30x_tim.o
                0x000000000000b240                TIM_ClearITPendingBit
 .text.USART_Init
                0x000000000000b26e      0x234 ./sdk/Peripheral/ch32v30x_usart.o
                0x000000000000b26e                USART_Init
 .text.USART_Cmd
                0x000000000000b4a2       0x60 ./sdk/Peripheral/ch32v30x_usart.o
                0x000000000000b4a2                USART_Cmd
 .text.USART_ITConfig
                0x000000000000b502       0xc4 ./sdk/Peripheral/ch32v30x_usart.o
                0x000000000000b502                USART_ITConfig
 .text.USART_SendData
                0x000000000000b5c6       0x2e ./sdk/Peripheral/ch32v30x_usart.o
                0x000000000000b5c6                USART_SendData
 .text.USART_GetFlagStatus
                0x000000000000b5f4       0x46 ./sdk/Peripheral/ch32v30x_usart.o
                0x000000000000b5f4                USART_GetFlagStatus
 .text.USART_GetITStatus
                0x000000000000b63a      0x102 ./sdk/Peripheral/ch32v30x_usart.o
                0x000000000000b63a                USART_GetITStatus
 .text.USART_ClearITPendingBit
                0x000000000000b73c       0x4e ./sdk/Peripheral/ch32v30x_usart.o
                0x000000000000b73c                USART_ClearITPendingBit
 .text.DevEP1_IN_Deal
                0x000000000000b78a       0x3e ./sdk/Peripheral/ch32v30x_usbotg_device.o
                0x000000000000b78a                DevEP1_IN_Deal
 .text.DevEP2_IN_Deal
                0x000000000000b7c8       0x3e ./sdk/Peripheral/ch32v30x_usbotg_device.o
                0x000000000000b7c8                DevEP2_IN_Deal
 .text.DevEP1_OUT_Deal
                0x000000000000b806       0x66 ./sdk/Peripheral/ch32v30x_usbotg_device.o
                0x000000000000b806                DevEP1_OUT_Deal
 .text.DevEP2_OUT_Deal
                0x000000000000b86c       0x66 ./sdk/Peripheral/ch32v30x_usbotg_device.o
                0x000000000000b86c                DevEP2_OUT_Deal
 .text.OTG_FS_IRQHandler
                0x000000000000b8d2      0xd16 ./sdk/Peripheral/ch32v30x_usbotg_device.o
                0x000000000000b8d2                OTG_FS_IRQHandler
 .text.pow      0x000000000000c5e8      0x324 f:/mounriver_studio_setup_v191/mounriver_studio/toolchain/risc-v embedded gcc/bin/../lib/gcc/riscv-none-embed/8.2.0/../../../../riscv-none-embed/lib/rv32imafc/ilp32f\libm.a(lib_a-w_pow.o)
                0x000000000000c5e8                pow
 .text.__ieee754_pow
                0x000000000000c90c      0xad6 f:/mounriver_studio_setup_v191/mounriver_studio/toolchain/risc-v embedded gcc/bin/../lib/gcc/riscv-none-embed/8.2.0/../../../../riscv-none-embed/lib/rv32imafc/ilp32f\libm.a(lib_a-e_pow.o)
                0x000000000000c90c                __ieee754_pow
 .text.__ieee754_sqrt
                0x000000000000d3e2      0x1d6 f:/mounriver_studio_setup_v191/mounriver_studio/toolchain/risc-v embedded gcc/bin/../lib/gcc/riscv-none-embed/8.2.0/../../../../riscv-none-embed/lib/rv32imafc/ilp32f\libm.a(lib_a-e_sqrt.o)
                0x000000000000d3e2                __ieee754_sqrt
 .text.fabs     0x000000000000d5b8        0x6 f:/mounriver_studio_setup_v191/mounriver_studio/toolchain/risc-v embedded gcc/bin/../lib/gcc/riscv-none-embed/8.2.0/../../../../riscv-none-embed/lib/rv32imafc/ilp32f\libm.a(lib_a-s_fabs.o)
                0x000000000000d5b8                fabs
 .text.finite   0x000000000000d5be        0xe f:/mounriver_studio_setup_v191/mounriver_studio/toolchain/risc-v embedded gcc/bin/../lib/gcc/riscv-none-embed/8.2.0/../../../../riscv-none-embed/lib/rv32imafc/ilp32f\libm.a(lib_a-s_finite.o)
                0x000000000000d5be                finite
 .text.matherr  0x000000000000d5cc        0x4 f:/mounriver_studio_setup_v191/mounriver_studio/toolchain/risc-v embedded gcc/bin/../lib/gcc/riscv-none-embed/8.2.0/../../../../riscv-none-embed/lib/rv32imafc/ilp32f\libm.a(lib_a-s_matherr.o)
                0x000000000000d5cc                matherr
 .text.nan      0x000000000000d5d0        0xe f:/mounriver_studio_setup_v191/mounriver_studio/toolchain/risc-v embedded gcc/bin/../lib/gcc/riscv-none-embed/8.2.0/../../../../riscv-none-embed/lib/rv32imafc/ilp32f\libm.a(lib_a-s_nan.o)
                0x000000000000d5d0                nan
 .text.rint     0x000000000000d5de      0x18c f:/mounriver_studio_setup_v191/mounriver_studio/toolchain/risc-v embedded gcc/bin/../lib/gcc/riscv-none-embed/8.2.0/../../../../riscv-none-embed/lib/rv32imafc/ilp32f\libm.a(lib_a-s_rint.o)
                0x000000000000d5de                rint
 .text.scalbn   0x000000000000d76a      0x140 f:/mounriver_studio_setup_v191/mounriver_studio/toolchain/risc-v embedded gcc/bin/../lib/gcc/riscv-none-embed/8.2.0/../../../../riscv-none-embed/lib/rv32imafc/ilp32f\libm.a(lib_a-s_scalbn.o)
                0x000000000000d76a                scalbn
 .text.copysign
                0x000000000000d8aa       0x16 f:/mounriver_studio_setup_v191/mounriver_studio/toolchain/risc-v embedded gcc/bin/../lib/gcc/riscv-none-embed/8.2.0/../../../../riscv-none-embed/lib/rv32imafc/ilp32f\libm.a(lib_a-s_copysign.o)
                0x000000000000d8aa                copysign
 .text.mt9v03x_write_and_check_word_sccb
                0x000000000000d8c0       0x92 E:\学习\智能车\软件\v3.2\libraries\zf_device\libzf_device_config.a(zf_device_config.o)
 .text.mt9v03x_write_word_sccb
                0x000000000000d952       0x34 E:\学习\智能车\软件\v3.2\libraries\zf_device\libzf_device_config.a(zf_device_config.o)
 .text.mt9v03x_read_word_sccb.constprop.0
                0x000000000000d986       0x36 E:\学习\智能车\软件\v3.2\libraries\zf_device\libzf_device_config.a(zf_device_config.o)
 .text.mt9v03x_sccb_check_id
                0x000000000000d9bc       0x5e E:\学习\智能车\软件\v3.2\libraries\zf_device\libzf_device_config.a(zf_device_config.o)
                0x000000000000d9bc                mt9v03x_sccb_check_id
 .text.mt9v03x_sccb_set_config
                0x000000000000da1a      0x5a2 E:\学习\智能车\软件\v3.2\libraries\zf_device\libzf_device_config.a(zf_device_config.o)
                0x000000000000da1a                mt9v03x_sccb_set_config
 .text.__adddf3
                0x000000000000dfbc      0xa0e f:/mounriver_studio_setup_v191/mounriver_studio/toolchain/risc-v embedded gcc/bin/../lib/gcc/riscv-none-embed/8.2.0/rv32imafc/ilp32f\libgcc.a(adddf3.o)
                0x000000000000dfbc                __adddf3
 .text.__divdf3
                0x000000000000e9ca      0x7ea f:/mounriver_studio_setup_v191/mounriver_studio/toolchain/risc-v embedded gcc/bin/../lib/gcc/riscv-none-embed/8.2.0/rv32imafc/ilp32f\libgcc.a(divdf3.o)
                0x000000000000e9ca                __divdf3
 .text.__eqdf2  0x000000000000f1b4       0x98 f:/mounriver_studio_setup_v191/mounriver_studio/toolchain/risc-v embedded gcc/bin/../lib/gcc/riscv-none-embed/8.2.0/rv32imafc/ilp32f\libgcc.a(eqdf2.o)
                0x000000000000f1b4                __nedf2
                0x000000000000f1b4                __eqdf2
 .text.__gedf2  0x000000000000f24c       0xb6 f:/mounriver_studio_setup_v191/mounriver_studio/toolchain/risc-v embedded gcc/bin/../lib/gcc/riscv-none-embed/8.2.0/rv32imafc/ilp32f\libgcc.a(gedf2.o)
                0x000000000000f24c                __gedf2
                0x000000000000f24c                __gtdf2
 .text.__ledf2  0x000000000000f302       0xb6 f:/mounriver_studio_setup_v191/mounriver_studio/toolchain/risc-v embedded gcc/bin/../lib/gcc/riscv-none-embed/8.2.0/rv32imafc/ilp32f\libgcc.a(ledf2.o)
                0x000000000000f302                __ledf2
                0x000000000000f302                __ltdf2
 .text.__muldf3
                0x000000000000f3b8      0x656 f:/mounriver_studio_setup_v191/mounriver_studio/toolchain/risc-v embedded gcc/bin/../lib/gcc/riscv-none-embed/8.2.0/rv32imafc/ilp32f\libgcc.a(muldf3.o)
                0x000000000000f3b8                __muldf3
 .text.__subdf3
                0x000000000000fa0e      0xa8c f:/mounriver_studio_setup_v191/mounriver_studio/toolchain/risc-v embedded gcc/bin/../lib/gcc/riscv-none-embed/8.2.0/rv32imafc/ilp32f\libgcc.a(subdf3.o)
                0x000000000000fa0e                __subdf3
 .text.__unorddf2
                0x000000000001049a       0x7c f:/mounriver_studio_setup_v191/mounriver_studio/toolchain/risc-v embedded gcc/bin/../lib/gcc/riscv-none-embed/8.2.0/rv32imafc/ilp32f\libgcc.a(unorddf2.o)
                0x000000000001049a                __unorddf2
 .text.__fixdfsi
                0x0000000000010516       0xd8 f:/mounriver_studio_setup_v191/mounriver_studio/toolchain/risc-v embedded gcc/bin/../lib/gcc/riscv-none-embed/8.2.0/rv32imafc/ilp32f\libgcc.a(fixdfsi.o)
                0x0000000000010516                __fixdfsi
 .text.__fixunsdfsi
                0x00000000000105ee       0x9e f:/mounriver_studio_setup_v191/mounriver_studio/toolchain/risc-v embedded gcc/bin/../lib/gcc/riscv-none-embed/8.2.0/rv32imafc/ilp32f\libgcc.a(fixunsdfsi.o)
                0x00000000000105ee                __fixunsdfsi
 .text.__floatsidf
                0x000000000001068c       0x70 f:/mounriver_studio_setup_v191/mounriver_studio/toolchain/risc-v embedded gcc/bin/../lib/gcc/riscv-none-embed/8.2.0/rv32imafc/ilp32f\libgcc.a(floatsidf.o)
                0x000000000001068c                __floatsidf
 .text.__floatunsidf
                0x00000000000106fc       0x66 f:/mounriver_studio_setup_v191/mounriver_studio/toolchain/risc-v embedded gcc/bin/../lib/gcc/riscv-none-embed/8.2.0/rv32imafc/ilp32f\libgcc.a(floatunsidf.o)
                0x00000000000106fc                __floatunsidf
 .text.__extendsfdf2
                0x0000000000010762       0xe8 f:/mounriver_studio_setup_v191/mounriver_studio/toolchain/risc-v embedded gcc/bin/../lib/gcc/riscv-none-embed/8.2.0/rv32imafc/ilp32f\libgcc.a(extendsfdf2.o)
                0x0000000000010762                __extendsfdf2
 .text.__truncdfsf2
                0x000000000001084a      0x31e f:/mounriver_studio_setup_v191/mounriver_studio/toolchain/risc-v embedded gcc/bin/../lib/gcc/riscv-none-embed/8.2.0/rv32imafc/ilp32f\libgcc.a(truncdfsf2.o)
                0x000000000001084a                __truncdfsf2
 .text.__clzsi2
                0x0000000000010b68       0x76 f:/mounriver_studio_setup_v191/mounriver_studio/toolchain/risc-v embedded gcc/bin/../lib/gcc/riscv-none-embed/8.2.0/rv32imafc/ilp32f\libgcc.a(_clzsi2.o)
                0x0000000000010b68                __clzsi2
 .text.__errno  0x0000000000010bde        0x8 f:/mounriver_studio_setup_v191/mounriver_studio/toolchain/risc-v embedded gcc/bin/../lib/gcc/riscv-none-embed/8.2.0/../../../../riscv-none-embed/lib/rv32imafc/ilp32f\libg_nano.a(lib_a-errno.o)
                0x0000000000010bde                __errno
 .text.malloc   0x0000000000010be6        0xa f:/mounriver_studio_setup_v191/mounriver_studio/toolchain/risc-v embedded gcc/bin/../lib/gcc/riscv-none-embed/8.2.0/../../../../riscv-none-embed/lib/rv32imafc/ilp32f\libg_nano.a(lib_a-malloc.o)
                0x0000000000010be6                malloc
 .text.free     0x0000000000010bf0        0xa f:/mounriver_studio_setup_v191/mounriver_studio/toolchain/risc-v embedded gcc/bin/../lib/gcc/riscv-none-embed/8.2.0/../../../../riscv-none-embed/lib/rv32imafc/ilp32f\libg_nano.a(lib_a-malloc.o)
                0x0000000000010bf0                free
 .text.memcpy   0x0000000000010bfa       0xb6 f:/mounriver_studio_setup_v191/mounriver_studio/toolchain/risc-v embedded gcc/bin/../lib/gcc/riscv-none-embed/8.2.0/../../../../riscv-none-embed/lib/rv32imafc/ilp32f\libg_nano.a(lib_a-memcpy.o)
                0x0000000000010bfa                memcpy
 .text._free_r  0x0000000000010cb0       0xa8 f:/mounriver_studio_setup_v191/mounriver_studio/toolchain/risc-v embedded gcc/bin/../lib/gcc/riscv-none-embed/8.2.0/../../../../riscv-none-embed/lib/rv32imafc/ilp32f\libg_nano.a(lib_a-nano-freer.o)
                0x0000000000010cb0                _free_r
 .text._malloc_r
                0x0000000000010d58       0xda f:/mounriver_studio_setup_v191/mounriver_studio/toolchain/risc-v embedded gcc/bin/../lib/gcc/riscv-none-embed/8.2.0/../../../../riscv-none-embed/lib/rv32imafc/ilp32f\libg_nano.a(lib_a-nano-mallocr.o)
                0x0000000000010d58                _malloc_r
 .text.__cvt    0x0000000000010e32       0xee f:/mounriver_studio_setup_v191/mounriver_studio/toolchain/risc-v embedded gcc/bin/../lib/gcc/riscv-none-embed/8.2.0/../../../../riscv-none-embed/lib/rv32imafc/ilp32f\libg_nano.a(lib_a-nano-vfprintf_float.o)
                0x0000000000010e32                __cvt
 .text.__exponent
                0x0000000000010f20       0x8c f:/mounriver_studio_setup_v191/mounriver_studio/toolchain/risc-v embedded gcc/bin/../lib/gcc/riscv-none-embed/8.2.0/../../../../riscv-none-embed/lib/rv32imafc/ilp32f\libg_nano.a(lib_a-nano-vfprintf_float.o)
                0x0000000000010f20                __exponent
 .text._printf_float
                0x0000000000010fac      0x4c4 f:/mounriver_studio_setup_v191/mounriver_studio/toolchain/risc-v embedded gcc/bin/../lib/gcc/riscv-none-embed/8.2.0/../../../../riscv-none-embed/lib/rv32imafc/ilp32f\libg_nano.a(lib_a-nano-vfprintf_float.o)
                0x0000000000010fac                _printf_float
 .text._printf_common
                0x0000000000011470      0x10c f:/mounriver_studio_setup_v191/mounriver_studio/toolchain/risc-v embedded gcc/bin/../lib/gcc/riscv-none-embed/8.2.0/../../../../riscv-none-embed/lib/rv32imafc/ilp32f\libg_nano.a(lib_a-nano-vfprintf_i.o)
                0x0000000000011470                _printf_common
 .text._printf_i
                0x000000000001157c      0x2ac f:/mounriver_studio_setup_v191/mounriver_studio/toolchain/risc-v embedded gcc/bin/../lib/gcc/riscv-none-embed/8.2.0/../../../../riscv-none-embed/lib/rv32imafc/ilp32f\libg_nano.a(lib_a-nano-vfprintf_i.o)
                0x000000000001157c                _printf_i
 .text.printf   0x0000000000011828       0x42 f:/mounriver_studio_setup_v191/mounriver_studio/toolchain/risc-v embedded gcc/bin/../lib/gcc/riscv-none-embed/8.2.0/../../../../riscv-none-embed/lib/rv32imafc/ilp32f\libg_nano.a(lib_a-printf.o)
                0x0000000000011828                iprintf
                0x0000000000011828                printf
 .text._puts_r  0x000000000001186a       0xde f:/mounriver_studio_setup_v191/mounriver_studio/toolchain/risc-v embedded gcc/bin/../lib/gcc/riscv-none-embed/8.2.0/../../../../riscv-none-embed/lib/rv32imafc/ilp32f\libg_nano.a(lib_a-puts.o)
                0x000000000001186a                _puts_r
 .text.puts     0x0000000000011948        0xc f:/mounriver_studio_setup_v191/mounriver_studio/toolchain/risc-v embedded gcc/bin/../lib/gcc/riscv-none-embed/8.2.0/../../../../riscv-none-embed/lib/rv32imafc/ilp32f\libg_nano.a(lib_a-puts.o)
                0x0000000000011948                puts
 .text._sbrk_r  0x0000000000011954       0x32 f:/mounriver_studio_setup_v191/mounriver_studio/toolchain/risc-v embedded gcc/bin/../lib/gcc/riscv-none-embed/8.2.0/../../../../riscv-none-embed/lib/rv32imafc/ilp32f\libg_nano.a(lib_a-sbrkr.o)
                0x0000000000011954                _sbrk_r
 .text.sprintf  0x0000000000011986       0x46 f:/mounriver_studio_setup_v191/mounriver_studio/toolchain/risc-v embedded gcc/bin/../lib/gcc/riscv-none-embed/8.2.0/../../../../riscv-none-embed/lib/rv32imafc/ilp32f\libg_nano.a(lib_a-sprintf.o)
                0x0000000000011986                siprintf
                0x0000000000011986                sprintf
 .text.sscanf   0x00000000000119cc       0x52 f:/mounriver_studio_setup_v191/mounriver_studio/toolchain/risc-v embedded gcc/bin/../lib/gcc/riscv-none-embed/8.2.0/../../../../riscv-none-embed/lib/rv32imafc/ilp32f\libg_nano.a(lib_a-sscanf.o)
                0x00000000000119cc                siscanf
                0x00000000000119cc                sscanf
 .text.__sread  0x0000000000011a1e       0x32 f:/mounriver_studio_setup_v191/mounriver_studio/toolchain/risc-v embedded gcc/bin/../lib/gcc/riscv-none-embed/8.2.0/../../../../riscv-none-embed/lib/rv32imafc/ilp32f\libg_nano.a(lib_a-stdio.o)
                0x0000000000011a1e                __sread
 .text.__seofread
                0x0000000000011a50        0x4 f:/mounriver_studio_setup_v191/mounriver_studio/toolchain/risc-v embedded gcc/bin/../lib/gcc/riscv-none-embed/8.2.0/../../../../riscv-none-embed/lib/rv32imafc/ilp32f\libg_nano.a(lib_a-stdio.o)
                0x0000000000011a50                __seofread
 .text.__swrite
                0x0000000000011a54       0x50 f:/mounriver_studio_setup_v191/mounriver_studio/toolchain/risc-v embedded gcc/bin/../lib/gcc/riscv-none-embed/8.2.0/../../../../riscv-none-embed/lib/rv32imafc/ilp32f\libg_nano.a(lib_a-stdio.o)
                0x0000000000011a54                __swrite
 .text.__sseek  0x0000000000011aa4       0x38 f:/mounriver_studio_setup_v191/mounriver_studio/toolchain/risc-v embedded gcc/bin/../lib/gcc/riscv-none-embed/8.2.0/../../../../riscv-none-embed/lib/rv32imafc/ilp32f\libg_nano.a(lib_a-stdio.o)
                0x0000000000011aa4                __sseek
 .text.__sclose
                0x0000000000011adc        0x6 f:/mounriver_studio_setup_v191/mounriver_studio/toolchain/risc-v embedded gcc/bin/../lib/gcc/riscv-none-embed/8.2.0/../../../../riscv-none-embed/lib/rv32imafc/ilp32f\libg_nano.a(lib_a-stdio.o)
                0x0000000000011adc                __sclose
 .text.strlen   0x0000000000011ae2       0x12 f:/mounriver_studio_setup_v191/mounriver_studio/toolchain/risc-v embedded gcc/bin/../lib/gcc/riscv-none-embed/8.2.0/../../../../riscv-none-embed/lib/rv32imafc/ilp32f\libg_nano.a(lib_a-strlen.o)
                0x0000000000011ae2                strlen
 .text.strstr   0x0000000000011af4       0x3e f:/mounriver_studio_setup_v191/mounriver_studio/toolchain/risc-v embedded gcc/bin/../lib/gcc/riscv-none-embed/8.2.0/../../../../riscv-none-embed/lib/rv32imafc/ilp32f\libg_nano.a(lib_a-strstr.o)
                0x0000000000011af4                strstr
 .text.__swbuf_r
                0x0000000000011b32       0xc6 f:/mounriver_studio_setup_v191/mounriver_studio/toolchain/risc-v embedded gcc/bin/../lib/gcc/riscv-none-embed/8.2.0/../../../../riscv-none-embed/lib/rv32imafc/ilp32f\libg_nano.a(lib_a-wbuf.o)
                0x0000000000011b32                __swbuf_r
 .text._write_r
                0x0000000000011bf8       0x36 f:/mounriver_studio_setup_v191/mounriver_studio/toolchain/risc-v embedded gcc/bin/../lib/gcc/riscv-none-embed/8.2.0/../../../../riscv-none-embed/lib/rv32imafc/ilp32f\libg_nano.a(lib_a-writer.o)
                0x0000000000011bf8                _write_r
 .text.__swsetup_r
                0x0000000000011c2e      0x112 f:/mounriver_studio_setup_v191/mounriver_studio/toolchain/risc-v embedded gcc/bin/../lib/gcc/riscv-none-embed/8.2.0/../../../../riscv-none-embed/lib/rv32imafc/ilp32f\libg_nano.a(lib_a-wsetup.o)
                0x0000000000011c2e                __swsetup_r
 .text._close_r
                0x0000000000011d40       0x32 f:/mounriver_studio_setup_v191/mounriver_studio/toolchain/risc-v embedded gcc/bin/../lib/gcc/riscv-none-embed/8.2.0/../../../../riscv-none-embed/lib/rv32imafc/ilp32f\libg_nano.a(lib_a-closer.o)
                0x0000000000011d40                _close_r
 .text.quorem   0x0000000000011d72      0x13a f:/mounriver_studio_setup_v191/mounriver_studio/toolchain/risc-v embedded gcc/bin/../lib/gcc/riscv-none-embed/8.2.0/../../../../riscv-none-embed/lib/rv32imafc/ilp32f\libg_nano.a(lib_a-dtoa.o)
 .text._dtoa_r  0x0000000000011eac      0xc04 f:/mounriver_studio_setup_v191/mounriver_studio/toolchain/risc-v embedded gcc/bin/../lib/gcc/riscv-none-embed/8.2.0/../../../../riscv-none-embed/lib/rv32imafc/ilp32f\libg_nano.a(lib_a-dtoa.o)
                0x0000000000011eac                _dtoa_r
 .text.__sflush_r
                0x0000000000012ab0      0x13e f:/mounriver_studio_setup_v191/mounriver_studio/toolchain/risc-v embedded gcc/bin/../lib/gcc/riscv-none-embed/8.2.0/../../../../riscv-none-embed/lib/rv32imafc/ilp32f\libg_nano.a(lib_a-fflush.o)
                0x0000000000012ab0                __sflush_r
 .text._fflush_r
                0x0000000000012bee       0x66 f:/mounriver_studio_setup_v191/mounriver_studio/toolchain/risc-v embedded gcc/bin/../lib/gcc/riscv-none-embed/8.2.0/../../../../riscv-none-embed/lib/rv32imafc/ilp32f\libg_nano.a(lib_a-fflush.o)
                0x0000000000012bee                _fflush_r
 .text.std      0x0000000000012c54       0x6a f:/mounriver_studio_setup_v191/mounriver_studio/toolchain/risc-v embedded gcc/bin/../lib/gcc/riscv-none-embed/8.2.0/../../../../riscv-none-embed/lib/rv32imafc/ilp32f\libg_nano.a(lib_a-findfp.o)
 .text._cleanup_r
                0x0000000000012cbe        0xa f:/mounriver_studio_setup_v191/mounriver_studio/toolchain/risc-v embedded gcc/bin/../lib/gcc/riscv-none-embed/8.2.0/../../../../riscv-none-embed/lib/rv32imafc/ilp32f\libg_nano.a(lib_a-findfp.o)
                0x0000000000012cbe                _cleanup_r
 .text.__sfmoreglue
                0x0000000000012cc8       0x48 f:/mounriver_studio_setup_v191/mounriver_studio/toolchain/risc-v embedded gcc/bin/../lib/gcc/riscv-none-embed/8.2.0/../../../../riscv-none-embed/lib/rv32imafc/ilp32f\libg_nano.a(lib_a-findfp.o)
                0x0000000000012cc8                __sfmoreglue
 .text.__sinit  0x0000000000012d10       0x6c f:/mounriver_studio_setup_v191/mounriver_studio/toolchain/risc-v embedded gcc/bin/../lib/gcc/riscv-none-embed/8.2.0/../../../../riscv-none-embed/lib/rv32imafc/ilp32f\libg_nano.a(lib_a-findfp.o)
                0x0000000000012d10                __sinit
 .text.__sfp    0x0000000000012d7c       0xa0 f:/mounriver_studio_setup_v191/mounriver_studio/toolchain/risc-v embedded gcc/bin/../lib/gcc/riscv-none-embed/8.2.0/../../../../riscv-none-embed/lib/rv32imafc/ilp32f\libg_nano.a(lib_a-findfp.o)
                0x0000000000012d7c                __sfp
 .text._fwalk_reent
                0x0000000000012e1c       0x6c f:/mounriver_studio_setup_v191/mounriver_studio/toolchain/risc-v embedded gcc/bin/../lib/gcc/riscv-none-embed/8.2.0/../../../../riscv-none-embed/lib/rv32imafc/ilp32f\libg_nano.a(lib_a-fwalk.o)
                0x0000000000012e1c                _fwalk_reent
 .text._localeconv_r
                0x0000000000012e88       0x18 f:/mounriver_studio_setup_v191/mounriver_studio/toolchain/risc-v embedded gcc/bin/../lib/gcc/riscv-none-embed/8.2.0/../../../../riscv-none-embed/lib/rv32imafc/ilp32f\libg_nano.a(lib_a-localeconv.o)
                0x0000000000012e88                _localeconv_r
 .text._lseek_r
                0x0000000000012ea0       0x36 f:/mounriver_studio_setup_v191/mounriver_studio/toolchain/risc-v embedded gcc/bin/../lib/gcc/riscv-none-embed/8.2.0/../../../../riscv-none-embed/lib/rv32imafc/ilp32f\libg_nano.a(lib_a-lseekr.o)
                0x0000000000012ea0                _lseek_r
 .text.__swhatbuf_r
                0x0000000000012ed6       0x5a f:/mounriver_studio_setup_v191/mounriver_studio/toolchain/risc-v embedded gcc/bin/../lib/gcc/riscv-none-embed/8.2.0/../../../../riscv-none-embed/lib/rv32imafc/ilp32f\libg_nano.a(lib_a-makebuf.o)
                0x0000000000012ed6                __swhatbuf_r
 .text.__smakebuf_r
                0x0000000000012f30       0xa2 f:/mounriver_studio_setup_v191/mounriver_studio/toolchain/risc-v embedded gcc/bin/../lib/gcc/riscv-none-embed/8.2.0/../../../../riscv-none-embed/lib/rv32imafc/ilp32f\libg_nano.a(lib_a-makebuf.o)
                0x0000000000012f30                __smakebuf_r
 .text.memchr   0x0000000000012fd2       0x1a f:/mounriver_studio_setup_v191/mounriver_studio/toolchain/risc-v embedded gcc/bin/../lib/gcc/riscv-none-embed/8.2.0/../../../../riscv-none-embed/lib/rv32imafc/ilp32f\libg_nano.a(lib_a-memchr.o)
                0x0000000000012fd2                memchr
 .text.__malloc_lock
                0x0000000000012fec        0x2 f:/mounriver_studio_setup_v191/mounriver_studio/toolchain/risc-v embedded gcc/bin/../lib/gcc/riscv-none-embed/8.2.0/../../../../riscv-none-embed/lib/rv32imafc/ilp32f\libg_nano.a(lib_a-mlock.o)
                0x0000000000012fec                __malloc_lock
 .text.__malloc_unlock
                0x0000000000012fee        0x2 f:/mounriver_studio_setup_v191/mounriver_studio/toolchain/risc-v embedded gcc/bin/../lib/gcc/riscv-none-embed/8.2.0/../../../../riscv-none-embed/lib/rv32imafc/ilp32f\libg_nano.a(lib_a-mlock.o)
                0x0000000000012fee                __malloc_unlock
 .text._Balloc  0x0000000000012ff0       0x88 f:/mounriver_studio_setup_v191/mounriver_studio/toolchain/risc-v embedded gcc/bin/../lib/gcc/riscv-none-embed/8.2.0/../../../../riscv-none-embed/lib/rv32imafc/ilp32f\libg_nano.a(lib_a-mprec.o)
                0x0000000000012ff0                _Balloc
 .text._Bfree   0x0000000000013078       0x44 f:/mounriver_studio_setup_v191/mounriver_studio/toolchain/risc-v embedded gcc/bin/../lib/gcc/riscv-none-embed/8.2.0/../../../../riscv-none-embed/lib/rv32imafc/ilp32f\libg_nano.a(lib_a-mprec.o)
                0x0000000000013078                _Bfree
 .text.__multadd
                0x00000000000130bc       0x98 f:/mounriver_studio_setup_v191/mounriver_studio/toolchain/risc-v embedded gcc/bin/../lib/gcc/riscv-none-embed/8.2.0/../../../../riscv-none-embed/lib/rv32imafc/ilp32f\libg_nano.a(lib_a-mprec.o)
                0x00000000000130bc                __multadd
 .text.__hi0bits
                0x0000000000013154       0x46 f:/mounriver_studio_setup_v191/mounriver_studio/toolchain/risc-v embedded gcc/bin/../lib/gcc/riscv-none-embed/8.2.0/../../../../riscv-none-embed/lib/rv32imafc/ilp32f\libg_nano.a(lib_a-mprec.o)
                0x0000000000013154                __hi0bits
 .text.__lo0bits
                0x000000000001319a       0x6a f:/mounriver_studio_setup_v191/mounriver_studio/toolchain/risc-v embedded gcc/bin/../lib/gcc/riscv-none-embed/8.2.0/../../../../riscv-none-embed/lib/rv32imafc/ilp32f\libg_nano.a(lib_a-mprec.o)
                0x000000000001319a                __lo0bits
 .text.__i2b    0x0000000000013204       0x1c f:/mounriver_studio_setup_v191/mounriver_studio/toolchain/risc-v embedded gcc/bin/../lib/gcc/riscv-none-embed/8.2.0/../../../../riscv-none-embed/lib/rv32imafc/ilp32f\libg_nano.a(lib_a-mprec.o)
                0x0000000000013204                __i2b
 .text.__multiply
                0x0000000000013220      0x144 f:/mounriver_studio_setup_v191/mounriver_studio/toolchain/risc-v embedded gcc/bin/../lib/gcc/riscv-none-embed/8.2.0/../../../../riscv-none-embed/lib/rv32imafc/ilp32f\libg_nano.a(lib_a-mprec.o)
                0x0000000000013220                __multiply
 .text.__pow5mult
                0x0000000000013364       0xbe f:/mounriver_studio_setup_v191/mounriver_studio/toolchain/risc-v embedded gcc/bin/../lib/gcc/riscv-none-embed/8.2.0/../../../../riscv-none-embed/lib/rv32imafc/ilp32f\libg_nano.a(lib_a-mprec.o)
                0x0000000000013364                __pow5mult
 .text.__lshift
                0x0000000000013422       0xce f:/mounriver_studio_setup_v191/mounriver_studio/toolchain/risc-v embedded gcc/bin/../lib/gcc/riscv-none-embed/8.2.0/../../../../riscv-none-embed/lib/rv32imafc/ilp32f\libg_nano.a(lib_a-mprec.o)
                0x0000000000013422                __lshift
 .text.__mcmp   0x00000000000134f0       0x32 f:/mounriver_studio_setup_v191/mounriver_studio/toolchain/risc-v embedded gcc/bin/../lib/gcc/riscv-none-embed/8.2.0/../../../../riscv-none-embed/lib/rv32imafc/ilp32f\libg_nano.a(lib_a-mprec.o)
                0x00000000000134f0                __mcmp
 .text.__mdiff  0x0000000000013522       0xf2 f:/mounriver_studio_setup_v191/mounriver_studio/toolchain/risc-v embedded gcc/bin/../lib/gcc/riscv-none-embed/8.2.0/../../../../riscv-none-embed/lib/rv32imafc/ilp32f\libg_nano.a(lib_a-mprec.o)
                0x0000000000013522                __mdiff
 .text.__d2b    0x0000000000013614       0xd4 f:/mounriver_studio_setup_v191/mounriver_studio/toolchain/risc-v embedded gcc/bin/../lib/gcc/riscv-none-embed/8.2.0/../../../../riscv-none-embed/lib/rv32imafc/ilp32f\libg_nano.a(lib_a-mprec.o)
                0x0000000000013614                __d2b
 .text._calloc_r
                0x00000000000136e8       0x28 f:/mounriver_studio_setup_v191/mounriver_studio/toolchain/risc-v embedded gcc/bin/../lib/gcc/riscv-none-embed/8.2.0/../../../../riscv-none-embed/lib/rv32imafc/ilp32f\libg_nano.a(lib_a-nano-callocr.o)
                0x00000000000136e8                _calloc_r
 .text.__ssputs_r
                0x0000000000013710       0xee f:/mounriver_studio_setup_v191/mounriver_studio/toolchain/risc-v embedded gcc/bin/../lib/gcc/riscv-none-embed/8.2.0/../../../../riscv-none-embed/lib/rv32imafc/ilp32f\libg_nano.a(lib_a-nano-svfprintf.o)
                0x0000000000013710                __ssputs_r
 .text._svfprintf_r
                0x00000000000137fe      0x27e f:/mounriver_studio_setup_v191/mounriver_studio/toolchain/risc-v embedded gcc/bin/../lib/gcc/riscv-none-embed/8.2.0/../../../../riscv-none-embed/lib/rv32imafc/ilp32f\libg_nano.a(lib_a-nano-svfprintf.o)
                0x00000000000137fe                _svfiprintf_r
                0x00000000000137fe                _svfprintf_r
 .text._sungetc_r
                0x0000000000013a7c       0x9a f:/mounriver_studio_setup_v191/mounriver_studio/toolchain/risc-v embedded gcc/bin/../lib/gcc/riscv-none-embed/8.2.0/../../../../riscv-none-embed/lib/rv32imafc/ilp32f\libg_nano.a(lib_a-nano-svfscanf.o)
                0x0000000000013a7c                _sungetc_r
 .text.__ssrefill_r
                0x0000000000013b16       0x48 f:/mounriver_studio_setup_v191/mounriver_studio/toolchain/risc-v embedded gcc/bin/../lib/gcc/riscv-none-embed/8.2.0/../../../../riscv-none-embed/lib/rv32imafc/ilp32f\libg_nano.a(lib_a-nano-svfscanf.o)
                0x0000000000013b16                __ssrefill_r
 .text.__ssvfscanf_r
                0x0000000000013b5e      0x3b6 f:/mounriver_studio_setup_v191/mounriver_studio/toolchain/risc-v embedded gcc/bin/../lib/gcc/riscv-none-embed/8.2.0/../../../../riscv-none-embed/lib/rv32imafc/ilp32f\libg_nano.a(lib_a-nano-svfscanf.o)
                0x0000000000013b5e                __ssvfiscanf_r
                0x0000000000013b5e                __ssvfscanf_r
 .text.__sfputc_r
                0x0000000000013f14       0x2a f:/mounriver_studio_setup_v191/mounriver_studio/toolchain/risc-v embedded gcc/bin/../lib/gcc/riscv-none-embed/8.2.0/../../../../riscv-none-embed/lib/rv32imafc/ilp32f\libg_nano.a(lib_a-nano-vfprintf.o)
 .text.__sfputs_r
                0x0000000000013f3e       0x44 f:/mounriver_studio_setup_v191/mounriver_studio/toolchain/risc-v embedded gcc/bin/../lib/gcc/riscv-none-embed/8.2.0/../../../../riscv-none-embed/lib/rv32imafc/ilp32f\libg_nano.a(lib_a-nano-vfprintf.o)
                0x0000000000013f3e                __sfputs_r
 .text._vfprintf_r
                0x0000000000013f82      0x2a0 f:/mounriver_studio_setup_v191/mounriver_studio/toolchain/risc-v embedded gcc/bin/../lib/gcc/riscv-none-embed/8.2.0/../../../../riscv-none-embed/lib/rv32imafc/ilp32f\libg_nano.a(lib_a-nano-vfprintf.o)
                0x0000000000013f82                _vfprintf_r
                0x0000000000013f82                _vfiprintf_r
 .text._scanf_chars
                0x0000000000014222       0xea f:/mounriver_studio_setup_v191/mounriver_studio/toolchain/risc-v embedded gcc/bin/../lib/gcc/riscv-none-embed/8.2.0/../../../../riscv-none-embed/lib/rv32imafc/ilp32f\libg_nano.a(lib_a-nano-vfscanf_i.o)
                0x0000000000014222                _scanf_chars
 .text._scanf_i
                0x000000000001430c      0x262 f:/mounriver_studio_setup_v191/mounriver_studio/toolchain/risc-v embedded gcc/bin/../lib/gcc/riscv-none-embed/8.2.0/../../../../riscv-none-embed/lib/rv32imafc/ilp32f\libg_nano.a(lib_a-nano-vfscanf_i.o)
                0x000000000001430c                _scanf_i
 .text._read_r  0x000000000001456e       0x36 f:/mounriver_studio_setup_v191/mounriver_studio/toolchain/risc-v embedded gcc/bin/../lib/gcc/riscv-none-embed/8.2.0/../../../../riscv-none-embed/lib/rv32imafc/ilp32f\libg_nano.a(lib_a-readr.o)
                0x000000000001456e                _read_r
 .text.__sccl   0x00000000000145a4       0x8e f:/mounriver_studio_setup_v191/mounriver_studio/toolchain/risc-v embedded gcc/bin/../lib/gcc/riscv-none-embed/8.2.0/../../../../riscv-none-embed/lib/rv32imafc/ilp32f\libg_nano.a(lib_a-sccl.o)
                0x00000000000145a4                __sccl
 .text._strtol_l.isra.0
                0x0000000000014632      0x142 f:/mounriver_studio_setup_v191/mounriver_studio/toolchain/risc-v embedded gcc/bin/../lib/gcc/riscv-none-embed/8.2.0/../../../../riscv-none-embed/lib/rv32imafc/ilp32f\libg_nano.a(lib_a-strtol.o)
 .text._strtol_r
                0x0000000000014774       0x16 f:/mounriver_studio_setup_v191/mounriver_studio/toolchain/risc-v embedded gcc/bin/../lib/gcc/riscv-none-embed/8.2.0/../../../../riscv-none-embed/lib/rv32imafc/ilp32f\libg_nano.a(lib_a-strtol.o)
                0x0000000000014774                _strtol_r
 .text._strtoul_l.isra.0
                0x000000000001478a      0x138 f:/mounriver_studio_setup_v191/mounriver_studio/toolchain/risc-v embedded gcc/bin/../lib/gcc/riscv-none-embed/8.2.0/../../../../riscv-none-embed/lib/rv32imafc/ilp32f\libg_nano.a(lib_a-strtoul.o)
 .text._strtoul_r
                0x00000000000148c2       0x16 f:/mounriver_studio_setup_v191/mounriver_studio/toolchain/risc-v embedded gcc/bin/../lib/gcc/riscv-none-embed/8.2.0/../../../../riscv-none-embed/lib/rv32imafc/ilp32f\libg_nano.a(lib_a-strtoul.o)
                0x00000000000148c2                _strtoul_r
 .text.__submore
                0x00000000000148d8       0x8a f:/mounriver_studio_setup_v191/mounriver_studio/toolchain/risc-v embedded gcc/bin/../lib/gcc/riscv-none-embed/8.2.0/../../../../riscv-none-embed/lib/rv32imafc/ilp32f\libg_nano.a(lib_a-ungetc.o)
                0x00000000000148d8                __submore
 .text._fstat_r
                0x0000000000014962       0x32 f:/mounriver_studio_setup_v191/mounriver_studio/toolchain/risc-v embedded gcc/bin/../lib/gcc/riscv-none-embed/8.2.0/../../../../riscv-none-embed/lib/rv32imafc/ilp32f\libg_nano.a(lib_a-fstatr.o)
                0x0000000000014962                _fstat_r
 .text._isatty_r
                0x0000000000014994       0x30 f:/mounriver_studio_setup_v191/mounriver_studio/toolchain/risc-v embedded gcc/bin/../lib/gcc/riscv-none-embed/8.2.0/../../../../riscv-none-embed/lib/rv32imafc/ilp32f\libg_nano.a(lib_a-isattyr.o)
                0x0000000000014994                _isatty_r
 .text.__locale_ctype_ptr_l
                0x00000000000149c4        0x6 f:/mounriver_studio_setup_v191/mounriver_studio/toolchain/risc-v embedded gcc/bin/../lib/gcc/riscv-none-embed/8.2.0/../../../../riscv-none-embed/lib/rv32imafc/ilp32f\libg_nano.a(lib_a-locale.o)
                0x00000000000149c4                __locale_ctype_ptr_l
 .text.__locale_ctype_ptr
                0x00000000000149ca       0x18 f:/mounriver_studio_setup_v191/mounriver_studio/toolchain/risc-v embedded gcc/bin/../lib/gcc/riscv-none-embed/8.2.0/../../../../riscv-none-embed/lib/rv32imafc/ilp32f\libg_nano.a(lib_a-locale.o)
                0x00000000000149ca                __locale_ctype_ptr
 .text.__ascii_mbtowc
                0x00000000000149e2       0x3a f:/mounriver_studio_setup_v191/mounriver_studio/toolchain/risc-v embedded gcc/bin/../lib/gcc/riscv-none-embed/8.2.0/../../../../riscv-none-embed/lib/rv32imafc/ilp32f\libg_nano.a(lib_a-mbtowc_r.o)
                0x00000000000149e2                __ascii_mbtowc
 .text.memmove  0x0000000000014a1c       0x4a f:/mounriver_studio_setup_v191/mounriver_studio/toolchain/risc-v embedded gcc/bin/../lib/gcc/riscv-none-embed/8.2.0/../../../../riscv-none-embed/lib/rv32imafc/ilp32f\libg_nano.a(lib_a-memmove.o)
                0x0000000000014a1c                memmove
 .text._realloc_r
                0x0000000000014a66       0x58 f:/mounriver_studio_setup_v191/mounriver_studio/toolchain/risc-v embedded gcc/bin/../lib/gcc/riscv-none-embed/8.2.0/../../../../riscv-none-embed/lib/rv32imafc/ilp32f\libg_nano.a(lib_a-nano-reallocr.o)
                0x0000000000014a66                _realloc_r
 .text.__ascii_wctomb
                0x0000000000014abe       0x20 f:/mounriver_studio_setup_v191/mounriver_studio/toolchain/risc-v embedded gcc/bin/../lib/gcc/riscv-none-embed/8.2.0/../../../../riscv-none-embed/lib/rv32imafc/ilp32f\libg_nano.a(lib_a-wctomb_r.o)
                0x0000000000014abe                __ascii_wctomb
 .text._malloc_usable_size_r
                0x0000000000014ade       0x14 f:/mounriver_studio_setup_v191/mounriver_studio/toolchain/risc-v embedded gcc/bin/../lib/gcc/riscv-none-embed/8.2.0/../../../../riscv-none-embed/lib/rv32imafc/ilp32f\libg_nano.a(lib_a-nano-msizer.o)
                0x0000000000014ade                _malloc_usable_size_r
 .text.__trunctfdf2
                0x0000000000014af2      0x3d0 f:/mounriver_studio_setup_v191/mounriver_studio/toolchain/risc-v embedded gcc/bin/../lib/gcc/riscv-none-embed/8.2.0/rv32imafc/ilp32f\libgcc.a(trunctfdf2.o)
                0x0000000000014af2                __trunctfdf2
 .text._close   0x0000000000014ec2       0x10 f:/mounriver_studio_setup_v191/mounriver_studio/toolchain/risc-v embedded gcc/bin/../lib/gcc/riscv-none-embed/8.2.0/../../../../riscv-none-embed/lib/rv32imafc/ilp32f\libnosys.a(close.o)
                0x0000000000014ec2                _close
 .text._fstat   0x0000000000014ed2       0x10 f:/mounriver_studio_setup_v191/mounriver_studio/toolchain/risc-v embedded gcc/bin/../lib/gcc/riscv-none-embed/8.2.0/../../../../riscv-none-embed/lib/rv32imafc/ilp32f\libnosys.a(fstat.o)
                0x0000000000014ed2                _fstat
 .text._isatty  0x0000000000014ee2       0x10 f:/mounriver_studio_setup_v191/mounriver_studio/toolchain/risc-v embedded gcc/bin/../lib/gcc/riscv-none-embed/8.2.0/../../../../riscv-none-embed/lib/rv32imafc/ilp32f\libnosys.a(isatty.o)
                0x0000000000014ee2                _isatty
 .text._lseek   0x0000000000014ef2       0x10 f:/mounriver_studio_setup_v191/mounriver_studio/toolchain/risc-v embedded gcc/bin/../lib/gcc/riscv-none-embed/8.2.0/../../../../riscv-none-embed/lib/rv32imafc/ilp32f\libnosys.a(lseek.o)
                0x0000000000014ef2                _lseek
 .text._read    0x0000000000014f02       0x10 f:/mounriver_studio_setup_v191/mounriver_studio/toolchain/risc-v embedded gcc/bin/../lib/gcc/riscv-none-embed/8.2.0/../../../../riscv-none-embed/lib/rv32imafc/ilp32f\libnosys.a(read.o)
                0x0000000000014f02                _read
 .text._sbrk    0x0000000000014f12       0x24 f:/mounriver_studio_setup_v191/mounriver_studio/toolchain/risc-v embedded gcc/bin/../lib/gcc/riscv-none-embed/8.2.0/../../../../riscv-none-embed/lib/rv32imafc/ilp32f\libnosys.a(sbrk.o)
                0x0000000000014f12                _sbrk
 *(.rodata)
 *fill*         0x0000000000014f36        0x2 
 .rodata        0x0000000000014f38       0x65 ./zf_driver/zf_driver_pit.o
 *fill*         0x0000000000014f9d        0x3 
 .rodata        0x0000000000014fa0       0x3d ./zf_driver/zf_driver_pwm.o
 *fill*         0x0000000000014fdd        0x3 
 .rodata        0x0000000000014fe0       0x42 ./zf_driver/zf_driver_soft_iic.o
 *fill*         0x0000000000015022        0x2 
 .rodata        0x0000000000015024       0x3d ./zf_driver/zf_driver_spi.o
 *fill*         0x0000000000015061        0x3 
 .rodata        0x0000000000015064       0x3e ./zf_driver/zf_driver_uart.o
 *fill*         0x00000000000150a2        0x2 
 .rodata        0x00000000000150a4       0x4a ./zf_device/zf_device_bluetooth_ch9141.o
 *fill*         0x00000000000150ee        0x2 
 .rodata        0x00000000000150f0      0x184 ./zf_device/zf_device_camera.o
 *fill*         0x0000000000015274        0x4 
 .rodata        0x0000000000015278        0x8 ./zf_device/zf_device_dm1xa.o
 .rodata        0x0000000000015280       0xfc ./zf_device/zf_device_mt9v03x_dvp.o
 .rodata        0x000000000001537c       0x90 ./zf_device/zf_device_wifi_spi.o
 .rodata        0x000000000001540c      0x2ba ./zf_device/zf_device_wifi_uart.o
 *fill*         0x00000000000156c6        0x2 
 .rodata        0x00000000000156c8       0x47 ./zf_device/zf_device_wireless_uart.o
 *fill*         0x000000000001570f        0x1 
 .rodata        0x0000000000015710       0x46 ./zf_components/seekfree_assistant.o
 *fill*         0x0000000000015756        0x2 
 .rodata        0x0000000000015758       0x78 ./zf_common/zf_common_debug.o
 .rodata        0x00000000000157d0       0x3e ./zf_common/zf_common_fifo.o
 *fill*         0x000000000001580e        0x2 
 .rodata        0x0000000000015810       0x80 ./zf_common/zf_common_function.o
 .rodata        0x0000000000015890       0x18 ./user_c/PID.o
 .rodata        0x00000000000158a8       0xa8 ./user_c/main.o
 .rodata        0x0000000000015950       0x41 ./sdk/Peripheral/ch32v30x_usbotg_device.o
 *(.rodata*)
 *fill*         0x0000000000015991        0x3 
 .rodata.pit_init
                0x0000000000015994       0x28 ./zf_driver/zf_driver_pit.o
 .rodata.pwm_set_duty
                0x00000000000159bc       0x28 ./zf_driver/zf_driver_pwm.o
 .rodata.pwm_init
                0x00000000000159e4       0x28 ./zf_driver/zf_driver_pwm.o
 .rodata.spi_index
                0x0000000000015a0c        0xc ./zf_driver/zf_driver_spi.o
                0x0000000000015a0c                spi_index
 .rodata.timer_get
                0x0000000000015a18       0x28 ./zf_driver/zf_driver_timer.o
 .rodata.timer_clear
                0x0000000000015a40       0x28 ./zf_driver/zf_driver_timer.o
 .rodata.uart_index
                0x0000000000015a68       0x20 ./zf_driver/zf_driver_uart.o
                0x0000000000015a68                uart_index
 .rodata.seekfree_assistant_interface_init
                0x0000000000015a88       0x18 ./zf_components/seekfree_assistant_interface.o
 .rodata.uart7_rx_interrupt_handler
                0x0000000000015aa0       0x18 ./user_c/main.o
 .rodata.MyDevDescrHD
                0x0000000000015ab8       0x12 ./sdk/Peripheral/ch32v30x_usbotg_device.o
                0x0000000000015ab8                MyDevDescrHD
 *fill*         0x0000000000015aca        0x2 
 .rodata.MyCfgDescrHD
                0x0000000000015acc       0x43 ./sdk/Peripheral/ch32v30x_usbotg_device.o
                0x0000000000015acc                MyCfgDescrHD
 *fill*         0x0000000000015b0f        0x1 
 .rodata.MyReportDescHD
                0x0000000000015b10       0x14 ./sdk/Peripheral/ch32v30x_usbotg_device.o
                0x0000000000015b10                MyReportDescHD
 .rodata.MyManuInfoHD
                0x0000000000015b24        0xe ./sdk/Peripheral/ch32v30x_usbotg_device.o
                0x0000000000015b24                MyManuInfoHD
 *fill*         0x0000000000015b32        0x2 
 .rodata.MyProdInfoHD
                0x0000000000015b34        0xc ./sdk/Peripheral/ch32v30x_usbotg_device.o
                0x0000000000015b34                MyProdInfoHD
 .rodata.MySerNumInfoHD
                0x0000000000015b40       0x16 ./sdk/Peripheral/ch32v30x_usbotg_device.o
                0x0000000000015b40                MySerNumInfoHD
 *fill*         0x0000000000015b56        0x2 
 .rodata.MyUSBQUADescHD
                0x0000000000015b58        0xa ./sdk/Peripheral/ch32v30x_usbotg_device.o
                0x0000000000015b58                MyUSBQUADescHD
 *fill*         0x0000000000015b62        0x2 
 .rodata.OTG_FS_IRQHandler
                0x0000000000015b64       0xbc ./sdk/Peripheral/ch32v30x_usbotg_device.o
 .rodata.pow.cst8
                0x0000000000015c20       0x30 f:/mounriver_studio_setup_v191/mounriver_studio/toolchain/risc-v embedded gcc/bin/../lib/gcc/riscv-none-embed/8.2.0/../../../../riscv-none-embed/lib/rv32imafc/ilp32f\libm.a(lib_a-w_pow.o)
 .rodata.pow.str1.4
                0x0000000000015c50        0x4 f:/mounriver_studio_setup_v191/mounriver_studio/toolchain/risc-v embedded gcc/bin/../lib/gcc/riscv-none-embed/8.2.0/../../../../riscv-none-embed/lib/rv32imafc/ilp32f\libm.a(lib_a-w_pow.o)
 *fill*         0x0000000000015c54        0x4 
 .rodata.__ieee754_pow.cst8
                0x0000000000015c58      0x100 f:/mounriver_studio_setup_v191/mounriver_studio/toolchain/risc-v embedded gcc/bin/../lib/gcc/riscv-none-embed/8.2.0/../../../../riscv-none-embed/lib/rv32imafc/ilp32f\libm.a(lib_a-e_pow.o)
                                        0x110 (size before relaxing)
 .rodata.__ieee754_pow.str1.4
                0x0000000000015d58        0x4 f:/mounriver_studio_setup_v191/mounriver_studio/toolchain/risc-v embedded gcc/bin/../lib/gcc/riscv-none-embed/8.2.0/../../../../riscv-none-embed/lib/rv32imafc/ilp32f\libm.a(lib_a-e_pow.o)
                                          0x1 (size before relaxing)
 .rodata.nan.cst8
                0x0000000000015d58        0x8 f:/mounriver_studio_setup_v191/mounriver_studio/toolchain/risc-v embedded gcc/bin/../lib/gcc/riscv-none-embed/8.2.0/../../../../riscv-none-embed/lib/rv32imafc/ilp32f\libm.a(lib_a-s_nan.o)
 .rodata.TWO52  0x0000000000015d60       0x10 f:/mounriver_studio_setup_v191/mounriver_studio/toolchain/risc-v embedded gcc/bin/../lib/gcc/riscv-none-embed/8.2.0/../../../../riscv-none-embed/lib/rv32imafc/ilp32f\libm.a(lib_a-s_rint.o)
 .rodata.scalbn.cst8
                0x0000000000015d70       0x10 f:/mounriver_studio_setup_v191/mounriver_studio/toolchain/risc-v embedded gcc/bin/../lib/gcc/riscv-none-embed/8.2.0/../../../../riscv-none-embed/lib/rv32imafc/ilp32f\libm.a(lib_a-s_scalbn.o)
                                         0x20 (size before relaxing)
 .rodata.__divdf3
                0x0000000000015d80       0x40 f:/mounriver_studio_setup_v191/mounriver_studio/toolchain/risc-v embedded gcc/bin/../lib/gcc/riscv-none-embed/8.2.0/rv32imafc/ilp32f\libgcc.a(divdf3.o)
 .rodata.__muldf3
                0x0000000000015dc0       0x40 f:/mounriver_studio_setup_v191/mounriver_studio/toolchain/risc-v embedded gcc/bin/../lib/gcc/riscv-none-embed/8.2.0/rv32imafc/ilp32f\libgcc.a(muldf3.o)
 .rodata.__clz_tab
                0x0000000000015e00      0x100 f:/mounriver_studio_setup_v191/mounriver_studio/toolchain/risc-v embedded gcc/bin/../lib/gcc/riscv-none-embed/8.2.0/rv32imafc/ilp32f\libgcc.a(_clz.o)
                0x0000000000015e00                __clz_tab
 .rodata._printf_float.cst8
                0x0000000000015f00        0x8 f:/mounriver_studio_setup_v191/mounriver_studio/toolchain/risc-v embedded gcc/bin/../lib/gcc/riscv-none-embed/8.2.0/../../../../riscv-none-embed/lib/rv32imafc/ilp32f\libg_nano.a(lib_a-nano-vfprintf_float.o)
 .rodata._printf_float.str1.4
                0x0000000000015f08       0x12 f:/mounriver_studio_setup_v191/mounriver_studio/toolchain/risc-v embedded gcc/bin/../lib/gcc/riscv-none-embed/8.2.0/../../../../riscv-none-embed/lib/rv32imafc/ilp32f\libg_nano.a(lib_a-nano-vfprintf_float.o)
 *fill*         0x0000000000015f1a        0x2 
 .rodata._printf_i.str1.4
                0x0000000000015f1c       0x25 f:/mounriver_studio_setup_v191/mounriver_studio/toolchain/risc-v embedded gcc/bin/../lib/gcc/riscv-none-embed/8.2.0/../../../../riscv-none-embed/lib/rv32imafc/ilp32f\libg_nano.a(lib_a-nano-vfprintf_i.o)
 *fill*         0x0000000000015f41        0x7 
 .rodata._dtoa_r.cst8
                0x0000000000015f48       0x30 f:/mounriver_studio_setup_v191/mounriver_studio/toolchain/risc-v embedded gcc/bin/../lib/gcc/riscv-none-embed/8.2.0/../../../../riscv-none-embed/lib/rv32imafc/ilp32f\libg_nano.a(lib_a-dtoa.o)
                                         0x48 (size before relaxing)
 .rodata._dtoa_r.str1.4
                0x0000000000015f78       0x10 f:/mounriver_studio_setup_v191/mounriver_studio/toolchain/risc-v embedded gcc/bin/../lib/gcc/riscv-none-embed/8.2.0/../../../../riscv-none-embed/lib/rv32imafc/ilp32f\libg_nano.a(lib_a-dtoa.o)
                                         0x12 (size before relaxing)
 .rodata.__sf_fake_stderr
                0x0000000000015f88       0x20 f:/mounriver_studio_setup_v191/mounriver_studio/toolchain/risc-v embedded gcc/bin/../lib/gcc/riscv-none-embed/8.2.0/../../../../riscv-none-embed/lib/rv32imafc/ilp32f\libg_nano.a(lib_a-findfp.o)
                0x0000000000015f88                __sf_fake_stderr
 .rodata.__sf_fake_stdin
                0x0000000000015fa8       0x20 f:/mounriver_studio_setup_v191/mounriver_studio/toolchain/risc-v embedded gcc/bin/../lib/gcc/riscv-none-embed/8.2.0/../../../../riscv-none-embed/lib/rv32imafc/ilp32f\libg_nano.a(lib_a-findfp.o)
                0x0000000000015fa8                __sf_fake_stdin
 .rodata.__sf_fake_stdout
                0x0000000000015fc8       0x20 f:/mounriver_studio_setup_v191/mounriver_studio/toolchain/risc-v embedded gcc/bin/../lib/gcc/riscv-none-embed/8.2.0/../../../../riscv-none-embed/lib/rv32imafc/ilp32f\libg_nano.a(lib_a-findfp.o)
                0x0000000000015fc8                __sf_fake_stdout
 .rodata.__mprec_bigtens
                0x0000000000015fe8       0x28 f:/mounriver_studio_setup_v191/mounriver_studio/toolchain/risc-v embedded gcc/bin/../lib/gcc/riscv-none-embed/8.2.0/../../../../riscv-none-embed/lib/rv32imafc/ilp32f\libg_nano.a(lib_a-mprec.o)
                0x0000000000015fe8                __mprec_bigtens
 .rodata.__mprec_tens
                0x0000000000016010       0xc8 f:/mounriver_studio_setup_v191/mounriver_studio/toolchain/risc-v embedded gcc/bin/../lib/gcc/riscv-none-embed/8.2.0/../../../../riscv-none-embed/lib/rv32imafc/ilp32f\libg_nano.a(lib_a-mprec.o)
                0x0000000000016010                __mprec_tens
 .rodata.p05.3321
                0x00000000000160d8        0xc f:/mounriver_studio_setup_v191/mounriver_studio/toolchain/risc-v embedded gcc/bin/../lib/gcc/riscv-none-embed/8.2.0/../../../../riscv-none-embed/lib/rv32imafc/ilp32f\libg_nano.a(lib_a-mprec.o)
 .rodata._svfprintf_r.str1.4
                0x00000000000160e4       0x13 f:/mounriver_studio_setup_v191/mounriver_studio/toolchain/risc-v embedded gcc/bin/../lib/gcc/riscv-none-embed/8.2.0/../../../../riscv-none-embed/lib/rv32imafc/ilp32f\libg_nano.a(lib_a-nano-svfprintf.o)
 .rodata.__ssvfscanf_r.str1.4
                0x00000000000160f7        0x4 f:/mounriver_studio_setup_v191/mounriver_studio/toolchain/risc-v embedded gcc/bin/../lib/gcc/riscv-none-embed/8.2.0/../../../../riscv-none-embed/lib/rv32imafc/ilp32f\libg_nano.a(lib_a-nano-svfscanf.o)
 .rodata._vfprintf_r.str1.4
                0x00000000000160f7       0x13 f:/mounriver_studio_setup_v191/mounriver_studio/toolchain/risc-v embedded gcc/bin/../lib/gcc/riscv-none-embed/8.2.0/../../../../riscv-none-embed/lib/rv32imafc/ilp32f\libg_nano.a(lib_a-nano-vfprintf.o)
 *fill*         0x00000000000160f7        0x1 
 .rodata._scanf_i.str1.4
                0x00000000000160f8       0x12 f:/mounriver_studio_setup_v191/mounriver_studio/toolchain/risc-v embedded gcc/bin/../lib/gcc/riscv-none-embed/8.2.0/../../../../riscv-none-embed/lib/rv32imafc/ilp32f\libg_nano.a(lib_a-nano-vfscanf_i.o)
 *fill*         0x000000000001610a        0x2 
 .rodata.str1.4
                0x000000000001610c        0xb f:/mounriver_studio_setup_v191/mounriver_studio/toolchain/risc-v embedded gcc/bin/../lib/gcc/riscv-none-embed/8.2.0/../../../../riscv-none-embed/lib/rv32imafc/ilp32f\libg_nano.a(lib_a-nano-vfscanf_i.o)
 *fill*         0x0000000000016117        0x1 
 .rodata._setlocale_r.str1.4
                0x0000000000016118        0xa f:/mounriver_studio_setup_v191/mounriver_studio/toolchain/risc-v embedded gcc/bin/../lib/gcc/riscv-none-embed/8.2.0/../../../../riscv-none-embed/lib/rv32imafc/ilp32f\libg_nano.a(lib_a-locale.o)
                                          0xd (size before relaxing)
 *fill*         0x0000000000016122        0x2 
 .rodata.str1.4
                0x0000000000016124        0x4 f:/mounriver_studio_setup_v191/mounriver_studio/toolchain/risc-v embedded gcc/bin/../lib/gcc/riscv-none-embed/8.2.0/../../../../riscv-none-embed/lib/rv32imafc/ilp32f\libg_nano.a(lib_a-locale.o)
                                          0x2 (size before relaxing)
 .rodata._ctype_
                0x0000000000016128      0x101 f:/mounriver_studio_setup_v191/mounriver_studio/toolchain/risc-v embedded gcc/bin/../lib/gcc/riscv-none-embed/8.2.0/../../../../riscv-none-embed/lib/rv32imafc/ilp32f\libg_nano.a(lib_a-ctype_.o)
                0x0000000000016128                _ctype_
 *(.glue_7)
 *(.glue_7t)
 *(.gnu.linkonce.t.*)
                0x000000000001622c                . = ALIGN (0x4)
 *fill*         0x0000000000016229        0x3 

.rela.dyn       0x000000000001622c        0x0
 .rela.sdata.seekfree_assistant_transfer_callback
                0x000000000001622c        0x0 ./zf_driver/zf_driver_delay.o
 .rela.sdata.seekfree_assistant_receive_callback
                0x000000000001622c        0x0 ./zf_driver/zf_driver_delay.o
 .rela.text.main
                0x000000000001622c        0x0 ./zf_driver/zf_driver_delay.o
 .rela.init     0x000000000001622c        0x0 ./zf_driver/zf_driver_delay.o
 .rela.vector   0x000000000001622c        0x0 ./zf_driver/zf_driver_delay.o
 .rela.text.handle_reset
                0x000000000001622c        0x0 ./zf_driver/zf_driver_delay.o
 .rela.text._sbrk_r
                0x000000000001622c        0x0 ./zf_driver/zf_driver_delay.o
 .rela.text._write_r
                0x000000000001622c        0x0 ./zf_driver/zf_driver_delay.o
 .rela.text._close_r
                0x000000000001622c        0x0 ./zf_driver/zf_driver_delay.o
 .rela.text._lseek_r
                0x000000000001622c        0x0 ./zf_driver/zf_driver_delay.o
 .rela.text._svfprintf_r
                0x000000000001622c        0x0 ./zf_driver/zf_driver_delay.o
 .rela.text.__ssvfscanf_r
                0x000000000001622c        0x0 ./zf_driver/zf_driver_delay.o
 .rela.text._vfprintf_r
                0x000000000001622c        0x0 ./zf_driver/zf_driver_delay.o
 .rela.text._read_r
                0x000000000001622c        0x0 ./zf_driver/zf_driver_delay.o
 .rela.text._fstat_r
                0x000000000001622c        0x0 ./zf_driver/zf_driver_delay.o
 .rela.text._isatty_r
                0x000000000001622c        0x0 ./zf_driver/zf_driver_delay.o
 .rela.text._close
                0x000000000001622c        0x0 ./zf_driver/zf_driver_delay.o
 .rela.text._fstat
                0x000000000001622c        0x0 ./zf_driver/zf_driver_delay.o
 .rela.text._isatty
                0x000000000001622c        0x0 ./zf_driver/zf_driver_delay.o
 .rela.text._lseek
                0x000000000001622c        0x0 ./zf_driver/zf_driver_delay.o
 .rela.text._read