Archive member included to satisfy reference by file (symbol)

f:/mounriver_studio_setup_v191/mounriver_studio/toolchain/risc-v embedded gcc/bin/../lib/gcc/riscv-none-embed/8.2.0/../../../../riscv-none-embed/lib/rv32imafc/ilp32f\libm.a(lib_a-s_cos.o)
                              ./zf_device/zf_device_gnss.o (cos)
f:/mounriver_studio_setup_v191/mounriver_studio/toolchain/risc-v embedded gcc/bin/../lib/gcc/riscv-none-embed/8.2.0/../../../../riscv-none-embed/lib/rv32imafc/ilp32f\libm.a(lib_a-s_sin.o)
                              ./zf_device/zf_device_gnss.o (sin)
f:/mounriver_studio_setup_v191/mounriver_studio/toolchain/risc-v embedded gcc/bin/../lib/gcc/riscv-none-embed/8.2.0/../../../../riscv-none-embed/lib/rv32imafc/ilp32f\libm.a(lib_a-w_asin.o)
                              ./zf_device/zf_device_gnss.o (asin)
f:/mounriver_studio_setup_v191/mounriver_studio/toolchain/risc-v embedded gcc/bin/../lib/gcc/riscv-none-embed/8.2.0/../../../../riscv-none-embed/lib/rv32imafc/ilp32f\libm.a(lib_a-w_atan2.o)
                              ./zf_device/zf_device_gnss.o (atan2)
f:/mounriver_studio_setup_v191/mounriver_studio/toolchain/risc-v embedded gcc/bin/../lib/gcc/riscv-none-embed/8.2.0/../../../../riscv-none-embed/lib/rv32imafc/ilp32f\libm.a(lib_a-w_pow.o)
                              ./zf_device/zf_device_gnss.o (pow)
f:/mounriver_studio_setup_v191/mounriver_studio/toolchain/risc-v embedded gcc/bin/../lib/gcc/riscv-none-embed/8.2.0/../../../../riscv-none-embed/lib/rv32imafc/ilp32f\libm.a(lib_a-w_sqrt.o)
                              ./zf_device/zf_device_gnss.o (sqrt)
f:/mounriver_studio_setup_v191/mounriver_studio/toolchain/risc-v embedded gcc/bin/../lib/gcc/riscv-none-embed/8.2.0/../../../../riscv-none-embed/lib/rv32imafc/ilp32f\libm.a(lib_a-e_asin.o)
                              f:/mounriver_studio_setup_v191/mounriver_studio/toolchain/risc-v embedded gcc/bin/../lib/gcc/riscv-none-embed/8.2.0/../../../../riscv-none-embed/lib/rv32imafc/ilp32f\libm.a(lib_a-w_asin.o) (__ieee754_asin)
f:/mounriver_studio_setup_v191/mounriver_studio/toolchain/risc-v embedded gcc/bin/../lib/gcc/riscv-none-embed/8.2.0/../../../../riscv-none-embed/lib/rv32imafc/ilp32f\libm.a(lib_a-e_atan2.o)
                              f:/mounriver_studio_setup_v191/mounriver_studio/toolchain/risc-v embedded gcc/bin/../lib/gcc/riscv-none-embed/8.2.0/../../../../riscv-none-embed/lib/rv32imafc/ilp32f\libm.a(lib_a-w_atan2.o) (__ieee754_atan2)
f:/mounriver_studio_setup_v191/mounriver_studio/toolchain/risc-v embedded gcc/bin/../lib/gcc/riscv-none-embed/8.2.0/../../../../riscv-none-embed/lib/rv32imafc/ilp32f\libm.a(lib_a-e_pow.o)
                              f:/mounriver_studio_setup_v191/mounriver_studio/toolchain/risc-v embedded gcc/bin/../lib/gcc/riscv-none-embed/8.2.0/../../../../riscv-none-embed/lib/rv32imafc/ilp32f\libm.a(lib_a-w_pow.o) (__ieee754_pow)
f:/mounriver_studio_setup_v191/mounriver_studio/toolchain/risc-v embedded gcc/bin/../lib/gcc/riscv-none-embed/8.2.0/../../../../riscv-none-embed/lib/rv32imafc/ilp32f\libm.a(lib_a-e_rem_pio2.o)
                              f:/mounriver_studio_setup_v191/mounriver_studio/toolchain/risc-v embedded gcc/bin/../lib/gcc/riscv-none-embed/8.2.0/../../../../riscv-none-embed/lib/rv32imafc/ilp32f\libm.a(lib_a-s_cos.o) (__ieee754_rem_pio2)
f:/mounriver_studio_setup_v191/mounriver_studio/toolchain/risc-v embedded gcc/bin/../lib/gcc/riscv-none-embed/8.2.0/../../../../riscv-none-embed/lib/rv32imafc/ilp32f\libm.a(lib_a-e_sqrt.o)
                              f:/mounriver_studio_setup_v191/mounriver_studio/toolchain/risc-v embedded gcc/bin/../lib/gcc/riscv-none-embed/8.2.0/../../../../riscv-none-embed/lib/rv32imafc/ilp32f\libm.a(lib_a-w_sqrt.o) (__ieee754_sqrt)
f:/mounriver_studio_setup_v191/mounriver_studio/toolchain/risc-v embedded gcc/bin/../lib/gcc/riscv-none-embed/8.2.0/../../../../riscv-none-embed/lib/rv32imafc/ilp32f\libm.a(lib_a-k_cos.o)
                              f:/mounriver_studio_setup_v191/mounriver_studio/toolchain/risc-v embedded gcc/bin/../lib/gcc/riscv-none-embed/8.2.0/../../../../riscv-none-embed/lib/rv32imafc/ilp32f\libm.a(lib_a-s_cos.o) (__kernel_cos)
f:/mounriver_studio_setup_v191/mounriver_studio/toolchain/risc-v embedded gcc/bin/../lib/gcc/riscv-none-embed/8.2.0/../../../../riscv-none-embed/lib/rv32imafc/ilp32f\libm.a(lib_a-k_rem_pio2.o)
                              f:/mounriver_studio_setup_v191/mounriver_studio/toolchain/risc-v embedded gcc/bin/../lib/gcc/riscv-none-embed/8.2.0/../../../../riscv-none-embed/lib/rv32imafc/ilp32f\libm.a(lib_a-e_rem_pio2.o) (__kernel_rem_pio2)
f:/mounriver_studio_setup_v191/mounriver_studio/toolchain/risc-v embedded gcc/bin/../lib/gcc/riscv-none-embed/8.2.0/../../../../riscv-none-embed/lib/rv32imafc/ilp32f\libm.a(lib_a-k_sin.o)
                              f:/mounriver_studio_setup_v191/mounriver_studio/toolchain/risc-v embedded gcc/bin/../lib/gcc/riscv-none-embed/8.2.0/../../../../riscv-none-embed/lib/rv32imafc/ilp32f\libm.a(lib_a-s_cos.o) (__kernel_sin)
[...]
Memory Configuration

Name             Origin             Length             Attributes
RAM              0x0000000020000040 0x000000000000fc00 xrw
FLASH            0x0000000000000000 0x0000000000040000 xr
*default*        0x0000000000000000 0xffffffffffffffff

Linker script and memory map

LOAD ./zf_driver/zf_driver_adc.o
LOAD ./zf_driver/zf_driver_delay.o
LOAD ./zf_driver/zf_driver_dvp.o
LOAD ./zf_driver/zf_driver_encoder.o
LOAD ./zf_driver/zf_driver_exti.o
LOAD ./zf_driver/zf_driver_flash.o
LOAD ./zf_driver/zf_driver_gpio.o
LOAD ./zf_driver/zf_driver_iic.o
LOAD ./zf_driver/zf_driver_pit.o
LOAD ./zf_driver/zf_driver_pwm.o
LOAD ./zf_driver/zf_driver_soft_iic.o
LOAD ./zf_driver/zf_driver_soft_spi.o
LOAD ./zf_driver/zf_driver_spi.o
LOAD ./zf_driver/zf_driver_timer.o
LOAD ./zf_driver/zf_driver_uart.o
LOAD ./zf_driver/zf_driver_usb_cdc.o
LOAD ./zf_device/zf_device_absolute_encoder.o
LOAD ./zf_device/zf_device_aht20.o
LOAD ./zf_device/zf_device_bluetooth_ch9141.o
LOAD ./zf_device/zf_device_camera.o
LOAD ./zf_device/zf_device_dl1a.o
LOAD ./zf_device/zf_device_dl1b.o
LOAD ./zf_device/zf_device_dm1xa.o
LOAD ./zf_device/zf_device_gnss.o
LOAD ./zf_device/zf_device_icm20602.o
LOAD ./zf_device/zf_device_imu660ra.o
LOAD ./zf_device/zf_device_imu963ra.o
LOAD ./zf_device/zf_device_ips114.o
LOAD ./zf_device/zf_device_ips200.o
LOAD ./zf_device/zf_device_k24c02.o
LOAD ./zf_device/zf_device_key.o
LOAD ./zf_device/zf_device_mpu6050.o
LOAD ./zf_device/zf_device_mt9v03x_dvp.o
LOAD ./zf_device/zf_device_oled.o
LOAD ./zf_device/zf_device_scc8660_dvp.o
LOAD ./zf_device/zf_device_tft180.o
LOAD ./zf_device/zf_device_type.o
LOAD ./zf_device/zf_device_virtual_oscilloscope.o
LOAD ./zf_device/zf_device_w25q32.o
LOAD ./zf_device/zf_device_wifi_spi.o
LOAD ./zf_device/zf_device_wifi_uart.o
LOAD ./zf_device/zf_device_wireless_ch573.o
LOAD ./zf_device/zf_device_wireless_uart.o
LOAD ./zf_components/seekfree_assistant.o
LOAD ./zf_components/seekfree_assistant_interface.o
LOAD ./zf_common/zf_common_clock.o
LOAD ./zf_common/zf_common_debug.o
LOAD ./zf_common/zf_common_fifo.o
LOAD ./zf_common/zf_common_font.o
LOAD ./zf_common/zf_common_function.o
LOAD ./zf_common/zf_common_interrupt.o
LOAD ./user_c/PID.o
LOAD ./user_c/cam.o
LOAD ./user_c/isr.o
LOAD ./user_c/main.o
LOAD ./user_c/yj901s.o
LOAD ./sdk/Startup/startup_ch32v30x_D8C.o
LOAD ./sdk/Peripheral/ch32v30x_adc.o
LOAD ./sdk/Peripheral/ch32v30x_bkp.o
LOAD ./sdk/Peripheral/ch32v30x_can.o
LOAD ./sdk/Peripheral/ch32v30x_crc.o
LOAD ./sdk/Peripheral/ch32v30x_dac.o
LOAD ./sdk/Peripheral/ch32v30x_dbgmcu.o
LOAD ./sdk/Peripheral/ch32v30x_dma.o
LOAD ./sdk/Peripheral/ch32v30x_dvp.o
LOAD ./sdk/Peripheral/ch32v30x_eth.o
LOAD ./sdk/Peripheral/ch32v30x_exti.o
LOAD ./sdk/Peripheral/ch32v30x_flash.o
LOAD ./sdk/Peripheral/ch32v30x_fsmc.o
LOAD ./sdk/Peripheral/ch32v30x_gpio.o
LOAD ./sdk/Peripheral/ch32v30x_i2c.o
LOAD ./sdk/Peripheral/ch32v30x_iwdg.o
LOAD ./sdk/Peripheral/ch32v30x_misc.o
LOAD ./sdk/Peripheral/ch32v30x_opa.o
LOAD ./sdk/Peripheral/ch32v30x_pwr.o
LOAD ./sdk/Peripheral/ch32v30x_rcc.o
LOAD ./sdk/Peripheral/ch32v30x_rng.o
LOAD ./sdk/Peripheral/ch32v30x_rtc.o
LOAD ./sdk/Peripheral/ch32v30x_sdio.o
LOAD ./sdk/Peripheral/ch32v30x_spi.o
LOAD ./sdk/Peripheral/ch32v30x_tim.o
LOAD ./sdk/Peripheral/ch32v30x_usart.o
LOAD ./sdk/Peripheral/ch32v30x_usbotg_device.o
LOAD ./sdk/Peripheral/ch32v30x_wwdg.o
LOAD ./sdk/Core/core_riscv.o
LOAD f:/mounriver_studio_setup_v191/mounriver_studio/toolchain/risc-v embedded gcc/bin/../lib/gcc/riscv-none-embed/8.2.0/../../../../riscv-none-embed/lib/rv32imafc/ilp32f\libm.a
LOAD E:\学习\智能车\软件\v4.3\libraries\zf_device\libzf_device_config.a
LOAD f:/mounriver_studio_setup_v191/mounriver_studio/toolchain/risc-v embedded gcc/bin/../lib/gcc/riscv-none-embed/8.2.0/rv32imafc/ilp32f\libgcc.a
LOAD f:/mounriver_studio_setup_v191/mounriver_studio/toolchain/risc-v embedded gcc/bin/../lib/gcc/riscv-none-embed/8.2.0/../../../../riscv-none-embed/lib/rv32imafc/ilp32f\libg_nano.a
LOAD f:/mounriver_studio_setup_v191/mounriver_studio/toolchain/risc-v embedded gcc/bin/../lib/gcc/riscv-none-embed/8.2.0/../../../../riscv-none-embed/lib/rv32imafc/ilp32f\libc_nano.a
LOAD f:/mounriver_studio_setup_v191/mounriver_studio/toolchain/risc-v embedded gcc/bin/../lib/gcc/riscv-none-embed/8.2.0/rv32imafc/ilp32f\libgcc.a
START GROUP
LOAD f:/mounriver_studio_setup_v191/mounriver_studio/toolchain/risc-v embedded gcc/bin/../lib/gcc/riscv-none-embed/8.2.0/rv32imafc/ilp32f\libgcc.a
LOAD f:/mounriver_studio_setup_v191/mounriver_studio/toolchain/risc-v embedded gcc/bin/../lib/gcc/riscv-none-embed/8.2.0/../../../../riscv-none-embed/lib/rv32imafc/ilp32f\libc_nano.a
LOAD f:/mounriver_studio_setup_v191/mounriver_studio/toolchain/risc-v embedded gcc/bin/../lib/gcc/riscv-none-embed/8.2.0/../../../../riscv-none-embed/lib/rv32imafc/ilp32f\libnosys.a
END GROUP
START GROUP
LOAD f:/mounriver_studio_setup_v191/mounriver_studio/toolchain/risc-v embedded gcc/bin/../lib/gcc/riscv-none-embed/8.2.0/rv32imafc/ilp32f\libgcc.a
LOAD f:/mounriver_studio_setup_v191/mounriver_studio/toolchain/risc-v embedded gcc/bin/../lib/gcc/riscv-none-embed/8.2.0/../../../../riscv-none-embed/lib/rv32imafc/ilp32f\libc_nano.a
LOAD f:/mounriver_studio_setup_v191/mounriver_studio/toolchain/risc-v embedded gcc/bin/../lib/gcc/riscv-none-embed/8.2.0/../../../../riscv-none-embed/lib/rv32imafc/ilp32f\libnosys.a
END GROUP
                0x0000000000000800                __stack_size = 0x800
                [!provide]                        PROVIDE (_stack_size = __stack_size)

.init           0x0000000000000000       0x38
                0x0000000000000000                _sinit = .
                0x0000000000000000                . = ALIGN (0x4)
 *(SORT_NONE(.init))
 .init          0x0000000000000000       0x38 ./sdk/Startup/startup_ch32v30x_D8C.o
                0x0000000000000000                _start
                0x0000000000000038                . = ALIGN (0x4)
                0x0000000000000038                _einit = .

.vector         0x0000000000000038      0x1c8
 *(.vector)
 .vector        0x0000000000000038      0x1a0 ./sdk/Startup/startup_ch32v30x_D8C.o
                0x0000000000000200                . = ALIGN (0x40)
 *fill*         0x00000000000001d8       0x28 

.text           0x0000000000000200    0x18934
                0x0000000000000200                . = ALIGN (0x4)
 *(.text)
 .text          0x0000000000000200       0xa8 f:/mounriver_studio_setup_v191/mounriver_studio/toolchain/risc-v embedded gcc/bin/../lib/gcc/riscv-none-embed/8.2.0/../../../../riscv-none-embed/lib/rv32imafc/ilp32f\libg_nano.a(lib_a-memset.o)
                0x0000000000000200                memset
 .text          0x00000000000002a8      0x11e f:/mounriver_studio_setup_v191/mounriver_studio/toolchain/risc-v embedded gcc/bin/../lib/gcc/riscv-none-embed/8.2.0/../../../../riscv-none-embed/lib/rv32imafc/ilp32f\libg_nano.a(lib_a-strcmp.o)
                0x00000000000002a8                strcmp
 *(.text.*)
 .text.system_delay_ms
                0x00000000000003c6       0xa2 ./zf_driver/zf_driver_delay.o
                0x00000000000003c6                system_delay_ms
 .text.dvp_gpio_init
                0x0000000000000468      0x114 ./zf_driver/zf_driver_dvp.o
                0x0000000000000468                dvp_gpio_init
 .text.dvp_camera_init
                0x000000000000057c       0x8c ./zf_driver/zf_driver_dvp.o
                0x000000000000057c                dvp_camera_init
 .text.encoder_get_count
                0x0000000000000608      0x14e ./zf_driver/zf_driver_encoder.o
                0x0000000000000608                encoder_get_count
 .text.encoder_clear_count
                0x0000000000000756       0x9a ./zf_driver/zf_driver_encoder.o
                0x0000000000000756                encoder_clear_count
 .text.encoder_quad_init
                0x00000000000007f0      0x2d6 ./zf_driver/zf_driver_encoder.o
                0x00000000000007f0                encoder_quad_init
 .text.exti_init
                0x0000000000000ac6      0x108 ./zf_driver/zf_driver_exti.o
                0x0000000000000ac6                exti_init
 .text.gpio_get_level
                0x0000000000000bce       0x42 ./zf_driver/zf_driver_gpio.o
                0x0000000000000bce                gpio_get_level
 .text.gpio_toggle_level
                0x0000000000000c10       0x6a ./zf_driver/zf_driver_gpio.o
                0x0000000000000c10                gpio_toggle_level
 .text.gpio_init
                0x0000000000000c7a      0x15c ./zf_driver/zf_driver_gpio.o
                0x0000000000000c7a                gpio_init
 .text.pit_init
                0x0000000000000dd6      0x218 ./zf_driver/zf_driver_pit.o
                0x0000000000000dd6                pit_init
 .text.pwm_set_duty
                0x0000000000000fee      0x166 ./zf_driver/zf_driver_pwm.o
                0x0000000000000fee                pwm_set_duty
 .text.pwm_init
                0x0000000000001154      0x416 ./zf_driver/zf_driver_pwm.o
                0x0000000000001154                pwm_init
 .text.soft_iic_start
                0x000000000000156a      0x128 ./zf_driver/zf_driver_soft_iic.o
 .text.soft_iic_stop
                0x0000000000001692      0x142 ./zf_driver/zf_driver_soft_iic.o
 .text.soft_iic_send_ack
                0x00000000000017d4      0x196 ./zf_driver/zf_driver_soft_iic.o
 .text.soft_iic_wait_ack
                0x000000000000196a      0x160 ./zf_driver/zf_driver_soft_iic.o
 .text.soft_iic_send_data
                0x0000000000001aca      0x16e ./zf_driver/zf_driver_soft_iic.o
 .text.soft_iic_read_data
                0x0000000000001c38      0x1ea ./zf_driver/zf_driver_soft_iic.o
 .text.soft_iic_sccb_write_register
                0x0000000000001e22       0x80 ./zf_driver/zf_driver_soft_iic.o
                0x0000000000001e22                soft_iic_sccb_write_register
 .text.soft_iic_sccb_read_register
                0x0000000000001ea2       0xb4 ./zf_driver/zf_driver_soft_iic.o
                0x0000000000001ea2                soft_iic_sccb_read_register
 .text.soft_iic_init
                0x0000000000001f56       0xb2 ./zf_driver/zf_driver_soft_iic.o
                0x0000000000001f56                soft_iic_init
 .text.timer_funciton_check
                0x0000000000002008       0x66 ./zf_driver/zf_driver_timer.o
                0x0000000000002008                timer_funciton_check
 .text.timer_clock_enable
                0x000000000000206e       0xe2 ./zf_driver/zf_driver_timer.o
                0x000000000000206e                timer_clock_enable
 .text.timer_get
                0x0000000000002150       0xfe ./zf_driver/zf_driver_timer.o
                0x0000000000002150                timer_get
 .text.timer_clear
                0x000000000000224e       0xc4 ./zf_driver/zf_driver_timer.o
                0x000000000000224e                timer_clear
 .text.uart_write_byte
                0x0000000000002312       0x56 ./zf_driver/zf_driver_uart.o
                0x0000000000002312                uart_write_byte
 .text.uart_write_buffer
                0x0000000000002368       0x64 ./zf_driver/zf_driver_uart.o
                0x0000000000002368                uart_write_buffer
 .text.uart_write_string
                0x00000000000023cc       0x60 ./zf_driver/zf_driver_uart.o
                0x00000000000023cc                uart_write_string
 .text.uart_rx_interrupt
                0x000000000000242c       0x84 ./zf_driver/zf_driver_uart.o
                0x000000000000242c                uart_rx_interrupt
 .text.uart_query_byte
                0x00000000000024b0       0x5e ./zf_driver/zf_driver_uart.o
                0x00000000000024b0                uart_query_byte
 .text.uart_init
                0x000000000000250e      0x5aa ./zf_driver/zf_driver_uart.o
                0x000000000000250e                uart_init
 .text.Send_data
                0x0000000000002ab8       0x6c ./zf_driver/zf_driver_uart.o
                0x0000000000002ab8                Send_data
 .text.dm1xa_sound_callback
                0x0000000000002b24       0xf6 ./zf_device/zf_device_dm1xa.o
                0x0000000000002b24                dm1xa_sound_callback
 .text.dm1xa_light_callback
                0x0000000000002c1a       0x32 ./zf_device/zf_device_dm1xa.o
                0x0000000000002c1a                dm1xa_light_callback
 .text.mt9v03x_set_config
                0x0000000000002c4c      0x132 ./zf_device/zf_device_mt9v03x_dvp.o
 .text.mt9v03x_get_config
                0x0000000000002d7e      0x176 ./zf_device/zf_device_mt9v03x_dvp.o
 .text.mt9v03x_uart_check_id
                0x0000000000002ef4       0xda ./zf_device/zf_device_mt9v03x_dvp.o
 .text.mt9v03x_uart_handler
                0x0000000000002fce       0x4e ./zf_device/zf_device_mt9v03x_dvp.o
 .text.mt9v03x_dvp_handler
                0x000000000000301c       0x14 ./zf_device/zf_device_mt9v03x_dvp.o
                0x000000000000301c                mt9v03x_dvp_handler
 .text.mt9v03x_get_version
                0x0000000000003030       0xb0 ./zf_device/zf_device_mt9v03x_dvp.o
                0x0000000000003030                mt9v03x_get_version
 .text.mt9v03x_sccb_init
                0x00000000000030e0       0xc6 ./zf_device/zf_device_mt9v03x_dvp.o
                0x00000000000030e0                mt9v03x_sccb_init
 .text.mt9v03x_uart_init
                0x00000000000031a6      0x2ae ./zf_device/zf_device_mt9v03x_dvp.o
                0x00000000000031a6                mt9v03x_uart_init
 .text.mt9v03x_init
                0x0000000000003454       0xa6 ./zf_device/zf_device_mt9v03x_dvp.o
                0x0000000000003454                mt9v03x_init
 .text.type_default_callback
                0x00000000000034fa        0xe ./zf_device/zf_device_type.o
 .text.set_camera_type
                0x0000000000003508       0x52 ./zf_device/zf_device_type.o
                0x0000000000003508                set_camera_type
 .text.seekfree_assistant_camera_data_send
                0x000000000000355a      0x116 ./zf_components/seekfree_assistant.o
                0x000000000000355a                seekfree_assistant_camera_data_send
 .text.seekfree_assistant_camera_dot_send
                0x0000000000003670       0xc0 ./zf_components/seekfree_assistant.o
                0x0000000000003670                seekfree_assistant_camera_dot_send
 .text.seekfree_assistant_camera_information_config
                0x0000000000003730       0x7a ./zf_components/seekfree_assistant.o
                0x0000000000003730                seekfree_assistant_camera_information_config
 .text.seekfree_assistant_camera_boundary_config
                0x00000000000037aa      0x45c ./zf_components/seekfree_assistant.o
                0x00000000000037aa                seekfree_assistant_camera_boundary_config
 .text.seekfree_assistant_camera_send
                0x0000000000003c06       0x8c ./zf_components/seekfree_assistant.o
                0x0000000000003c06                seekfree_assistant_camera_send
 .text.seekfree_assistant_transfer
                0x0000000000003c92       0x1a ./zf_components/seekfree_assistant_interface.o
                0x0000000000003c92                seekfree_assistant_transfer
 .text.clock_reset
                0x0000000000003cac       0x76 ./zf_common/zf_common_clock.o
                0x0000000000003cac                clock_reset
 .text.clock_set_freq
                0x0000000000003d22      0x1de ./zf_common/zf_common_clock.o
                0x0000000000003d22                clock_set_freq
 .text.clock_init
                0x0000000000003f00       0x2a ./zf_common/zf_common_clock.o
                0x0000000000003f00                clock_init
 .text.__NOP    0x0000000000003f2a       0x10 ./zf_common/zf_common_debug.o
 .text.debug_delay
                0x0000000000003f3a       0x52 ./zf_common/zf_common_debug.o
 .text.debug_protective_handler
                0x0000000000003f8c        0xe ./zf_common/zf_common_debug.o
 .text.debug_uart_str_output
                0x0000000000003f9a       0x20 ./zf_common/zf_common_debug.o
 .text.debug_output
                0x0000000000003fba      0x564 ./zf_common/zf_common_debug.o
 .text._write   0x000000000000451e       0x7c ./zf_common/zf_common_debug.o
                0x000000000000451e                _write
 .text.debug_assert_handler
                0x000000000000459a       0x68 ./zf_common/zf_common_debug.o
                0x000000000000459a                debug_assert_handler
 .text.debug_log_handler
                0x0000000000004602       0x4e ./zf_common/zf_common_debug.o
                0x0000000000004602                debug_log_handler
 .text.debug_output_struct_init
                0x0000000000004650       0x5a ./zf_common/zf_common_debug.o
                0x0000000000004650                debug_output_struct_init
 .text.debug_output_init
                0x00000000000046aa       0xa8 ./zf_common/zf_common_debug.o
                0x00000000000046aa                debug_output_init
 .text.debug_init
                0x0000000000004752       0x68 ./zf_common/zf_common_debug.o
                0x0000000000004752                debug_init
 .text.fifo_head_offset
                0x00000000000047ba      0x184 ./zf_common/zf_common_fifo.o
 .text.fifo_end_offset
                0x000000000000493e      0x184 ./zf_common/zf_common_fifo.o
 .text.fifo_clear
                0x0000000000004ac2      0x24a ./zf_common/zf_common_fifo.o
                0x0000000000004ac2                fifo_clear
 .text.fifo_used
                0x0000000000004d0c       0x7a ./zf_common/zf_common_fifo.o
                0x0000000000004d0c                fifo_used
 .text.fifo_write_element
                0x0000000000004d86      0x260 ./zf_common/zf_common_fifo.o
                0x0000000000004d86                fifo_write_element
 .text.fifo_read_buffer
                0x0000000000004fe6      0x5a4 ./zf_common/zf_common_fifo.o
                0x0000000000004fe6                fifo_read_buffer
 .text.fifo_init
                0x000000000000558a      0x248 ./zf_common/zf_common_fifo.o
                0x000000000000558a                fifo_init
 .text.__enable_irq
                0x00000000000057d2       0x18 ./zf_common/zf_common_interrupt.o
 .text.__disable_irq
                0x00000000000057ea       0x14 ./zf_common/zf_common_interrupt.o
 .text.NVIC_EnableIRQ
                0x00000000000057fe       0x32 ./zf_common/zf_common_interrupt.o
 .text.NVIC_DisableIRQ
                0x0000000000005830       0x32 ./zf_common/zf_common_interrupt.o
 .text.NVIC_SetPriority
                0x0000000000005862       0x2a ./zf_common/zf_common_interrupt.o
 .text.interrupt_enable
                0x000000000000588c       0x1c ./zf_common/zf_common_interrupt.o
                0x000000000000588c                interrupt_enable
 .text.interrupt_disable
                0x00000000000058a8       0x1c ./zf_common/zf_common_interrupt.o
                0x00000000000058a8                interrupt_disable
 .text.interrupt_set_priority
                0x00000000000058c4       0x28 ./zf_common/zf_common_interrupt.o
                0x00000000000058c4                interrupt_set_priority
 .text.interrupt_global_enable
                0x00000000000058ec       0x30 ./zf_common/zf_common_interrupt.o
                0x00000000000058ec                interrupt_global_enable
 .text.interrupt_global_disable
                0x000000000000591c       0x2c ./zf_common/zf_common_interrupt.o
                0x000000000000591c                interrupt_global_disable
 .text.interrupt_init
                0x0000000000005948       0x16 ./zf_common/zf_common_interrupt.o
                0x0000000000005948                interrupt_init
 .text.PID_Init
                0x000000000000595e       0x58 ./user_c/PID.o
                0x000000000000595e                PID_Init
 .text.PID_Realize
                0x00000000000059b6      0x12e ./user_c/PID.o
                0x00000000000059b6                PID_Realize
 .text.PID_DirveUse
                0x0000000000005ae4      0x290 ./user_c/PID.o
                0x0000000000005ae4                PID_DirveUse
 .text.Camera_Head
                0x0000000000005d74       0x70 ./user_c/cam.o
                0x0000000000005d74                Camera_Head
 .text.Camera_Init
                0x0000000000005de4       0x2e ./user_c/cam.o
                0x0000000000005de4                Camera_Init
 .text.Emo_Uint8_dec
                0x0000000000005e12       0x40 ./user_c/cam.o
                0x0000000000005e12                Emo_Uint8_dec
 .text.Emo_one_eighth
                0x0000000000005e52       0x8a ./user_c/cam.o
                0x0000000000005e52                Emo_one_eighth
 .text.Emo_two_third
                0x0000000000005edc       0x8a ./user_c/cam.o
                0x0000000000005edc                Emo_two_third
 .text.Emo_abs  0x0000000000005f66       0x2a ./user_c/cam.o
                0x0000000000005f66                Emo_abs
 .text.Emo_max  0x0000000000005f90       0x32 ./user_c/cam.o
                0x0000000000005f90                Emo_max
 .text.Thresholding
                0x0000000000005fc2      0x10a ./user_c/cam.o
                0x0000000000005fc2                Thresholding
 .text.Ostu     0x00000000000060cc      0x37a ./user_c/cam.o
 .text.Find_Line
                0x0000000000006446      0x534 ./user_c/cam.o
                0x0000000000006446                Find_Line
 .text.Padding_LineR
                0x000000000000697a      0x108 ./user_c/cam.o
                0x000000000000697a                Padding_LineR
 .text.Padding_LineL
                0x0000000000006a82      0x108 ./user_c/cam.o
                0x0000000000006a82                Padding_LineL
 .text.Padding_CurveL
                0x0000000000006b8a      0x202 ./user_c/cam.o
                0x0000000000006b8a                Padding_CurveL
 .text.Padding_CurveR
                0x0000000000006d8c      0x202 ./user_c/cam.o
                0x0000000000006d8c                Padding_CurveR
 .text.Padding_Line
                0x0000000000006f8e      0x19e ./user_c/cam.o
                0x0000000000006f8e                Padding_Line
 .text.Think    0x000000000000712c       0x38 ./user_c/cam.o
                0x000000000000712c                Think
 .text.Get_Middle_Line
                0x0000000000007164      0x7c2 ./user_c/cam.o
                0x0000000000007164                Get_Middle_Line
 .text.Judge    0x0000000000007926      0x4d4 ./user_c/cam.o
                0x0000000000007926                Judge
 .text.Judge_CornerS
                0x0000000000007dfa       0xe8 ./user_c/cam.o
                0x0000000000007dfa                Judge_CornerS
 .text.Cross    0x0000000000007ee2      0x19e ./user_c/cam.o
                0x0000000000007ee2                Cross
 .text.Identify
                0x0000000000008080     0x10a6 ./user_c/cam.o
                0x0000000000008080                Identify
 .text.Trifork_Judge
                0x0000000000009126      0xa7c ./user_c/cam.o
                0x0000000000009126                Trifork_Judge
 .text.GarageR_Find
                0x0000000000009ba2      0x332 ./user_c/cam.o
                0x0000000000009ba2                GarageR_Find
 .text.GarageL_Find
                0x0000000000009ed4      0x332 ./user_c/cam.o
                0x0000000000009ed4                GarageL_Find
 .text.Element_dispose
                0x000000000000a206      0x3e6 ./user_c/cam.o
                0x000000000000a206                Element_dispose
 .text.USART1_IRQHandler
                0x000000000000a5ec       0xc4 ./user_c/isr.o
                0x000000000000a5ec                USART1_IRQHandler
 .text.USART2_IRQHandler
                0x000000000000a6b0       0xc4 ./user_c/isr.o
                0x000000000000a6b0                USART2_IRQHandler
 .text.USART3_IRQHandler
                0x000000000000a774       0xc4 ./user_c/isr.o
                0x000000000000a774                USART3_IRQHandler
 .text.UART4_IRQHandler
                0x000000000000a838       0xc4 ./user_c/isr.o
                0x000000000000a838                UART4_IRQHandler
 .text.UART5_IRQHandler
                0x000000000000a8fc       0xc2 ./user_c/isr.o
                0x000000000000a8fc                UART5_IRQHandler
 .text.UART6_IRQHandler
                0x000000000000a9be       0xc4 ./user_c/isr.o
                0x000000000000a9be                UART6_IRQHandler
 .text.UART7_IRQHandler
                0x000000000000aa82       0xc8 ./user_c/isr.o
                0x000000000000aa82                UART7_IRQHandler
 .text.UART8_IRQHandler
                0x000000000000ab4a       0xc0 ./user_c/isr.o
                0x000000000000ab4a                UART8_IRQHandler
 .text.DVP_IRQHandler
                0x000000000000ac0a       0xd0 ./user_c/isr.o
                0x000000000000ac0a                DVP_IRQHandler
 .text.EXTI0_IRQHandler
                0x000000000000acda       0xb4 ./user_c/isr.o
                0x000000000000acda                EXTI0_IRQHandler
 .text.EXTI1_IRQHandler
                0x000000000000ad8e       0xb4 ./user_c/isr.o
                0x000000000000ad8e                EXTI1_IRQHandler
 .text.EXTI2_IRQHandler
                0x000000000000ae42       0xb4 ./user_c/isr.o
                0x000000000000ae42                EXTI2_IRQHandler
 .text.EXTI3_IRQHandler
                0x000000000000aef6       0xb4 ./user_c/isr.o
                0x000000000000aef6                EXTI3_IRQHandler
 .text.EXTI4_IRQHandler
                0x000000000000afaa       0xb4 ./user_c/isr.o
                0x000000000000afaa                EXTI4_IRQHandler
 .text.EXTI9_5_IRQHandler
                0x000000000000b05e      0x11c ./user_c/isr.o
                0x000000000000b05e                EXTI9_5_IRQHandler
 .text.EXTI15_10_IRQHandler
                0x000000000000b17a      0x136 ./user_c/isr.o
                0x000000000000b17a                EXTI15_10_IRQHandler
 .text.TIM1_UP_IRQHandler
                0x000000000000b2b0       0xc0 ./user_c/isr.o
                0x000000000000b2b0                TIM1_UP_IRQHandler
 .text.TIM2_IRQHandler
                0x000000000000b370       0xc0 ./user_c/isr.o
                0x000000000000b370                TIM2_IRQHandler
 .text.TIM3_IRQHandler
                0x000000000000b430       0xc8 ./user_c/isr.o
                0x000000000000b430                TIM3_IRQHandler
 .text.TIM4_IRQHandler
                0x000000000000b4f8       0xc0 ./user_c/isr.o
                0x000000000000b4f8                TIM4_IRQHandler
 .text.TIM5_IRQHandler
                0x000000000000b5b8       0xc0 ./user_c/isr.o
                0x000000000000b5b8                TIM5_IRQHandler
 .text.TIM6_IRQHandler
                0x000000000000b678       0xb8 ./user_c/isr.o
                0x000000000000b678                TIM6_IRQHandler
 .text.TIM7_IRQHandler
                0x000000000000b730       0xc0 ./user_c/isr.o
                0x000000000000b730                TIM7_IRQHandler
 .text.TIM8_UP_IRQHandler
                0x000000000000b7f0       0xc0 ./user_c/isr.o
                0x000000000000b7f0                TIM8_UP_IRQHandler
 .text.TIM9_UP_IRQHandler
                0x000000000000b8b0       0xc0 ./user_c/isr.o
                0x000000000000b8b0                TIM9_UP_IRQHandler
 .text.TIM10_UP_IRQHandler
                0x000000000000b970       0xb8 ./user_c/isr.o
                0x000000000000b970                TIM10_UP_IRQHandler
 .text.NMI_Handler
                0x000000000000ba28       0x10 ./user_c/isr.o
                0x000000000000ba28                NMI_Handler
 .text.HardFault_Handler
                0x000000000000ba38        0x8 ./user_c/isr.o
                0x000000000000ba38                HardFault_Handler
 .text.main     0x000000000000ba40      0x1de ./user_c/main.o
                0x000000000000ba40                main
 .text.pit_handler
                0x000000000000bc1e      0x29a ./user_c/main.o
                0x000000000000bc1e                pit_handler
 .text.uart7_rx_interrupt_handler
                0x000000000000beb8      0x526 ./user_c/main.o
                0x000000000000beb8                uart7_rx_interrupt_handler
 .text.uart_rx_interrupt_handler
                0x000000000000c3de      0x1a8 ./user_c/main.o
                0x000000000000c3de                uart_rx_interrupt_handler
 .text.key1_exti_handler
                0x000000000000c586       0xca ./user_c/main.o
                0x000000000000c586                key1_exti_handler
 .text.key2_exti_handler
                0x000000000000c650       0xb0 ./user_c/main.o
                0x000000000000c650                key2_exti_handler
 .text.YJ901S_init
                0x000000000000c700       0x4e ./user_c/yj901s.o
                0x000000000000c700                YJ901S_init
 .text.vector_handler
                0x000000000000c74e       0xbe ./sdk/Startup/startup_ch32v30x_D8C.o
                0x000000000000c752                Ecall_M_Mode_Handler
                0x000000000000c754                Ecall_U_Mode_Handler
                0x000000000000c756                Break_Point_Handler
                0x000000000000c758                SysTick_Handler
                0x000000000000c75a                SW_Handler
                0x000000000000c75c                WWDG_IRQHandler
                0x000000000000c75e                PVD_IRQHandler
                0x000000000000c760                TAMPER_IRQHandler
                0x000000000000c762                RTC_IRQHandler
                0x000000000000c764                FLASH_IRQHandler
                0x000000000000c766                RCC_IRQHandler
                0x000000000000c772                DMA1_Channel1_IRQHandler
                0x000000000000c774                DMA1_Channel2_IRQHandler
                0x000000000000c776                DMA1_Channel3_IRQHandler
                0x000000000000c778                DMA1_Channel4_IRQHandler
                0x000000000000c77a                DMA1_Channel5_IRQHandler
                0x000000000000c77c                DMA1_Channel6_IRQHandler
                0x000000000000c77e                DMA1_Channel7_IRQHandler
                0x000000000000c780                ADC1_2_IRQHandler
                0x000000000000c782                USB_HP_CAN1_TX_IRQHandler
                0x000000000000c784                USB_LP_CAN1_RX0_IRQHandler
                0x000000000000c786                CAN1_RX1_IRQHandler
                0x000000000000c788                CAN1_SCE_IRQHandler
                0x000000000000c78c                TIM1_BRK_IRQHandler
                0x000000000000c790                TIM1_TRG_COM_IRQHandler
                0x000000000000c792                TIM1_CC_IRQHandler
                0x000000000000c79a                I2C1_EV_IRQHandler
                0x000000000000c79c                I2C1_ER_IRQHandler
                0x000000000000c79e                I2C2_EV_IRQHandler
                0x000000000000c7a0                I2C2_ER_IRQHandler
                0x000000000000c7a2                SPI1_IRQHandler
                0x000000000000c7a4                SPI2_IRQHandler
                0x000000000000c7ae                RTCAlarm_IRQHandler
                0x000000000000c7b0                USBWakeUp_IRQHandler
                0x000000000000c7b2                TIM8_BRK_IRQHandler
                0x000000000000c7b6                TIM8_TRG_COM_IRQHandler
                0x000000000000c7b8                TIM8_CC_IRQHandler
                0x000000000000c7ba                RNG_IRQHandler
                0x000000000000c7bc                FSMC_IRQHandler
                0x000000000000c7be                SDIO_IRQHandler
                0x000000000000c7c2                SPI3_IRQHandler
                0x000000000000c7cc                DMA2_Channel1_IRQHandler
                0x000000000000c7ce                DMA2_Channel2_IRQHandler
                0x000000000000c7d0                DMA2_Channel3_IRQHandler
                0x000000000000c7d2                DMA2_Channel4_IRQHandler
                0x000000000000c7d4                DMA2_Channel5_IRQHandler
                0x000000000000c7d6                ETH_IRQHandler
                0x000000000000c7d8                ETH_WKUP_IRQHandler
                0x000000000000c7da                CAN2_TX_IRQHandler
                0x000000000000c7dc                CAN2_RX0_IRQHandler
                0x000000000000c7de                CAN2_RX1_IRQHandler
                0x000000000000c7e0                CAN2_SCE_IRQHandler
                0x000000000000c7e4                USBHSWakeup_IRQHandler
                0x000000000000c7e6                USBHS_IRQHandler
                0x000000000000c7f0                TIM9_BRK_IRQHandler
                0x000000000000c7f4                TIM9_TRG_COM_IRQHandler
                0x000000000000c7f6                TIM9_CC_IRQHandler
                0x000000000000c7f8                TIM10_BRK_IRQHandler
                0x000000000000c7fc                TIM10_TRG_COM_IRQHandler
                0x000000000000c7fe                TIM10_CC_IRQHandler
                0x000000000000c800                DMA2_Channel6_IRQHandler
                0x000000000000c802                DMA2_Channel7_IRQHandler
                0x000000000000c804                DMA2_Channel8_IRQHandler
                0x000000000000c806                DMA2_Channel9_IRQHandler
                0x000000000000c808                DMA2_Channel10_IRQHandler
                0x000000000000c80a                DMA2_Channel11_IRQHandler
 .text.handle_reset
                0x000000000000c80c       0x8a ./sdk/Startup/startup_ch32v30x_D8C.o
                0x000000000000c80c                handle_reset
 .text.EXTI_Init
                0x000000000000c896      0x170 ./sdk/Peripheral/ch32v30x_exti.o
                0x000000000000c896                EXTI_Init
 .text.EXTI_GetITStatus
                0x000000000000ca06       0x56 ./sdk/Peripheral/ch32v30x_exti.o
                0x000000000000ca06                EXTI_GetITStatus
 .text.EXTI_ClearITPendingBit
                0x000000000000ca5c       0x20 ./sdk/Peripheral/ch32v30x_exti.o
                0x000000000000ca5c                EXTI_ClearITPendingBit
 .text.GPIO_Init
                0x000000000000ca7c      0x22a ./sdk/Peripheral/ch32v30x_gpio.o
                0x000000000000ca7c                GPIO_Init
 .text.GPIO_WriteBit
                0x000000000000cca6       0x38 ./sdk/Peripheral/ch32v30x_gpio.o
                0x000000000000cca6                GPIO_WriteBit
 .text.GPIO_PinRemapConfig
                0x000000000000ccde      0x1c8 ./sdk/Peripheral/ch32v30x_gpio.o
                0x000000000000ccde                GPIO_PinRemapConfig
 .text.GPIO_EXTILineConfig
                0x000000000000cea6       0xa2 ./sdk/Peripheral/ch32v30x_gpio.o
                0x000000000000cea6                GPIO_EXTILineConfig
 .text.RCC_GetClocksFreq
                0x000000000000cf48      0x2c6 ./sdk/Peripheral/ch32v30x_rcc.o
                0x000000000000cf48                RCC_GetClocksFreq
 .text.RCC_AHBPeriphClockCmd
                0x000000000000d20e       0x46 ./sdk/Peripheral/ch32v30x_rcc.o
                0x000000000000d20e                RCC_AHBPeriphClockCmd
 .text.RCC_APB2PeriphClockCmd
                0x000000000000d254       0x46 ./sdk/Peripheral/ch32v30x_rcc.o
                0x000000000000d254                RCC_APB2PeriphClockCmd
 .text.RCC_APB1PeriphClockCmd
                0x000000000000d29a       0x46 ./sdk/Peripheral/ch32v30x_rcc.o
                0x000000000000d29a                RCC_APB1PeriphClockCmd
 .text.TIM_TimeBaseInit
                0x000000000000d2e0      0x17e ./sdk/Peripheral/ch32v30x_tim.o
                0x000000000000d2e0                TIM_TimeBaseInit
 .text.TIM_OC1Init
                0x000000000000d45e      0x19c ./sdk/Peripheral/ch32v30x_tim.o
                0x000000000000d45e                TIM_OC1Init
 .text.TIM_OC2Init
                0x000000000000d5fa      0x1e2 ./sdk/Peripheral/ch32v30x_tim.o
                0x000000000000d5fa                TIM_OC2Init
 .text.TIM_OC3Init
                0x000000000000d7dc      0x1dc ./sdk/Peripheral/ch32v30x_tim.o
                0x000000000000d7dc                TIM_OC3Init
 .text.TIM_OC4Init
                0x000000000000d9b8      0x176 ./sdk/Peripheral/ch32v30x_tim.o
                0x000000000000d9b8                TIM_OC4Init
 .text.TIM_TimeBaseStructInit
                0x000000000000db2e       0x3c ./sdk/Peripheral/ch32v30x_tim.o
                0x000000000000db2e                TIM_TimeBaseStructInit
 .text.TIM_Cmd  0x000000000000db6a       0x58 ./sdk/Peripheral/ch32v30x_tim.o
                0x000000000000db6a                TIM_Cmd
 .text.TIM_CtrlPWMOutputs
                0x000000000000dbc2       0x60 ./sdk/Peripheral/ch32v30x_tim.o
                0x000000000000dbc2                TIM_CtrlPWMOutputs
 .text.TIM_ITConfig
                0x000000000000dc22       0x70 ./sdk/Peripheral/ch32v30x_tim.o
                0x000000000000dc22                TIM_ITConfig
 .text.TIM_ITRxExternalClockConfig
                0x000000000000dc92       0x46 ./sdk/Peripheral/ch32v30x_tim.o
                0x000000000000dc92                TIM_ITRxExternalClockConfig
 .text.TIM_SelectInputTrigger
                0x000000000000dcd8       0x4e ./sdk/Peripheral/ch32v30x_tim.o
                0x000000000000dcd8                TIM_SelectInputTrigger
 .text.TIM_EncoderInterfaceConfig
                0x000000000000dd26       0xd8 ./sdk/Peripheral/ch32v30x_tim.o
                0x000000000000dd26                TIM_EncoderInterfaceConfig
 .text.TIM_OC1PreloadConfig
                0x000000000000ddfe       0x4c ./sdk/Peripheral/ch32v30x_tim.o
                0x000000000000ddfe                TIM_OC1PreloadConfig
 .text.TIM_OC2PreloadConfig
                0x000000000000de4a       0x5a ./sdk/Peripheral/ch32v30x_tim.o
                0x000000000000de4a                TIM_OC2PreloadConfig
 .text.TIM_OC3PreloadConfig
                0x000000000000dea4       0x4c ./sdk/Peripheral/ch32v30x_tim.o
                0x000000000000dea4                TIM_OC3PreloadConfig
 .text.TIM_OC4PreloadConfig
                0x000000000000def0       0x5a ./sdk/Peripheral/ch32v30x_tim.o
                0x000000000000def0                TIM_OC4PreloadConfig
 .text.TIM_OC1FastConfig
                0x000000000000df4a       0x4c ./sdk/Peripheral/ch32v30x_tim.o
                0x000000000000df4a                TIM_OC1FastConfig
 .text.TIM_OC2FastConfig
                0x000000000000df96       0x56 ./sdk/Peripheral/ch32v30x_tim.o
                0x000000000000df96                TIM_OC2FastConfig
 .text.TIM_OC3FastConfig
                0x000000000000dfec       0x4c ./sdk/Peripheral/ch32v30x_tim.o
                0x000000000000dfec                TIM_OC3FastConfig
 .text.TIM_OC4FastConfig
                0x000000000000e038       0x56 ./sdk/Peripheral/ch32v30x_tim.o
                0x000000000000e038                TIM_OC4FastConfig
 .text.TIM_GetITStatus
                0x000000000000e08e       0x70 ./sdk/Peripheral/ch32v30x_tim.o
                0x000000000000e08e                TIM_GetITStatus
 .text.TIM_ClearITPendingBit
                0x000000000000e0fe       0x2e ./sdk/Peripheral/ch32v30x_tim.o
                0x000000000000e0fe                TIM_ClearITPendingBit
 .text.USART_Init
                0x000000000000e12c      0x234 ./sdk/Peripheral/ch32v30x_usart.o
                0x000000000000e12c                USART_Init
 .text.USART_Cmd
                0x000000000000e360       0x60 ./sdk/Peripheral/ch32v30x_usart.o
                0x000000000000e360                USART_Cmd
 .text.USART_ITConfig
                0x000000000000e3c0       0xc4 ./sdk/Peripheral/ch32v30x_usart.o
                0x000000000000e3c0                USART_ITConfig
 .text.USART_SendData
                0x000000000000e484       0x2e ./sdk/Peripheral/ch32v30x_usart.o
                0x000000000000e484                USART_SendData
 .text.USART_GetFlagStatus
                0x000000000000e4b2       0x46 ./sdk/Peripheral/ch32v30x_usart.o
                0x000000000000e4b2                USART_GetFlagStatus
 .text.USART_GetITStatus
                0x000000000000e4f8      0x102 ./sdk/Peripheral/ch32v30x_usart.o
                0x000000000000e4f8                USART_GetITStatus
 .text.USART_ClearITPendingBit
                0x000000000000e5fa       0x4e ./sdk/Peripheral/ch32v30x_usart.o
                0x000000000000e5fa                USART_ClearITPendingBit
 .text.DevEP1_IN_Deal
                0x000000000000e648       0x3e ./sdk/Peripheral/ch32v30x_usbotg_device.o
                0x000000000000e648                DevEP1_IN_Deal
 .text.DevEP2_IN_Deal
                0x000000000000e686       0x3e ./sdk/Peripheral/ch32v30x_usbotg_device.o
                0x000000000000e686                DevEP2_IN_Deal
 .text.DevEP1_OUT_Deal
                0x000000000000e6c4       0x66 ./sdk/Peripheral/ch32v30x_usbotg_device.o
                0x000000000000e6c4                DevEP1_OUT_Deal
 .text.DevEP2_OUT_Deal
                0x000000000000e72a       0x66 ./sdk/Peripheral/ch32v30x_usbotg_device.o
                0x000000000000e72a                DevEP2_OUT_Deal
 .text.OTG_FS_IRQHandler
                0x000000000000e790      0xd16 ./sdk/Peripheral/ch32v30x_usbotg_device.o
                0x000000000000e790                OTG_FS_IRQHandler
 .text.pow      0x000000000000f4a6      0x324 f:/mounriver_studio_setup_v191/mounriver_studio/toolchain/risc-v embedded gcc/bin/../lib/gcc/riscv-none-embed/8.2.0/../../../../riscv-none-embed/lib/rv32imafc/ilp32f\libm.a(lib_a-w_pow.o)
                0x000000000000f4a6                pow
 .text.__ieee754_pow
                0x000000000000f7ca      0xad6 f:/mounriver_studio_setup_v191/mounriver_studio/toolchain/risc-v embedded gcc/bin/../lib/gcc/riscv-none-embed/8.2.0/../../../../riscv-none-embed/lib/rv32imafc/ilp32f\libm.a(lib_a-e_pow.o)
                0x000000000000f7ca                __ieee754_pow
 .text.__ieee754_sqrt
                0x00000000000102a0      0x1d6 f:/mounriver_studio_setup_v191/mounriver_studio/toolchain/risc-v embedded gcc/bin/../lib/gcc/riscv-none-embed/8.2.0/../../../../riscv-none-embed/lib/rv32imafc/ilp32f\libm.a(lib_a-e_sqrt.o)
                0x00000000000102a0                __ieee754_sqrt
 .text.fabs     0x0000000000010476        0x6 f:/mounriver_studio_setup_v191/mounriver_studio/toolchain/risc-v embedded gcc/bin/../lib/gcc/riscv-none-embed/8.2.0/../../../../riscv-none-embed/lib/rv32imafc/ilp32f\libm.a(lib_a-s_fabs.o)
                0x0000000000010476                fabs
 .text.finite   0x000000000001047c        0xe f:/mounriver_studio_setup_v191/mounriver_studio/toolchain/risc-v embedded gcc/bin/../lib/gcc/riscv-none-embed/8.2.0/../../../../riscv-none-embed/lib/rv32imafc/ilp32f\libm.a(lib_a-s_finite.o)
                0x000000000001047c                finite
 .text.matherr  0x000000000001048a        0x4 f:/mounriver_studio_setup_v191/mounriver_studio/toolchain/risc-v embedded gcc/bin/../lib/gcc/riscv-none-embed/8.2.0/../../../../riscv-none-embed/lib/rv32imafc/ilp32f\libm.a(lib_a-s_matherr.o)
                0x000000000001048a                matherr
 .text.nan      0x000000000001048e        0xe f:/mounriver_studio_setup_v191/mounriver_studio/toolchain/risc-v embedded gcc/bin/../lib/gcc/riscv-none-embed/8.2.0/../../../../riscv-none-embed/lib/rv32imafc/ilp32f\libm.a(lib_a-s_nan.o)
                0x000000000001048e                nan
 .text.rint     0x000000000001049c      0x18c f:/mounriver_studio_setup_v191/mounriver_studio/toolchain/risc-v embedded gcc/bin/../lib/gcc/riscv-none-embed/8.2.0/../../../../riscv-none-embed/lib/rv32imafc/ilp32f\libm.a(lib_a-s_rint.o)
                0x000000000001049c                rint
 .text.scalbn   0x0000000000010628      0x140 f:/mounriver_studio_setup_v191/mounriver_studio/toolchain/risc-v embedded gcc/bin/../lib/gcc/riscv-none-embed/8.2.0/../../../../riscv-none-embed/lib/rv32imafc/ilp32f\libm.a(lib_a-s_scalbn.o)
                0x0000000000010628                scalbn
 .text.copysign
                0x0000000000010768       0x16 f:/mounriver_studio_setup_v191/mounriver_studio/toolchain/risc-v embedded gcc/bin/../lib/gcc/riscv-none-embed/8.2.0/../../../../riscv-none-embed/lib/rv32imafc/ilp32f\libm.a(lib_a-s_copysign.o)
                0x0000000000010768                copysign
 .text.mt9v03x_write_and_check_word_sccb
                0x000000000001077e       0x92 E:\学习\智能车\软件\v4.3\libraries\zf_device\libzf_device_config.a(zf_device_config.o)
 .text.mt9v03x_write_word_sccb
                0x0000000000010810       0x34 E:\学习\智能车\软件\v4.3\libraries\zf_device\libzf_device_config.a(zf_device_config.o)
 .text.mt9v03x_read_word_sccb.constprop.0
                0x0000000000010844       0x36 E:\学习\智能车\软件\v4.3\libraries\zf_device\libzf_device_config.a(zf_device_config.o)
 .text.mt9v03x_sccb_check_id
                0x000000000001087a       0x5e E:\学习\智能车\软件\v4.3\libraries\zf_device\libzf_device_config.a(zf_device_config.o)
                0x000000000001087a                mt9v03x_sccb_check_id
 .text.mt9v03x_sccb_set_config
                0x00000000000108d8      0x5a2 E:\学习\智能车\软件\v4.3\libraries\zf_device\libzf_device_config.a(zf_device_config.o)
                0x00000000000108d8                mt9v03x_sccb_set_config
 .text.__adddf3
                0x0000000000010e7a      0xa0e f:/mounriver_studio_setup_v191/mounriver_studio/toolchain/risc-v embedded gcc/bin/../lib/gcc/riscv-none-embed/8.2.0/rv32imafc/ilp32f\libgcc.a(adddf3.o)
                0x0000000000010e7a                __adddf3
 .text.__divdf3
                0x0000000000011888      0x7ea f:/mounriver_studio_setup_v191/mounriver_studio/toolchain/risc-v embedded gcc/bin/../lib/gcc/riscv-none-embed/8.2.0/rv32imafc/ilp32f\libgcc.a(divdf3.o)
                0x0000000000011888                __divdf3
 .text.__eqdf2  0x0000000000012072       0x98 f:/mounriver_studio_setup_v191/mounriver_studio/toolchain/risc-v embedded gcc/bin/../lib/gcc/riscv-none-embed/8.2.0/rv32imafc/ilp32f\libgcc.a(eqdf2.o)
                0x0000000000012072                __nedf2
                0x0000000000012072                __eqdf2
 .text.__gedf2  0x000000000001210a       0xb6 f:/mounriver_studio_setup_v191/mounriver_studio/toolchain/risc-v embedded gcc/bin/../lib/gcc/riscv-none-embed/8.2.0/rv32imafc/ilp32f\libgcc.a(gedf2.o)
                0x000000000001210a                __gedf2
                0x000000000001210a                __gtdf2
 .text.__ledf2  0x00000000000121c0       0xb6 f:/mounriver_studio_setup_v191/mounriver_studio/toolchain/risc-v embedded gcc/bin/../lib/gcc/riscv-none-embed/8.2.0/rv32imafc/ilp32f\libgcc.a(ledf2.o)
                0x00000000000121c0                __ledf2
                0x00000000000121c0                __ltdf2
 .text.__muldf3
                0x0000000000012276      0x656 f:/mounriver_studio_setup_v191/mounriver_studio/toolchain/risc-v embedded gcc/bin/../lib/gcc/riscv-none-embed/8.2.0/rv32imafc/ilp32f\libgcc.a(muldf3.o)
                0x0000000000012276                __muldf3
 .text.__subdf3
                0x00000000000128cc      0xa8c f:/mounriver_studio_setup_v191/mounriver_studio/toolchain/risc-v embedded gcc/bin/../lib/gcc/riscv-none-embed/8.2.0/rv32imafc/ilp32f\libgcc.a(subdf3.o)
                0x00000000000128cc                __subdf3
 .text.__unorddf2
                0x0000000000013358       0x7c f:/mounriver_studio_setup_v191/mounriver_studio/toolchain/risc-v embedded gcc/bin/../lib/gcc/riscv-none-embed/8.2.0/rv32imafc/ilp32f\libgcc.a(unorddf2.o)
                0x0000000000013358                __unorddf2
 .text.__fixdfsi
                0x00000000000133d4       0xd8 f:/mounriver_studio_setup_v191/mounriver_studio/toolchain/risc-v embedded gcc/bin/../lib/gcc/riscv-none-embed/8.2.0/rv32imafc/ilp32f\libgcc.a(fixdfsi.o)
                0x00000000000133d4                __fixdfsi
 .text.__fixunsdfsi
                0x00000000000134ac       0x9e f:/mounriver_studio_setup_v191/mounriver_studio/toolchain/risc-v embedded gcc/bin/../lib/gcc/riscv-none-embed/8.2.0/rv32imafc/ilp32f\libgcc.a(fixunsdfsi.o)
                0x00000000000134ac                __fixunsdfsi
 .text.__floatsidf
                0x000000000001354a       0x70 f:/mounriver_studio_setup_v191/mounriver_studio/toolchain/risc-v embedded gcc/bin/../lib/gcc/riscv-none-embed/8.2.0/rv32imafc/ilp32f\libgcc.a(floatsidf.o)
                0x000000000001354a                __floatsidf
 .text.__floatunsidf
                0x00000000000135ba       0x66 f:/mounriver_studio_setup_v191/mounriver_studio/toolchain/risc-v embedded gcc/bin/../lib/gcc/riscv-none-embed/8.2.0/rv32imafc/ilp32f\libgcc.a(floatunsidf.o)
                0x00000000000135ba                __floatunsidf
 .text.__extendsfdf2
                0x0000000000013620       0xe8 f:/mounriver_studio_setup_v191/mounriver_studio/toolchain/risc-v embedded gcc/bin/../lib/gcc/riscv-none-embed/8.2.0/rv32imafc/ilp32f\libgcc.a(extendsfdf2.o)
                0x0000000000013620                __extendsfdf2
 .text.__truncdfsf2
                0x0000000000013708      0x31e f:/mounriver_studio_setup_v191/mounriver_studio/toolchain/risc-v embedded gcc/bin/../lib/gcc/riscv-none-embed/8.2.0/rv32imafc/ilp32f\libgcc.a(truncdfsf2.o)
                0x0000000000013708                __truncdfsf2
 .text.__clzsi2
                0x0000000000013a26       0x76 f:/mounriver_studio_setup_v191/mounriver_studio/toolchain/risc-v embedded gcc/bin/../lib/gcc/riscv-none-embed/8.2.0/rv32imafc/ilp32f\libgcc.a(_clzsi2.o)
                0x0000000000013a26                __clzsi2
 .text.__errno  0x0000000000013a9c        0x8 f:/mounriver_studio_setup_v191/mounriver_studio/toolchain/risc-v embedded gcc/bin/../lib/gcc/riscv-none-embed/8.2.0/../../../../riscv-none-embed/lib/rv32imafc/ilp32f\libg_nano.a(lib_a-errno.o)
                0x0000000000013a9c                __errno
 .text.malloc   0x0000000000013aa4        0xa f:/mounriver_studio_setup_v191/mounriver_studio/toolchain/risc-v embedded gcc/bin/../lib/gcc/riscv-none-embed/8.2.0/../../../../riscv-none-embed/lib/rv32imafc/ilp32f\libg_nano.a(lib_a-malloc.o)
                0x0000000000013aa4                malloc
 .text.free     0x0000000000013aae        0xa f:/mounriver_studio_setup_v191/mounriver_studio/toolchain/risc-v embedded gcc/bin/../lib/gcc/riscv-none-embed/8.2.0/../../../../riscv-none-embed/lib/rv32imafc/ilp32f\libg_nano.a(lib_a-malloc.o)
                0x0000000000013aae                free
 .text.memcpy   0x0000000000013ab8       0xb6 f:/mounriver_studio_setup_v191/mounriver_studio/toolchain/risc-v embedded gcc/bin/../lib/gcc/riscv-none-embed/8.2.0/../../../../riscv-none-embed/lib/rv32imafc/ilp32f\libg_nano.a(lib_a-memcpy.o)
                0x0000000000013ab8                memcpy
 .text._free_r  0x0000000000013b6e       0xa8 f:/mounriver_studio_setup_v191/mounriver_studio/toolchain/risc-v embedded gcc/bin/../lib/gcc/riscv-none-embed/8.2.0/../../../../riscv-none-embed/lib/rv32imafc/ilp32f\libg_nano.a(lib_a-nano-freer.o)
                0x0000000000013b6e                _free_r
 .text._malloc_r
                0x0000000000013c16       0xda f:/mounriver_studio_setup_v191/mounriver_studio/toolchain/risc-v embedded gcc/bin/../lib/gcc/riscv-none-embed/8.2.0/../../../../riscv-none-embed/lib/rv32imafc/ilp32f\libg_nano.a(lib_a-nano-mallocr.o)
                0x0000000000013c16                _malloc_r
 .text.__cvt    0x0000000000013cf0       0xee f:/mounriver_studio_setup_v191/mounriver_studio/toolchain/risc-v embedded gcc/bin/../lib/gcc/riscv-none-embed/8.2.0/../../../../riscv-none-embed/lib/rv32imafc/ilp32f\libg_nano.a(lib_a-nano-vfprintf_float.o)
                0x0000000000013cf0                __cvt
 .text.__exponent
                0x0000000000013dde       0x8c f:/mounriver_studio_setup_v191/mounriver_studio/toolchain/risc-v embedded gcc/bin/../lib/gcc/riscv-none-embed/8.2.0/../../../../riscv-none-embed/lib/rv32imafc/ilp32f\libg_nano.a(lib_a-nano-vfprintf_float.o)
                0x0000000000013dde                __exponent
 .text._printf_float
                0x0000000000013e6a      0x4c4 f:/mounriver_studio_setup_v191/mounriver_studio/toolchain/risc-v embedded gcc/bin/../lib/gcc/riscv-none-embed/8.2.0/../../../../riscv-none-embed/lib/rv32imafc/ilp32f\libg_nano.a(lib_a-nano-vfprintf_float.o)
                0x0000000000013e6a                _printf_float
 .text._printf_common
                0x000000000001432e      0x10c f:/mounriver_studio_setup_v191/mounriver_studio/toolchain/risc-v embedded gcc/bin/../lib/gcc/riscv-none-embed/8.2.0/../../../../riscv-none-embed/lib/rv32imafc/ilp32f\libg_nano.a(lib_a-nano-vfprintf_i.o)
                0x000000000001432e                _printf_common
 .text._printf_i
                0x000000000001443a      0x2ac f:/mounriver_studio_setup_v191/mounriver_studio/toolchain/risc-v embedded gcc/bin/../lib/gcc/riscv-none-embed/8.2.0/../../../../riscv-none-embed/lib/rv32imafc/ilp32f\libg_nano.a(lib_a-nano-vfprintf_i.o)
                0x000000000001443a                _printf_i
 .text.printf   0x00000000000146e6       0x42 f:/mounriver_studio_setup_v191/mounriver_studio/toolchain/risc-v embedded gcc/bin/../lib/gcc/riscv-none-embed/8.2.0/../../../../riscv-none-embed/lib/rv32imafc/ilp32f\libg_nano.a(lib_a-printf.o)
                0x00000000000146e6                iprintf
                0x00000000000146e6                printf
 .text._sbrk_r  0x0000000000014728       0x32 f:/mounriver_studio_setup_v191/mounriver_studio/toolchain/risc-v embedded gcc/bin/../lib/gcc/riscv-none-embed/8.2.0/../../../../riscv-none-embed/lib/rv32imafc/ilp32f\libg_nano.a(lib_a-sbrkr.o)
                0x0000000000014728                _sbrk_r
 .text.sprintf  0x000000000001475a       0x46 f:/mounriver_studio_setup_v191/mounriver_studio/toolchain/risc-v embedded gcc/bin/../lib/gcc/riscv-none-embed/8.2.0/../../../../riscv-none-embed/lib/rv32imafc/ilp32f\libg_nano.a(lib_a-sprintf.o)
                0x000000000001475a                siprintf
                0x000000000001475a                sprintf
 .text.sscanf   0x00000000000147a0       0x52 f:/mounriver_studio_setup_v191/mounriver_studio/toolchain/risc-v embedded gcc/bin/../lib/gcc/riscv-none-embed/8.2.0/../../../../riscv-none-embed/lib/rv32imafc/ilp32f\libg_nano.a(lib_a-sscanf.o)
                0x00000000000147a0                siscanf
                0x00000000000147a0                sscanf
 .text.__sread  0x00000000000147f2       0x32 f:/mounriver_studio_setup_v191/mounriver_studio/toolchain/risc-v embedded gcc/bin/../lib/gcc/riscv-none-embed/8.2.0/../../../../riscv-none-embed/lib/rv32imafc/ilp32f\libg_nano.a(lib_a-stdio.o)
                0x00000000000147f2                __sread
 .text.__seofread
                0x0000000000014824        0x4 f:/mounriver_studio_setup_v191/mounriver_studio/toolchain/risc-v embedded gcc/bin/../lib/gcc/riscv-none-embed/8.2.0/../../../../riscv-none-embed/lib/rv32imafc/ilp32f\libg_nano.a(lib_a-stdio.o)
                0x0000000000014824                __seofread
 .text.__swrite
                0x0000000000014828       0x50 f:/mounriver_studio_setup_v191/mounriver_studio/toolchain/risc-v embedded gcc/bin/../lib/gcc/riscv-none-embed/8.2.0/../../../../riscv-none-embed/lib/rv32imafc/ilp32f\libg_nano.a(lib_a-stdio.o)
                0x0000000000014828                __swrite
 .text.__sseek  0x0000000000014878       0x38 f:/mounriver_studio_setup_v191/mounriver_studio/toolchain/risc-v embedded gcc/bin/../lib/gcc/riscv-none-embed/8.2.0/../../../../riscv-none-embed/lib/rv32imafc/ilp32f\libg_nano.a(lib_a-stdio.o)
                0x0000000000014878                __sseek
 .text.__sclose
                0x00000000000148b0        0x6 f:/mounriver_studio_setup_v191/mounriver_studio/toolchain/risc-v embedded gcc/bin/../lib/gcc/riscv-none-embed/8.2.0/../../../../riscv-none-embed/lib/rv32imafc/ilp32f\libg_nano.a(lib_a-stdio.o)
                0x00000000000148b0                __sclose
 .text.strlen   0x00000000000148b6       0x12 f:/mounriver_studio_setup_v191/mounriver_studio/toolchain/risc-v embedded gcc/bin/../lib/gcc/riscv-none-embed/8.2.0/../../../../riscv-none-embed/lib/rv32imafc/ilp32f\libg_nano.a(lib_a-strlen.o)
                0x00000000000148b6                strlen
 .text.__swbuf_r
                0x00000000000148c8       0xc6 f:/mounriver_studio_setup_v191/mounriver_studio/toolchain/risc-v embedded gcc/bin/../lib/gcc/riscv-none-embed/8.2.0/../../../../riscv-none-embed/lib/rv32imafc/ilp32f\libg_nano.a(lib_a-wbuf.o)
                0x00000000000148c8                __swbuf_r
 .text._write_r
                0x000000000001498e       0x36 f:/mounriver_studio_setup_v191/mounriver_studio/toolchain/risc-v embedded gcc/bin/../lib/gcc/riscv-none-embed/8.2.0/../../../../riscv-none-embed/lib/rv32imafc/ilp32f\libg_nano.a(lib_a-writer.o)
                0x000000000001498e                _write_r
 .text.__swsetup_r
                0x00000000000149c4      0x112 f:/mounriver_studio_setup_v191/mounriver_studio/toolchain/risc-v embedded gcc/bin/../lib/gcc/riscv-none-embed/8.2.0/../../../../riscv-none-embed/lib/rv32imafc/ilp32f\libg_nano.a(lib_a-wsetup.o)
                0x00000000000149c4                __swsetup_r
 .text._close_r
                0x0000000000014ad6       0x32 f:/mounriver_studio_setup_v191/mounriver_studio/toolchain/risc-v embedded gcc/bin/../lib/gcc/riscv-none-embed/8.2.0/../../../../riscv-none-embed/lib/rv32imafc/ilp32f\libg_nano.a(lib_a-closer.o)
                0x0000000000014ad6                _close_r
 .text.quorem   0x0000000000014b08      0x13a f:/mounriver_studio_setup_v191/mounriver_studio/toolchain/risc-v embedded gcc/bin/../lib/gcc/riscv-none-embed/8.2.0/../../../../riscv-none-embed/lib/rv32imafc/ilp32f\libg_nano.a(lib_a-dtoa.o)
 .text._dtoa_r  0x0000000000014c42      0xc04 f:/mounriver_studio_setup_v191/mounriver_studio/toolchain/risc-v embedded gcc/bin/../lib/gcc/riscv-none-embed/8.2.0/../../../../riscv-none-embed/lib/rv32imafc/ilp32f\libg_nano.a(lib_a-dtoa.o)
                0x0000000000014c42                _dtoa_r
 .text.__sflush_r
                0x0000000000015846      0x13e f:/mounriver_studio_setup_v191/mounriver_studio/toolchain/risc-v embedded gcc/bin/../lib/gcc/riscv-none-embed/8.2.0/../../../../riscv-none-embed/lib/rv32imafc/ilp32f\libg_nano.a(lib_a-fflush.o)
                0x0000000000015846                __sflush_r
 .text._fflush_r
                0x0000000000015984       0x66 f:/mounriver_studio_setup_v191/mounriver_studio/toolchain/risc-v embedded gcc/bin/../lib/gcc/riscv-none-embed/8.2.0/../../../../riscv-none-embed/lib/rv32imafc/ilp32f\libg_nano.a(lib_a-fflush.o)
                0x0000000000015984                _fflush_r
 .text.std      0x00000000000159ea       0x6a f:/mounriver_studio_setup_v191/mounriver_studio/toolchain/risc-v embedded gcc/bin/../lib/gcc/riscv-none-embed/8.2.0/../../../../riscv-none-embed/lib/rv32imafc/ilp32f\libg_nano.a(lib_a-findfp.o)
 .text._cleanup_r
                0x0000000000015a54        0xa f:/mounriver_studio_setup_v191/mounriver_studio/toolchain/risc-v embedded gcc/bin/../lib/gcc/riscv-none-embed/8.2.0/../../../../riscv-none-embed/lib/rv32imafc/ilp32f\libg_nano.a(lib_a-findfp.o)
                0x0000000000015a54                _cleanup_r
 .text.__sfmoreglue
                0x0000000000015a5e       0x48 f:/mounriver_studio_setup_v191/mounriver_studio/toolchain/risc-v embedded gcc/bin/../lib/gcc/riscv-none-embed/8.2.0/../../../../riscv-none-embed/lib/rv32imafc/ilp32f\libg_nano.a(lib_a-findfp.o)
                0x0000000000015a5e                __sfmoreglue
 .text.__sinit  0x0000000000015aa6       0x6c f:/mounriver_studio_setup_v191/mounriver_studio/toolchain/risc-v embedded gcc/bin/../lib/gcc/riscv-none-embed/8.2.0/../../../../riscv-none-embed/lib/rv32imafc/ilp32f\libg_nano.a(lib_a-findfp.o)
                0x0000000000015aa6                __sinit
 .text.__sfp    0x0000000000015b12       0xa0 f:/mounriver_studio_setup_v191/mounriver_studio/toolchain/risc-v embedded gcc/bin/../lib/gcc/riscv-none-embed/8.2.0/../../../../riscv-none-embed/lib/rv32imafc/ilp32f\libg_nano.a(lib_a-findfp.o)
                0x0000000000015b12                __sfp
 .text._fwalk_reent
                0x0000000000015bb2       0x6c f:/mounriver_studio_setup_v191/mounriver_studio/toolchain/risc-v embedded gcc/bin/../lib/gcc/riscv-none-embed/8.2.0/../../../../riscv-none-embed/lib/rv32imafc/ilp32f\libg_nano.a(lib_a-fwalk.o)
                0x0000000000015bb2                _fwalk_reent
 .text._localeconv_r
                0x0000000000015c1e       0x18 f:/mounriver_studio_setup_v191/mounriver_studio/toolchain/risc-v embedded gcc/bin/../lib/gcc/riscv-none-embed/8.2.0/../../../../riscv-none-embed/lib/rv32imafc/ilp32f\libg_nano.a(lib_a-localeconv.o)
                0x0000000000015c1e                _localeconv_r
 .text._lseek_r
                0x0000000000015c36       0x36 f:/mounriver_studio_setup_v191/mounriver_studio/toolchain/risc-v embedded gcc/bin/../lib/gcc/riscv-none-embed/8.2.0/../../../../riscv-none-embed/lib/rv32imafc/ilp32f\libg_nano.a(lib_a-lseekr.o)
                0x0000000000015c36                _lseek_r
 .text.__swhatbuf_r
                0x0000000000015c6c       0x5a f:/mounriver_studio_setup_v191/mounriver_studio/toolchain/risc-v embedded gcc/bin/../lib/gcc/riscv-none-embed/8.2.0/../../../../riscv-none-embed/lib/rv32imafc/ilp32f\libg_nano.a(lib_a-makebuf.o)
                0x0000000000015c6c                __swhatbuf_r
 .text.__smakebuf_r
                0x0000000000015cc6       0xa2 f:/mounriver_studio_setup_v191/mounriver_studio/toolchain/risc-v embedded gcc/bin/../lib/gcc/riscv-none-embed/8.2.0/../../../../riscv-none-embed/lib/rv32imafc/ilp32f\libg_nano.a(lib_a-makebuf.o)
                0x0000000000015cc6                __smakebuf_r
 .text.memchr   0x0000000000015d68       0x1a f:/mounriver_studio_setup_v191/mounriver_studio/toolchain/risc-v embedded gcc/bin/../lib/gcc/riscv-none-embed/8.2.0/../../../../riscv-none-embed/lib/rv32imafc/ilp32f\libg_nano.a(lib_a-memchr.o)
                0x0000000000015d68                memchr
 .text.__malloc_lock
                0x0000000000015d82        0x2 f:/mounriver_studio_setup_v191/mounriver_studio/toolchain/risc-v embedded gcc/bin/../lib/gcc/riscv-none-embed/8.2.0/../../../../riscv-none-embed/lib/rv32imafc/ilp32f\libg_nano.a(lib_a-mlock.o)
                0x0000000000015d82                __malloc_lock
 .text.__malloc_unlock
                0x0000000000015d84        0x2 f:/mounriver_studio_setup_v191/mounriver_studio/toolchain/risc-v embedded gcc/bin/../lib/gcc/riscv-none-embed/8.2.0/../../../../riscv-none-embed/lib/rv32imafc/ilp32f\libg_nano.a(lib_a-mlock.o)
                0x0000000000015d84                __malloc_unlock
 .text._Balloc  0x0000000000015d86       0x88 f:/mounriver_studio_setup_v191/mounriver_studio/toolchain/risc-v embedded gcc/bin/../lib/gcc/riscv-none-embed/8.2.0/../../../../riscv-none-embed/lib/rv32imafc/ilp32f\libg_nano.a(lib_a-mprec.o)
                0x0000000000015d86                _Balloc
 .text._Bfree   0x0000000000015e0e       0x44 f:/mounriver_studio_setup_v191/mounriver_studio/toolchain/risc-v embedded gcc/bin/../lib/gcc/riscv-none-embed/8.2.0/../../../../riscv-none-embed/lib/rv32imafc/ilp32f\libg_nano.a(lib_a-mprec.o)
                0x0000000000015e0e                _Bfree
 .text.__multadd
                0x0000000000015e52       0x98 f:/mounriver_studio_setup_v191/mounriver_studio/toolchain/risc-v embedded gcc/bin/../lib/gcc/riscv-none-embed/8.2.0/../../../../riscv-none-embed/lib/rv32imafc/ilp32f\libg_nano.a(lib_a-mprec.o)
                0x0000000000015e52                __multadd
 .text.__hi0bits
                0x0000000000015eea       0x46 f:/mounriver_studio_setup_v191/mounriver_studio/toolchain/risc-v embedded gcc/bin/../lib/gcc/riscv-none-embed/8.2.0/../../../../riscv-none-embed/lib/rv32imafc/ilp32f\libg_nano.a(lib_a-mprec.o)
                0x0000000000015eea                __hi0bits
 .text.__lo0bits
                0x0000000000015f30       0x6a f:/mounriver_studio_setup_v191/mounriver_studio/toolchain/risc-v embedded gcc/bin/../lib/gcc/riscv-none-embed/8.2.0/../../../../riscv-none-embed/lib/rv32imafc/ilp32f\libg_nano.a(lib_a-mprec.o)
                0x0000000000015f30                __lo0bits
 .text.__i2b    0x0000000000015f9a       0x1c f:/mounriver_studio_setup_v191/mounriver_studio/toolchain/risc-v embedded gcc/bin/../lib/gcc/riscv-none-embed/8.2.0/../../../../riscv-none-embed/lib/rv32imafc/ilp32f\libg_nano.a(lib_a-mprec.o)
                0x0000000000015f9a                __i2b
 .text.__multiply
                0x0000000000015fb6      0x144 f:/mounriver_studio_setup_v191/mounriver_studio/toolchain/risc-v embedded gcc/bin/../lib/gcc/riscv-none-embed/8.2.0/../../../../riscv-none-embed/lib/rv32imafc/ilp32f\libg_nano.a(lib_a-mprec.o)
                0x0000000000015fb6                __multiply
 .text.__pow5mult
                0x00000000000160fa       0xbe f:/mounriver_studio_setup_v191/mounriver_studio/toolchain/risc-v embedded gcc/bin/../lib/gcc/riscv-none-embed/8.2.0/../../../../riscv-none-embed/lib/rv32imafc/ilp32f\libg_nano.a(lib_a-mprec.o)
                0x00000000000160fa                __pow5mult
 .text.__lshift
                0x00000000000161b8       0xce f:/mounriver_studio_setup_v191/mounriver_studio/toolchain/risc-v embedded gcc/bin/../lib/gcc/riscv-none-embed/8.2.0/../../../../riscv-none-embed/lib/rv32imafc/ilp32f\libg_nano.a(lib_a-mprec.o)
                0x00000000000161b8                __lshift
 .text.__mcmp   0x0000000000016286       0x32 f:/mounriver_studio_setup_v191/mounriver_studio/toolchain/risc-v embedded gcc/bin/../lib/gcc/riscv-none-embed/8.2.0/../../../../riscv-none-embed/lib/rv32imafc/ilp32f\libg_nano.a(lib_a-mprec.o)
                0x0000000000016286                __mcmp
 .text.__mdiff  0x00000000000162b8       0xf2 f:/mounriver_studio_setup_v191/mounriver_studio/toolchain/risc-v embedded gcc/bin/../lib/gcc/riscv-none-embed/8.2.0/../../../../riscv-none-embed/lib/rv32imafc/ilp32f\libg_nano.a(lib_a-mprec.o)
                0x00000000000162b8                __mdiff
 .text.__d2b    0x00000000000163aa       0xd4 f:/mounriver_studio_setup_v191/mounriver_studio/toolchain/risc-v embedded gcc/bin/../lib/gcc/riscv-none-embed/8.2.0/../../../../riscv-none-embed/lib/rv32imafc/ilp32f\libg_nano.a(lib_a-mprec.o)
                0x00000000000163aa                __d2b
 .text._calloc_r
                0x000000000001647e       0x28 f:/mounriver_studio_setup_v191/mounriver_studio/toolchain/risc-v embedded gcc/bin/../lib/gcc/riscv-none-embed/8.2.0/../../../../riscv-none-embed/lib/rv32imafc/ilp32f\libg_nano.a(lib_a-nano-callocr.o)
                0x000000000001647e                _calloc_r
 .text.__ssputs_r
                0x00000000000164a6       0xee f:/mounriver_studio_setup_v191/mounriver_studio/toolchain/risc-v embedded gcc/bin/../lib/gcc/riscv-none-embed/8.2.0/../../../../riscv-none-embed/lib/rv32imafc/ilp32f\libg_nano.a(lib_a-nano-svfprintf.o)
                0x00000000000164a6                __ssputs_r
 .text._svfprintf_r
                0x0000000000016594      0x27e f:/mounriver_studio_setup_v191/mounriver_studio/toolchain/risc-v embedded gcc/bin/../lib/gcc/riscv-none-embed/8.2.0/../../../../riscv-none-embed/lib/rv32imafc/ilp32f\libg_nano.a(lib_a-nano-svfprintf.o)
                0x0000000000016594                _svfiprintf_r
                0x0000000000016594                _svfprintf_r
 .text._sungetc_r
                0x0000000000016812       0x9a f:/mounriver_studio_setup_v191/mounriver_studio/toolchain/risc-v embedded gcc/bin/../lib/gcc/riscv-none-embed/8.2.0/../../../../riscv-none-embed/lib/rv32imafc/ilp32f\libg_nano.a(lib_a-nano-svfscanf.o)
                0x0000000000016812                _sungetc_r
 .text.__ssrefill_r
                0x00000000000168ac       0x48 f:/mounriver_studio_setup_v191/mounriver_studio/toolchain/risc-v embedded gcc/bin/../lib/gcc/riscv-none-embed/8.2.0/../../../../riscv-none-embed/lib/rv32imafc/ilp32f\libg_nano.a(lib_a-nano-svfscanf.o)
                0x00000000000168ac                __ssrefill_r
 .text.__ssvfscanf_r
                0x00000000000168f4      0x3b6 f:/mounriver_studio_setup_v191/mounriver_studio/toolchain/risc-v embedded gcc/bin/../lib/gcc/riscv-none-embed/8.2.0/../../../../riscv-none-embed/lib/rv32imafc/ilp32f\libg_nano.a(lib_a-nano-svfscanf.o)
                0x00000000000168f4                __ssvfiscanf_r
                0x00000000000168f4                __ssvfscanf_r
 .text.__sfputc_r
                0x0000000000016caa       0x2a f:/mounriver_studio_setup_v191/mounriver_studio/toolchain/risc-v embedded gcc/bin/../lib/gcc/riscv-none-embed/8.2.0/../../../../riscv-none-embed/lib/rv32imafc/ilp32f\libg_nano.a(lib_a-nano-vfprintf.o)
 .text.__sfputs_r
                0x0000000000016cd4       0x44 f:/mounriver_studio_setup_v191/mounriver_studio/toolchain/risc-v embedded gcc/bin/../lib/gcc/riscv-none-embed/8.2.0/../../../../riscv-none-embed/lib/rv32imafc/ilp32f\libg_nano.a(lib_a-nano-vfprintf.o)
                0x0000000000016cd4                __sfputs_r
 .text._vfprintf_r
                0x0000000000016d18      0x2a0 f:/mounriver_studio_setup_v191/mounriver_studio/toolchain/risc-v embedded gcc/bin/../lib/gcc/riscv-none-embed/8.2.0/../../../../riscv-none-embed/lib/rv32imafc/ilp32f\libg_nano.a(lib_a-nano-vfprintf.o)
                0x0000000000016d18                _vfprintf_r
                0x0000000000016d18                _vfiprintf_r
 .text._scanf_chars
                0x0000000000016fb8       0xea f:/mounriver_studio_setup_v191/mounriver_studio/toolchain/risc-v embedded gcc/bin/../lib/gcc/riscv-none-embed/8.2.0/../../../../riscv-none-embed/lib/rv32imafc/ilp32f\libg_nano.a(lib_a-nano-vfscanf_i.o)
                0x0000000000016fb8                _scanf_chars
 .text._scanf_i
                0x00000000000170a2      0x262 f:/mounriver_studio_setup_v191/mounriver_studio/toolchain/risc-v embedded gcc/bin/../lib/gcc/riscv-none-embed/8.2.0/../../../../riscv-none-embed/lib/rv32imafc/ilp32f\libg_nano.a(lib_a-nano-vfscanf_i.o)
                0x00000000000170a2                _scanf_i
 .text._read_r  0x0000000000017304       0x36 f:/mounriver_studio_setup_v191/mounriver_studio/toolchain/risc-v embedded gcc/bin/../lib/gcc/riscv-none-embed/8.2.0/../../../../riscv-none-embed/lib/rv32imafc/ilp32f\libg_nano.a(lib_a-readr.o)
                0x0000000000017304                _read_r
 .text.__sccl   0x000000000001733a       0x8e f:/mounriver_studio_setup_v191/mounriver_studio/toolchain/risc-v embedded gcc/bin/../lib/gcc/riscv-none-embed/8.2.0/../../../../riscv-none-embed/lib/rv32imafc/ilp32f\libg_nano.a(lib_a-sccl.o)
                0x000000000001733a                __sccl
 .text._strtol_l.isra.0
                0x00000000000173c8      0x142 f:/mounriver_studio_setup_v191/mounriver_studio/toolchain/risc-v embedded gcc/bin/../lib/gcc/riscv-none-embed/8.2.0/../../../../riscv-none-embed/lib/rv32imafc/ilp32f\libg_nano.a(lib_a-strtol.o)
 .text._strtol_r
                0x000000000001750a       0x16 f:/mounriver_studio_setup_v191/mounriver_studio/toolchain/risc-v embedded gcc/bin/../lib/gcc/riscv-none-embed/8.2.0/../../../../riscv-none-embed/lib/rv32imafc/ilp32f\libg_nano.a(lib_a-strtol.o)
                0x000000000001750a                _strtol_r
 .text._strtoul_l.isra.0
                0x0000000000017520      0x138 f:/mounriver_studio_setup_v191/mounriver_studio/toolchain/risc-v embedded gcc/bin/../lib/gcc/riscv-none-embed/8.2.0/../../../../riscv-none-embed/lib/rv32imafc/ilp32f\libg_nano.a(lib_a-strtoul.o)
 .text._strtoul_r
                0x0000000000017658       0x16 f:/mounriver_studio_setup_v191/mounriver_studio/toolchain/risc-v embedded gcc/bin/../lib/gcc/riscv-none-embed/8.2.0/../../../../riscv-none-embed/lib/rv32imafc/ilp32f\libg_nano.a(lib_a-strtoul.o)
                0x0000000000017658                _strtoul_r
 .text.__submore
                0x000000000001766e       0x8a f:/mounriver_studio_setup_v191/mounriver_studio/toolchain/risc-v embedded gcc/bin/../lib/gcc/riscv-none-embed/8.2.0/../../../../riscv-none-embed/lib/rv32imafc/ilp32f\libg_nano.a(lib_a-ungetc.o)
                0x000000000001766e                __submore
 .text._fstat_r
                0x00000000000176f8       0x32 f:/mounriver_studio_setup_v191/mounriver_studio/toolchain/risc-v embedded gcc/bin/../lib/gcc/riscv-none-embed/8.2.0/../../../../riscv-none-embed/lib/rv32imafc/ilp32f\libg_nano.a(lib_a-fstatr.o)
                0x00000000000176f8                _fstat_r
 .text._isatty_r
                0x000000000001772a       0x30 f:/mounriver_studio_setup_v191/mounriver_studio/toolchain/risc-v embedded gcc/bin/../lib/gcc/riscv-none-embed/8.2.0/../../../../riscv-none-embed/lib/rv32imafc/ilp32f\libg_nano.a(lib_a-isattyr.o)
                0x000000000001772a                _isatty_r
 .text.__locale_ctype_ptr_l
                0x000000000001775a        0x6 f:/mounriver_studio_setup_v191/mounriver_studio/toolchain/risc-v embedded gcc/bin/../lib/gcc/riscv-none-embed/8.2.0/../../../../riscv-none-embed/lib/rv32imafc/ilp32f\libg_nano.a(lib_a-locale.o)
                0x000000000001775a                __locale_ctype_ptr_l
 .text.__locale_ctype_ptr
                0x0000000000017760       0x18 f:/mounriver_studio_setup_v191/mounriver_studio/toolchain/risc-v embedded gcc/bin/../lib/gcc/riscv-none-embed/8.2.0/../../../../riscv-none-embed/lib/rv32imafc/ilp32f\libg_nano.a(lib_a-locale.o)
                0x0000000000017760                __locale_ctype_ptr
 .text.__ascii_mbtowc
                0x0000000000017778       0x3a f:/mounriver_studio_setup_v191/mounriver_studio/toolchain/risc-v embedded gcc/bin/../lib/gcc/riscv-none-embed/8.2.0/../../../../riscv-none-embed/lib/rv32imafc/ilp32f\libg_nano.a(lib_a-mbtowc_r.o)
                0x0000000000017778                __ascii_mbtowc
 .text.memmove  0x00000000000177b2       0x4a f:/mounriver_studio_setup_v191/mounriver_studio/toolchain/risc-v embedded gcc/bin/../lib/gcc/riscv-none-embed/8.2.0/../../../../riscv-none-embed/lib/rv32imafc/ilp32f\libg_nano.a(lib_a-memmove.o)
                0x00000000000177b2                memmove
 .text._realloc_r
                0x00000000000177fc       0x58 f:/mounriver_studio_setup_v191/mounriver_studio/toolchain/risc-v embedded gcc/bin/../lib/gcc/riscv-none-embed/8.2.0/../../../../riscv-none-embed/lib/rv32imafc/ilp32f\libg_nano.a(lib_a-nano-reallocr.o)
                0x00000000000177fc                _realloc_r
 .text.__ascii_wctomb
                0x0000000000017854       0x20 f:/mounriver_studio_setup_v191/mounriver_studio/toolchain/risc-v embedded gcc/bin/../lib/gcc/riscv-none-embed/8.2.0/../../../../riscv-none-embed/lib/rv32imafc/ilp32f\libg_nano.a(lib_a-wctomb_r.o)
                0x0000000000017854                __ascii_wctomb
 .text._malloc_usable_size_r
                0x0000000000017874       0x14 f:/mounriver_studio_setup_v191/mounriver_studio/toolchain/risc-v embedded gcc/bin/../lib/gcc/riscv-none-embed/8.2.0/../../../../riscv-none-embed/lib/rv32imafc/ilp32f\libg_nano.a(lib_a-nano-msizer.o)
                0x0000000000017874                _malloc_usable_size_r
 .text.__trunctfdf2
                0x0000000000017888      0x3d0 f:/mounriver_studio_setup_v191/mounriver_studio/toolchain/risc-v embedded gcc/bin/../lib/gcc/riscv-none-embed/8.2.0/rv32imafc/ilp32f\libgcc.a(trunctfdf2.o)
                0x0000000000017888                __trunctfdf2
 .text._close   0x0000000000017c58       0x10 f:/mounriver_studio_setup_v191/mounriver_studio/toolchain/risc-v embedded gcc/bin/../lib/gcc/riscv-none-embed/8.2.0/../../../../riscv-none-embed/lib/rv32imafc/ilp32f\libnosys.a(close.o)
                0x0000000000017c58                _close
 .text._fstat   0x0000000000017c68       0x10 f:/mounriver_studio_setup_v191/mounriver_studio/toolchain/risc-v embedded gcc/bin/../lib/gcc/riscv-none-embed/8.2.0/../../../../riscv-none-embed/lib/rv32imafc/ilp32f\libnosys.a(fstat.o)
                0x0000000000017c68                _fstat
 .text._isatty  0x0000000000017c78       0x10 f:/mounriver_studio_setup_v191/mounriver_studio/toolchain/risc-v embedded gcc/bin/../lib/gcc/riscv-none-embed/8.2.0/../../../../riscv-none-embed/lib/rv32imafc/ilp32f\libnosys.a(isatty.o)
                0x0000000000017c78                _isatty
 .text._lseek   0x0000000000017c88       0x10 f:/mounriver_studio_setup_v191/mounriver_studio/toolchain/risc-v embedded gcc/bin/../lib/gcc/riscv-none-embed/8.2.0/../../../../riscv-none-embed/lib/rv32imafc/ilp32f\libnosys.a(lseek.o)
                0x0000000000017c88                _lseek
 .text._read    0x0000000000017c98       0x10 f:/mounriver_studio_setup_v191/mounriver_studio/toolchain/risc-v embedded gcc/bin/../lib/gcc/riscv-none-embed/8.2.0/../../../../riscv-none-embed/lib/rv32imafc/ilp32f\libnosys.a(read.o)
                0x0000000000017c98                _read
 .text._sbrk    0x0000000000017ca8       0x24 f:/mounriver_studio_setup_v191/mounriver_studio/toolchain/risc-v embedded gcc/bin/../lib/gcc/riscv-none-embed/8.2.0/../../../../riscv-none-embed/lib/rv32imafc/ilp32f\libnosys.a(sbrk.o)
                0x0000000000017ca8                _sbrk
 *(.rodata)
 *fill*         0x0000000000017ccc        0x0 
 .rodata        0x0000000000017ccc       0x41 ./zf_driver/zf_driver_encoder.o
 *fill*         0x0000000000017d0d        0x3 
 .rodata        0x0000000000017d10       0x65 ./zf_driver/zf_driver_pit.o
 *fill*         0x0000000000017d75        0x3 
 .rodata        0x0000000000017d78       0x3d ./zf_driver/zf_driver_pwm.o
 *fill*         0x0000000000017db5        0x3 
 .rodata        0x0000000000017db8       0x42 ./zf_driver/zf_driver_soft_iic.o
 *fill*         0x0000000000017dfa        0x2 
 .rodata        0x0000000000017dfc       0x3e ./zf_driver/zf_driver_uart.o
 *fill*         0x0000000000017e3a        0x6 
 .rodata        0x0000000000017e40        0x8 ./zf_device/zf_device_dm1xa.o
 .rodata        0x0000000000017e48       0xfc ./zf_device/zf_device_mt9v03x_dvp.o
 .rodata        0x0000000000017f44       0x46 ./zf_components/seekfree_assistant.o
 *fill*         0x0000000000017f8a        0x2 
 .rodata        0x0000000000017f8c       0x78 ./zf_common/zf_common_debug.o
 .rodata        0x0000000000018004       0x3e ./zf_common/zf_common_fifo.o
 *fill*         0x0000000000018042        0x2 
 .rodata        0x0000000000018044        0x4 ./user_c/PID.o
 .rodata        0x0000000000018048       0xe0 ./user_c/cam.o
 .rodata        0x0000000000018128       0xd8 ./user_c/main.o
 .rodata        0x0000000000018200       0x41 ./sdk/Peripheral/ch32v30x_usbotg_device.o
 *(.rodata*)
 *fill*         0x0000000000018241        0x3 
 .rodata.encoder_get_count
                0x0000000000018244       0x28 ./zf_driver/zf_driver_encoder.o
 .rodata.encoder_clear_count
                0x000000000001826c       0x28 ./zf_driver/zf_driver_encoder.o
 .rodata.encoder_quad_init
                0x0000000000018294       0x28 ./zf_driver/zf_driver_encoder.o
 .rodata.pit_init
                0x00000000000182bc       0x28 ./zf_driver/zf_driver_pit.o
 .rodata.pwm_set_duty
                0x00000000000182e4       0x28 ./zf_driver/zf_driver_pwm.o
 .rodata.pwm_init
                0x000000000001830c       0x28 ./zf_driver/zf_driver_pwm.o
 .rodata.timer_get
                0x0000000000018334       0x28 ./zf_driver/zf_driver_timer.o
 .rodata.timer_clear
                0x000000000001835c       0x28 ./zf_driver/zf_driver_timer.o
 .rodata.uart_index
                0x0000000000018384       0x20 ./zf_driver/zf_driver_uart.o
                0x0000000000018384                uart_index
 .rodata.uart7_rx_interrupt_handler
                0x00000000000183a4       0x18 ./user_c/main.o
 .rodata.MyDevDescrHD
                0x00000000000183bc       0x12 ./sdk/Peripheral/ch32v30x_usbotg_device.o
                0x00000000000183bc                MyDevDescrHD
 *fill*         0x00000000000183ce        0x2 
 .rodata.MyCfgDescrHD
                0x00000000000183d0       0x43 ./sdk/Peripheral/ch32v30x_usbotg_device.o
                0x00000000000183d0                MyCfgDescrHD
 *fill*         0x0000000000018413        0x1 
 .rodata.MyReportDescHD
                0x0000000000018414       0x14 ./sdk/Peripheral/ch32v30x_usbotg_device.o
                0x0000000000018414                MyReportDescHD
 .rodata.MyManuInfoHD
                0x0000000000018428        0xe ./sdk/Peripheral/ch32v30x_usbotg_device.o
                0x0000000000018428                MyManuInfoHD
 *fill*         0x0000000000018436        0x2 
 .rodata.MyProdInfoHD
                0x0000000000018438        0xc ./sdk/Peripheral/ch32v30x_usbotg_device.o
                0x0000000000018438                MyProdInfoHD
 .rodata.MySerNumInfoHD
                0x0000000000018444       0x16 ./sdk/Peripheral/ch32v30x_usbotg_device.o
                0x0000000000018444                MySerNumInfoHD
 *fill*         0x000000000001845a        0x2 
 .rodata.MyUSBQUADescHD
                0x000000000001845c        0xa ./sdk/Peripheral/ch32v30x_usbotg_device.o
                0x000000000001845c                MyUSBQUADescHD
 *fill*         0x0000000000018466        0x2 
 .rodata.OTG_FS_IRQHandler
                0x0000000000018468       0xbc ./sdk/Peripheral/ch32v30x_usbotg_device.o
 *fill*         0x0000000000018524        0x4 
 .rodata.pow.cst8
                0x0000000000018528       0x30 f:/mounriver_studio_setup_v191/mounriver_studio/toolchain/risc-v embedded gcc/bin/../lib/gcc/riscv-none-embed/8.2.0/../../../../riscv-none-embed/lib/rv32imafc/ilp32f\libm.a(lib_a-w_pow.o)
 .rodata.pow.str1.4
                0x0000000000018558        0x4 f:/mounriver_studio_setup_v191/mounriver_studio/toolchain/risc-v embedded gcc/bin/../lib/gcc/riscv-none-embed/8.2.0/../../../../riscv-none-embed/lib/rv32imafc/ilp32f\libm.a(lib_a-w_pow.o)
 *fill*         0x000000000001855c        0x4 
 .rodata.__ieee754_pow.cst8
                0x0000000000018560      0x100 f:/mounriver_studio_setup_v191/mounriver_studio/toolchain/risc-v embedded gcc/bin/../lib/gcc/riscv-none-embed/8.2.0/../../../../riscv-none-embed/lib/rv32imafc/ilp32f\libm.a(lib_a-e_pow.o)
                                        0x110 (size before relaxing)
 .rodata.__ieee754_pow.str1.4
                0x0000000000018660        0x4 f:/mounriver_studio_setup_v191/mounriver_studio/toolchain/risc-v embedded gcc/bin/../lib/gcc/riscv-none-embed/8.2.0/../../../../riscv-none-embed/lib/rv32imafc/ilp32f\libm.a(lib_a-e_pow.o)
                                          0x1 (size before relaxing)
 .rodata.nan.cst8
                0x0000000000018660        0x8 f:/mounriver_studio_setup_v191/mounriver_studio/toolchain/risc-v embedded gcc/bin/../lib/gcc/riscv-none-embed/8.2.0/../../../../riscv-none-embed/lib/rv32imafc/ilp32f\libm.a(lib_a-s_nan.o)
 .rodata.TWO52  0x0000000000018668       0x10 f:/mounriver_studio_setup_v191/mounriver_studio/toolchain/risc-v embedded gcc/bin/../lib/gcc/riscv-none-embed/8.2.0/../../../../riscv-none-embed/lib/rv32imafc/ilp32f\libm.a(lib_a-s_rint.o)
 .rodata.scalbn.cst8
                0x0000000000018678       0x10 f:/mounriver_studio_setup_v191/mounriver_studio/toolchain/risc-v embedded gcc/bin/../lib/gcc/riscv-none-embed/8.2.0/../../../../riscv-none-embed/lib/rv32imafc/ilp32f\libm.a(lib_a-s_scalbn.o)
                                         0x20 (size before relaxing)
 .rodata.__divdf3
                0x0000000000018688       0x40 f:/mounriver_studio_setup_v191/mounriver_studio/toolchain/risc-v embedded gcc/bin/../lib/gcc/riscv-none-embed/8.2.0/rv32imafc/ilp32f\libgcc.a(divdf3.o)
 .rodata.__muldf3
                0x00000000000186c8       0x40 f:/mounriver_studio_setup_v191/mounriver_studio/toolchain/risc-v embedded gcc/bin/../lib/gcc/riscv-none-embed/8.2.0/rv32imafc/ilp32f\libgcc.a(muldf3.o)
 .rodata.__clz_tab
                0x0000000000018708      0x100 f:/mounriver_studio_setup_v191/mounriver_studio/toolchain/risc-v embedded gcc/bin/../lib/gcc/riscv-none-embed/8.2.0/rv32imafc/ilp32f\libgcc.a(_clz.o)
                0x0000000000018708                __clz_tab
 .rodata._printf_float.cst8
                0x0000000000018808        0x8 f:/mounriver_studio_setup_v191/mounriver_studio/toolchain/risc-v embedded gcc/bin/../lib/gcc/riscv-none-embed/8.2.0/../../../../riscv-none-embed/lib/rv32imafc/ilp32f\libg_nano.a(lib_a-nano-vfprintf_float.o)
 .rodata._printf_float.str1.4
                0x0000000000018810       0x12 f:/mounriver_studio_setup_v191/mounriver_studio/toolchain/risc-v embedded gcc/bin/../lib/gcc/riscv-none-embed/8.2.0/../../../../riscv-none-embed/lib/rv32imafc/ilp32f\libg_nano.a(lib_a-nano-vfprintf_float.o)
 *fill*         0x0000000000018822        0x2 
 .rodata._printf_i.str1.4
                0x0000000000018824       0x25 f:/mounriver_studio_setup_v191/mounriver_studio/toolchain/risc-v embedded gcc/bin/../lib/gcc/riscv-none-embed/8.2.0/../../../../riscv-none-embed/lib/rv32imafc/ilp32f\libg_nano.a(lib_a-nano-vfprintf_i.o)
 *fill*         0x0000000000018849        0x7 
 .rodata._dtoa_r.cst8
                0x0000000000018850       0x30 f:/mounriver_studio_setup_v191/mounriver_studio/toolchain/risc-v embedded gcc/bin/../lib/gcc/riscv-none-embed/8.2.0/../../../../riscv-none-embed/lib/rv32imafc/ilp32f\libg_nano.a(lib_a-dtoa.o)
                                         0x48 (size before relaxing)
 .rodata._dtoa_r.str1.4
                0x0000000000018880       0x10 f:/mounriver_studio_setup_v191/mounriver_studio/toolchain/risc-v embedded gcc/bin/../lib/gcc/riscv-none-embed/8.2.0/../../../../riscv-none-embed/lib/rv32imafc/ilp32f\libg_nano.a(lib_a-dtoa.o)
                                         0x12 (size before relaxing)
 .rodata.__sf_fake_stderr
                0x0000000000018890       0x20 f:/mounriver_studio_setup_v191/mounriver_studio/toolchain/risc-v embedded gcc/bin/../lib/gcc/riscv-none-embed/8.2.0/../../../../riscv-none-embed/lib/rv32imafc/ilp32f\libg_nano.a(lib_a-findfp.o)
                0x0000000000018890                __sf_fake_stderr
 .rodata.__sf_fake_stdin
                0x00000000000188b0       0x20 f:/mounriver_studio_setup_v191/mounriver_studio/toolchain/risc-v embedded gcc/bin/../lib/gcc/riscv-none-embed/8.2.0/../../../../riscv-none-embed/lib/rv32imafc/ilp32f\libg_nano.a(lib_a-findfp.o)
                0x00000000000188b0                __sf_fake_stdin
 .rodata.__sf_fake_stdout
                0x00000000000188d0       0x20 f:/mounriver_studio_setup_v191/mounriver_studio/toolchain/risc-v embedded gcc/bin/../lib/gcc/riscv-none-embed/8.2.0/../../../../riscv-none-embed/lib/rv32imafc/ilp32f\libg_nano.a(lib_a-findfp.o)
                0x00000000000188d0                __sf_fake_stdout
 .rodata.__mprec_bigtens
                0x00000000000188f0       0x28 f:/mounriver_studio_setup_v191/mounriver_studio/toolchain/risc-v embedded gcc/bin/../lib/gcc/riscv-none-embed/8.2.0/../../../../riscv-none-embed/lib/rv32imafc/ilp32f\libg_nano.a(lib_a-mprec.o)
                0x00000000000188f0                __mprec_bigtens
 .rodata.__mprec_tens
                0x0000000000018918       0xc8 f:/mounriver_studio_setup_v191/mounriver_studio/toolchain/risc-v embedded gcc/bin/../lib/gcc/riscv-none-embed/8.2.0/../../../../riscv-none-embed/lib/rv32imafc/ilp32f\libg_nano.a(lib_a-mprec.o)
                0x0000000000018918                __mprec_tens
 .rodata.p05.3321
                0x00000000000189e0        0xc f:/mounriver_studio_setup_v191/mounriver_studio/toolchain/risc-v embedded gcc/bin/../lib/gcc/riscv-none-embed/8.2.0/../../../../riscv-none-embed/lib/rv32imafc/ilp32f\libg_nano.a(lib_a-mprec.o)
 .rodata._svfprintf_r.str1.4
                0x00000000000189ec       0x13 f:/mounriver_studio_setup_v191/mounriver_studio/toolchain/risc-v embedded gcc/bin/../lib/gcc/riscv-none-embed/8.2.0/../../../../riscv-none-embed/lib/rv32imafc/ilp32f\libg_nano.a(lib_a-nano-svfprintf.o)
 .rodata.__ssvfscanf_r.str1.4
                0x00000000000189ff        0x4 f:/mounriver_studio_setup_v191/mounriver_studio/toolchain/risc-v embedded gcc/bin/../lib/gcc/riscv-none-embed/8.2.0/../../../../riscv-none-embed/lib/rv32imafc/ilp32f\libg_nano.a(lib_a-nano-svfscanf.o)
 .rodata._vfprintf_r.str1.4
                0x00000000000189ff       0x13 f:/mounriver_studio_setup_v191/mounriver_studio/toolchain/risc-v embedded gcc/bin/../lib/gcc/riscv-none-embed/8.2.0/../../../../riscv-none-embed/lib/rv32imafc/ilp32f\libg_nano.a(lib_a-nano-vfprintf.o)
 *fill*         0x00000000000189ff        0x1 
 .rodata._scanf_i.str1.4
                0x0000000000018a00       0x12 f:/mounriver_studio_setup_v191/mounriver_studio/toolchain/risc-v embedded gcc/bin/../lib/gcc/riscv-none-embed/8.2.0/../../../../riscv-none-embed/lib/rv32imafc/ilp32f\libg_nano.a(lib_a-nano-vfscanf_i.o)
 *fill*         0x0000000000018a12        0x2 
 .rodata.str1.4
                0x0000000000018a14        0xb f:/mounriver_studio_setup_v191/mounriver_studio/toolchain/risc-v embedded gcc/bin/../lib/gcc/riscv-none-embed/8.2.0/../../../../riscv-none-embed/lib/rv32imafc/ilp32f\libg_nano.a(lib_a-nano-vfscanf_i.o)
 *fill*         0x0000000000018a1f        0x1 
 .rodata._setlocale_r.str1.4
                0x0000000000018a20        0xa f:/mounriver_studio_setup_v191/mounriver_studio/toolchain/risc-v embedded gcc/bin/../lib/gcc/riscv-none-embed/8.2.0/../../../../riscv-none-embed/lib/rv32imafc/ilp32f\libg_nano.a(lib_a-locale.o)
                                          0xd (size before relaxing)
 *fill*         0x0000000000018a2a        0x2 
 .rodata.str1.4
                0x0000000000018a2c        0x4 f:/mounriver_studio_setup_v191/mounriver_studio/toolchain/risc-v embedded gcc/bin/../lib/gcc/riscv-none-embed/8.2.0/../../../../riscv-none-embed/lib/rv32imafc/ilp32f\libg_nano.a(lib_a-locale.o)
                                          0x2 (size before relaxing)
 .rodata._ctype_
                0x0000000000018a30      0x101 f:/mounriver_studio_setup_v191/mounriver_studio/toolchain/risc-v embedded gcc/bin/../lib/gcc/riscv-none-embed/8.2.0/../../../../riscv-none-embed/lib/rv32imafc/ilp32f\libg_nano.a(lib_a-ctype_.o)
                0x0000000000018a30                _ctype_
 *(.glue_7)
 *(.glue_7t)
 *(.gnu.linkonce.t.*)
                0x0000000000018b34                . = ALIGN (0x4)
 *fill*         0x0000000000018b31        0x3 

.rela.dyn       0x0000000000018b34        0x0
 .rela.sdata.seekfree_assistant_transfer_callback
                0x0000000000018b34        0x0 ./zf_driver/zf_driver_delay.o
 .rela.init     0x0000000000018b34        0x0 ./zf_driver/zf_driver_delay.o
 .rela.vector   0x0000000000018b34        0x0 ./zf_driver/zf_driver_delay.o
 .rela.text.handle_reset
                0x0000000000018b34        0x0 ./zf_driver/zf_driver_delay.o
 .rela.text._sbrk_r
                0x0000000000018b34        0x0 ./zf_driver/zf_driver_delay.o
 .rela.text._write_r
                0x0000000000018b34        0x0 ./zf_driver/zf_driver_delay.o
 .rela.text._close_r
                0x0000000000018b34        0x0 ./zf_driver/zf_driver_delay.o
 .rela.text._lseek_r
                0x0000000000018b34        0x0 ./zf_driver/zf_driver_delay.o
 .rela.text._svfprintf_r
                0x0000000000018b34        0x0 ./zf_driver/zf_driver_delay.o
 .rela.text.__ssvfscanf_r
                0x0000000000018b34        0x0 ./zf_driver/zf_driver_delay.o
 .rela.text._vfprintf_r
                0x0000000000018b34        0x0 ./zf_driver/zf_driver_delay.o
 .rela.text._read_r
                0x0000000000018b34        0x0 ./zf_driver/zf_driver_delay.o
 .rela.text._fstat_r
                0x0000000000018b34        0x0 ./zf_driver/zf_driver_delay.o
 .rela.text._isatty_r
                0x0000000000018b34        0x0 ./zf_driver/zf_driver_delay.o
 .rela.text._close
                0x0000000000018b34        0x0 ./zf_driver/zf_driver_delay.o
 .rela.text._fstat
                0x0000000000018b34        0x0 ./zf_driver/zf_driver_delay.o
 .rela.text._isatty
                0x0000000000018b34        0x0 ./zf_driver/zf_driver_delay.o
 .rela.text._lseek
                0x0000000000018b34        0x0 ./zf_driver/zf_driver_delay.o
 .rela.text._read
                0x0000000000018b34        0x0 ./zf_driver/zf_driver_delay.o
 .rela.text._sbrk
                0x0000000000018b34        0x0 ./zf_driver/zf_driver_delay.o

.fini           0x0000000000018b34        0x0
 *(SORT_NONE(.fini))
                0x0000000000018b34                . = ALIGN (0x4)
                [!provide]                        PROVIDE (_etext = .)
                [!provide]                        PROVIDE (_eitcm = .)

.preinit_array  0x0000000000018b34        0x0
                [!provide]                        PROVIDE (__preinit_array_start = .)
 *(.preinit_array)
                [!provide]                        PROVIDE (__preinit_array_end = .)

.init_array     0x0000000000018b34        0x0
                [!provide]                        PROVIDE (__init_array_start = .)
 *(SORT_BY_INIT_PRIORITY(.init_array.*) SORT_BY_INIT_PRIORITY(.ctors.*))
 *(.init_array EXCLUDE_FILE(*crtend?.o *crtend.o *crtbegin?.o *crtbegin.o) .ctors)
                [!provide]                        PROVIDE (__init_array_end = .)

.fini_array     0x0000000000018b34        0x0
                [!provide]                        PROVIDE (__fini_array_start = .)
 *(SORT_BY_INIT_PRIORITY(.fini_array.*) SORT_BY_INIT_PRIORITY(.dtors.*))
 *(.fini_array EXCLUDE_FILE(*crtend?.o *crtend.o *crtbegin?.o *crtbegin.o) .dtors)
                [!provide]                        PROVIDE (__fini_array_end = .)

.ctors
 *crtbegin.o(.ctors)
 *crtbegin?.o(.ctors)
 *(EXCLUDE_FILE(*crtend?.o *crtend.o) .ctors)
 *(SORT_BY_NAME(.ctors.*))
 *(.ctors)

.dtors
 *crtbegin.o(.dtors)
 *crtbegin?.o(.dtors)
 *(EXCLUDE_FILE(*crtend?.o *crtend.o) .dtors)
 *(SORT_BY_NAME(.dtors.*))
 *(.dtors)

.dalign         0x0000000020000040        0x0 load address 0x0000000000018b34
                0x0000000020000040                . = ALIGN (0x4)
                0x0000000020000040                PROVIDE (_data_vma = .)

.dlalign        0x0000000000018b34        0x0
                0x0000000000018b34                . = ALIGN (0x4)
                0x0000000000018b34                PROVIDE (_data_lma = .)

.data           0x0000000020000040      0x410 load address 0x0000000000018b34
 *(.gnu.linkonce.r.*)
 *(.data .data.*)
 .data.encoder_dir_pin
                0x0000000020000040        0xa ./zf_driver/zf_driver_encoder.o
 *fill*         0x000000002000004a        0x2 
 .data.gpio_group
                0x000000002000004c       0x14 ./zf_driver/zf_driver_gpio.o
                0x000000002000004c                gpio_group
 .data.Corners  0x0000000020000060       0x78 ./user_c/cam.o
                0x0000000020000060                Corners
 .data.Middle_Black_Point
                0x00000000200000d8       0x78 ./user_c/cam.o