Archive member included to satisfy reference by file (symbol)

f:/mounriver_studio/mounriver_studio/toolchain/risc-v embedded gcc/bin/../lib/gcc/riscv-none-embed/8.2.0/../../../../riscv-none-embed/lib/rv32imafc/ilp32f\libm.a(lib_a-s_cos.o)
                              ./zf_device/zf_device_gnss.o (cos)
f:/mounriver_studio/mounriver_studio/toolchain/risc-v embedded gcc/bin/../lib/gcc/riscv-none-embed/8.2.0/../../../../riscv-none-embed/lib/rv32imafc/ilp32f\libm.a(lib_a-s_sin.o)
                              ./zf_device/zf_device_gnss.o (sin)
f:/mounriver_studio/mounriver_studio/toolchain/risc-v embedded gcc/bin/../lib/gcc/riscv-none-embed/8.2.0/../../../../riscv-none-embed/lib/rv32imafc/ilp32f\libm.a(lib_a-w_asin.o)
                              ./zf_device/zf_device_gnss.o (asin)
f:/mounriver_studio/mounriver_studio/toolchain/risc-v embedded gcc/bin/../lib/gcc/riscv-none-embed/8.2.0/../../../../riscv-none-embed/lib/rv32imafc/ilp32f\libm.a(lib_a-w_atan2.o)
                              ./zf_device/zf_device_gnss.o (atan2)
f:/mounriver_studio/mounriver_studio/toolchain/risc-v embedded gcc/bin/../lib/gcc/riscv-none-embed/8.2.0/../../../../riscv-none-embed/lib/rv32imafc/ilp32f\libm.a(lib_a-w_pow.o)
                              ./zf_device/zf_device_gnss.o (pow)
f:/mounriver_studio/mounriver_studio/toolchain/risc-v embedded gcc/bin/../lib/gcc/riscv-none-embed/8.2.0/../../../../riscv-none-embed/lib/rv32imafc/ilp32f\libm.a(lib_a-w_sqrt.o)
                              ./zf_device/zf_device_gnss.o (sqrt)
f:/mounriver_studio/mounriver_studio/toolchain/risc-v embedded gcc/bin/../lib/gcc/riscv-none-embed/8.2.0/../../../../riscv-none-embed/lib/rv32imafc/ilp32f\libm.a(lib_a-e_asin.o)
                              f:/mounriver_studio/mounriver_studio/toolchain/risc-v embedded gcc/bin/../lib/gcc/riscv-none-embed/8.2.0/../../../../riscv-none-embed/lib/rv32imafc/ilp32f\libm.a(lib_a-w_asin.o) (__ieee754_asin)
f:/mounriver_studio/mounriver_studio/toolchain/risc-v embedded gcc/bin/../lib/gcc/riscv-none-embed/8.2.0/../../../../riscv-none-embed/lib/rv32imafc/ilp32f\libm.a(lib_a-e_atan2.o)
                              f:/mounriver_studio/mounriver_studio/toolchain/risc-v embedded gcc/bin/../lib/gcc/riscv-none-embed/8.2.0/../../../../riscv-none-embed/lib/rv32imafc/ilp32f\libm.a(lib_a-w_atan2.o) (__ieee754_atan2)
f:/mounriver_studio/mounriver_studio/toolchain/risc-v embedded gcc/bin/../lib/gcc/riscv-none-embed/8.2.0/../../../../riscv-none-embed/lib/rv32imafc/ilp32f\libm.a(lib_a-e_pow.o)
                              f:/mounriver_studio/mounriver_studio/toolchain/risc-v embedded gcc/bin/../lib/gcc/riscv-none-embed/8.2.0/../../../../riscv-none-embed/lib/rv32imafc/ilp32f\libm.a(lib_a-w_pow.o) (__ieee754_pow)
f:/mounriver_studio/mounriver_studio/toolchain/risc-v embedded gcc/bin/../lib/gcc/riscv-none-embed/8.2.0/../../../../riscv-none-embed/lib/rv32imafc/ilp32f\libm.a(lib_a-e_rem_pio2.o)
                              f:/mounriver_studio/mounriver_studio/toolchain/risc-v embedded gcc/bin/../lib/gcc/riscv-none-embed/8.2.0/../../../../riscv-none-embed/lib/rv32imafc/ilp32f\libm.a(lib_a-s_cos.o) (__ieee754_rem_pio2)
f:/mounriver_studio/mounriver_studio/toolchain/risc-v embedded gcc/bin/../lib/gcc/riscv-none-embed/8.2.0/../../../../riscv-none-embed/lib/rv32imafc/ilp32f\libm.a(lib_a-e_sqrt.o)
                              f:/mounriver_studio/mounriver_studio/toolchain/risc-v embedded gcc/bin/../lib/gcc/riscv-none-embed/8.2.0/../../../../riscv-none-embed/lib/rv32imafc/ilp32f\libm.a(lib_a-w_sqrt.o) (__ieee754_sqrt)
f:/mounriver_studio/mounriver_studio/toolchain/risc-v embedded gcc/bin/../lib/gcc/riscv-none-embed/8.2.0/../../../../riscv-none-embed/lib/rv32imafc/ilp32f\libm.a(lib_a-k_cos.o)
                              f:/mounriver_studio/mounriver_studio/toolchain/risc-v embedded gcc/bin/../lib/gcc/riscv-none-embed/8.2.0/../../../../riscv-none-embed/lib/rv32imafc/ilp32f\libm.a(lib_a-s_cos.o) (__kernel_cos)
f:/mounriver_studio/mounriver_studio/toolchain/risc-v embedded gcc/bin/../lib/gcc/riscv-none-embed/8.2.0/../../../../riscv-none-embed/lib/rv32imafc/ilp32f\libm.a(lib_a-k_rem_pio2.o)
                              f:/mounriver_studio/mounriver_studio/toolchain/risc-v embedded gcc/bin/../lib/gcc/riscv-none-embed/8.2.0/../../../../riscv-none-embed/lib/rv32imafc/ilp32f\libm.a(lib_a-e_rem_pio2.o) (__kernel_rem_pio2)
f:/mounriver_studio/mounriver_studio/toolchain/risc-v embedded gcc/bin/../lib/gcc/riscv-none-embed/8.2.0/../../../../riscv-none-embed/lib/rv32imafc/ilp32f\libm.a(lib_a-k_sin.o)
                              f:/mounriver_studio/mounriver_studio/toolchain/risc-v embedded gcc/bin/../lib/gcc/riscv-none-embed/8.2.0/../../../../riscv-none-embed/lib/rv32imafc/ilp32f\libm.a(lib_a-s_cos.o) (__kernel_sin)
f:/mounriver_studio/mounriver_studio/toolchain/risc-v embedded gcc/bin/../lib/gcc/riscv-none-embed/8.2.0/../../../../riscv-none-embed/lib/rv32imafc/ilp32f\libm.a(lib_a-s_atan.o)
[...]
Memory Configuration

Name             Origin             Length             Attributes
RAM              0x0000000020000040 0x000000000000fc00 xrw
FLASH            0x0000000000000000 0x0000000000040000 xr
*default*        0x0000000000000000 0xffffffffffffffff

Linker script and memory map

LOAD ./zf_driver/zf_driver_adc.o
LOAD ./zf_driver/zf_driver_delay.o
LOAD ./zf_driver/zf_driver_dvp.o
LOAD ./zf_driver/zf_driver_encoder.o
LOAD ./zf_driver/zf_driver_exti.o
LOAD ./zf_driver/zf_driver_flash.o
LOAD ./zf_driver/zf_driver_gpio.o
LOAD ./zf_driver/zf_driver_iic.o
LOAD ./zf_driver/zf_driver_pit.o
LOAD ./zf_driver/zf_driver_pwm.o
LOAD ./zf_driver/zf_driver_soft_iic.o
LOAD ./zf_driver/zf_driver_soft_spi.o
LOAD ./zf_driver/zf_driver_spi.o
LOAD ./zf_driver/zf_driver_timer.o
LOAD ./zf_driver/zf_driver_uart.o
LOAD ./zf_driver/zf_driver_usb_cdc.o
LOAD ./zf_device/zf_device_absolute_encoder.o
LOAD ./zf_device/zf_device_aht20.o
LOAD ./zf_device/zf_device_bluetooth_ch9141.o
LOAD ./zf_device/zf_device_camera.o
LOAD ./zf_device/zf_device_dl1a.o
LOAD ./zf_device/zf_device_dl1b.o
LOAD ./zf_device/zf_device_dm1xa.o
LOAD ./zf_device/zf_device_gnss.o
LOAD ./zf_device/zf_device_icm20602.o
LOAD ./zf_device/zf_device_imu660ra.o
LOAD ./zf_device/zf_device_imu963ra.o
LOAD ./zf_device/zf_device_ips114.o
LOAD ./zf_device/zf_device_ips200.o
LOAD ./zf_device/zf_device_k24c02.o
LOAD ./zf_device/zf_device_key.o
LOAD ./zf_device/zf_device_mpu6050.o
LOAD ./zf_device/zf_device_mt9v03x_dvp.o
LOAD ./zf_device/zf_device_oled.o
LOAD ./zf_device/zf_device_scc8660_dvp.o
LOAD ./zf_device/zf_device_tft180.o
LOAD ./zf_device/zf_device_type.o
LOAD ./zf_device/zf_device_virtual_oscilloscope.o
LOAD ./zf_device/zf_device_w25q32.o
LOAD ./zf_device/zf_device_wifi_spi.o
LOAD ./zf_device/zf_device_wifi_uart.o
LOAD ./zf_device/zf_device_wireless_ch573.o
LOAD ./zf_device/zf_device_wireless_uart.o
LOAD ./zf_components/seekfree_assistant.o
LOAD ./zf_components/seekfree_assistant_interface.o
LOAD ./zf_common/zf_common_clock.o
LOAD ./zf_common/zf_common_debug.o
LOAD ./zf_common/zf_common_fifo.o
LOAD ./zf_common/zf_common_font.o
LOAD ./zf_common/zf_common_function.o
LOAD ./zf_common/zf_common_interrupt.o
LOAD ./user_c/Encoder_c.o
LOAD ./user_c/Gyroscope_c.o
LOAD ./user_c/PID.o
LOAD ./user_c/cam.o
LOAD ./user_c/isr.o
LOAD ./user_c/main.o
LOAD ./user_c/yj901s.o
LOAD ./sdk/Startup/startup_ch32v30x_D8C.o
LOAD ./sdk/Peripheral/ch32v30x_adc.o
LOAD ./sdk/Peripheral/ch32v30x_bkp.o
LOAD ./sdk/Peripheral/ch32v30x_can.o
LOAD ./sdk/Peripheral/ch32v30x_crc.o
LOAD ./sdk/Peripheral/ch32v30x_dac.o
LOAD ./sdk/Peripheral/ch32v30x_dbgmcu.o
LOAD ./sdk/Peripheral/ch32v30x_dma.o
LOAD ./sdk/Peripheral/ch32v30x_dvp.o
LOAD ./sdk/Peripheral/ch32v30x_eth.o
LOAD ./sdk/Peripheral/ch32v30x_exti.o
LOAD ./sdk/Peripheral/ch32v30x_flash.o
LOAD ./sdk/Peripheral/ch32v30x_fsmc.o
LOAD ./sdk/Peripheral/ch32v30x_gpio.o
LOAD ./sdk/Peripheral/ch32v30x_i2c.o
LOAD ./sdk/Peripheral/ch32v30x_iwdg.o
LOAD ./sdk/Peripheral/ch32v30x_misc.o
LOAD ./sdk/Peripheral/ch32v30x_opa.o
LOAD ./sdk/Peripheral/ch32v30x_pwr.o
LOAD ./sdk/Peripheral/ch32v30x_rcc.o
LOAD ./sdk/Peripheral/ch32v30x_rng.o
LOAD ./sdk/Peripheral/ch32v30x_rtc.o
LOAD ./sdk/Peripheral/ch32v30x_sdio.o
LOAD ./sdk/Peripheral/ch32v30x_spi.o
LOAD ./sdk/Peripheral/ch32v30x_tim.o
LOAD ./sdk/Peripheral/ch32v30x_usart.o
LOAD ./sdk/Peripheral/ch32v30x_usbotg_device.o
LOAD ./sdk/Peripheral/ch32v30x_wwdg.o
LOAD ./sdk/Core/core_riscv.o
LOAD f:/mounriver_studio/mounriver_studio/toolchain/risc-v embedded gcc/bin/../lib/gcc/riscv-none-embed/8.2.0/../../../../riscv-none-embed/lib/rv32imafc/ilp32f\libm.a
LOAD F:\zhufei\v4.4\libraries\zf_device\libzf_device_config.a
LOAD f:/mounriver_studio/mounriver_studio/toolchain/risc-v embedded gcc/bin/../lib/gcc/riscv-none-embed/8.2.0/rv32imafc/ilp32f\libgcc.a
LOAD f:/mounriver_studio/mounriver_studio/toolchain/risc-v embedded gcc/bin/../lib/gcc/riscv-none-embed/8.2.0/../../../../riscv-none-embed/lib/rv32imafc/ilp32f\libg_nano.a
LOAD f:/mounriver_studio/mounriver_studio/toolchain/risc-v embedded gcc/bin/../lib/gcc/riscv-none-embed/8.2.0/../../../../riscv-none-embed/lib/rv32imafc/ilp32f\libc_nano.a
LOAD f:/mounriver_studio/mounriver_studio/toolchain/risc-v embedded gcc/bin/../lib/gcc/riscv-none-embed/8.2.0/rv32imafc/ilp32f\libgcc.a
START GROUP
LOAD f:/mounriver_studio/mounriver_studio/toolchain/risc-v embedded gcc/bin/../lib/gcc/riscv-none-embed/8.2.0/rv32imafc/ilp32f\libgcc.a
LOAD f:/mounriver_studio/mounriver_studio/toolchain/risc-v embedded gcc/bin/../lib/gcc/riscv-none-embed/8.2.0/../../../../riscv-none-embed/lib/rv32imafc/ilp32f\libc_nano.a
LOAD f:/mounriver_studio/mounriver_studio/toolchain/risc-v embedded gcc/bin/../lib/gcc/riscv-none-embed/8.2.0/../../../../riscv-none-embed/lib/rv32imafc/ilp32f\libnosys.a
END GROUP
START GROUP
LOAD f:/mounriver_studio/mounriver_studio/toolchain/risc-v embedded gcc/bin/../lib/gcc/riscv-none-embed/8.2.0/rv32imafc/ilp32f\libgcc.a
LOAD f:/mounriver_studio/mounriver_studio/toolchain/risc-v embedded gcc/bin/../lib/gcc/riscv-none-embed/8.2.0/../../../../riscv-none-embed/lib/rv32imafc/ilp32f\libc_nano.a
LOAD f:/mounriver_studio/mounriver_studio/toolchain/risc-v embedded gcc/bin/../lib/gcc/riscv-none-embed/8.2.0/../../../../riscv-none-embed/lib/rv32imafc/ilp32f\libnosys.a
END GROUP
                0x0000000000000800                __stack_size = 0x800
                [!provide]                        PROVIDE (_stack_size = __stack_size)

.init           0x0000000000000000       0x38
                0x0000000000000000                _sinit = .
                0x0000000000000000                . = ALIGN (0x4)
 *(SORT_NONE(.init))
 .init          0x0000000000000000       0x38 ./sdk/Startup/startup_ch32v30x_D8C.o
                0x0000000000000000                _start
                0x0000000000000038                . = ALIGN (0x4)
                0x0000000000000038                _einit = .

.vector         0x0000000000000038      0x1c8
 *(.vector)
 .vector        0x0000000000000038      0x1a0 ./sdk/Startup/startup_ch32v30x_D8C.o
                0x0000000000000200                . = ALIGN (0x40)
 *fill*         0x00000000000001d8       0x28 

.text           0x0000000000000200    0x210dc
                0x0000000000000200                . = ALIGN (0x4)
 *(.text)
 .text          0x0000000000000200       0xa8 f:/mounriver_studio/mounriver_studio/toolchain/risc-v embedded gcc/bin/../lib/gcc/riscv-none-embed/8.2.0/../../../../riscv-none-embed/lib/rv32imafc/ilp32f\libg_nano.a(lib_a-memset.o)
                0x0000000000000200                memset
 .text          0x00000000000002a8      0x11e f:/mounriver_studio/mounriver_studio/toolchain/risc-v embedded gcc/bin/../lib/gcc/riscv-none-embed/8.2.0/../../../../riscv-none-embed/lib/rv32imafc/ilp32f\libg_nano.a(lib_a-strcmp.o)
                0x00000000000002a8                strcmp
 *(.text.*)
 .text.system_delay_ms
                0x00000000000003c6       0xa2 ./zf_driver/zf_driver_delay.o
                0x00000000000003c6                system_delay_ms
 .text.system_delay_us
                0x0000000000000468       0xa4 ./zf_driver/zf_driver_delay.o
                0x0000000000000468                system_delay_us
 .text.dvp_gpio_init
                0x000000000000050c      0x118 ./zf_driver/zf_driver_dvp.o
                0x000000000000050c                dvp_gpio_init
 .text.dvp_camera_init
                0x0000000000000624       0x8c ./zf_driver/zf_driver_dvp.o
                0x0000000000000624                dvp_camera_init
 .text.encoder_get_count
                0x00000000000006b0      0x150 ./zf_driver/zf_driver_encoder.o
                0x00000000000006b0                encoder_get_count
 .text.encoder_clear_count
                0x0000000000000800       0x9c ./zf_driver/zf_driver_encoder.o
                0x0000000000000800                encoder_clear_count
 .text.encoder_quad_init
                0x000000000000089c      0x2de ./zf_driver/zf_driver_encoder.o
                0x000000000000089c                encoder_quad_init
 .text.exti_init
                0x0000000000000b7a      0x108 ./zf_driver/zf_driver_exti.o
                0x0000000000000b7a                exti_init
 .text.gpio_set_level
                0x0000000000000c82       0x78 ./zf_driver/zf_driver_gpio.o
                0x0000000000000c82                gpio_set_level
 .text.gpio_get_level
                0x0000000000000cfa       0x42 ./zf_driver/zf_driver_gpio.o
                0x0000000000000cfa                gpio_get_level
 .text.gpio_toggle_level
                0x0000000000000d3c       0x6a ./zf_driver/zf_driver_gpio.o
                0x0000000000000d3c                gpio_toggle_level
 .text.gpio_init
                0x0000000000000da6      0x15c ./zf_driver/zf_driver_gpio.o
                0x0000000000000da6                gpio_init
 .text.pit_init
                0x0000000000000f02      0x220 ./zf_driver/zf_driver_pit.o
                0x0000000000000f02                pit_init
 .text.pwm_set_duty
                0x0000000000001122      0x16a ./zf_driver/zf_driver_pwm.o
                0x0000000000001122                pwm_set_duty
 .text.pwm_init
                0x000000000000128c      0x41c ./zf_driver/zf_driver_pwm.o
                0x000000000000128c                pwm_init
 .text.soft_iic_start
                0x00000000000016a8      0x12a ./zf_driver/zf_driver_soft_iic.o
 .text.soft_iic_stop
                0x00000000000017d2      0x144 ./zf_driver/zf_driver_soft_iic.o
 .text.soft_iic_send_ack
                0x0000000000001916      0x198 ./zf_driver/zf_driver_soft_iic.o
 .text.soft_iic_wait_ack
                0x0000000000001aae      0x162 ./zf_driver/zf_driver_soft_iic.o
 .text.soft_iic_send_data
                0x0000000000001c10      0x170 ./zf_driver/zf_driver_soft_iic.o
 .text.soft_iic_read_data
                0x0000000000001d80      0x1ec ./zf_driver/zf_driver_soft_iic.o
 .text.soft_iic_sccb_write_register
                0x0000000000001f6c       0x82 ./zf_driver/zf_driver_soft_iic.o
                0x0000000000001f6c                soft_iic_sccb_write_register
 .text.soft_iic_sccb_read_register
                0x0000000000001fee       0xb6 ./zf_driver/zf_driver_soft_iic.o
                0x0000000000001fee                soft_iic_sccb_read_register
 .text.soft_iic_init
                0x00000000000020a4       0xb6 ./zf_driver/zf_driver_soft_iic.o
                0x00000000000020a4                soft_iic_init
 .text.spi_write_8bit_array
                0x000000000000215a       0x9a ./zf_driver/zf_driver_spi.o
                0x000000000000215a                spi_write_8bit_array
 .text.spi_transfer_8bit
                0x00000000000021f4       0xca ./zf_driver/zf_driver_spi.o
                0x00000000000021f4                spi_transfer_8bit
 .text.spi_init
                0x00000000000022be      0x2dc ./zf_driver/zf_driver_spi.o
                0x00000000000022be                spi_init
 .text.timer_funciton_check
                0x000000000000259a       0x66 ./zf_driver/zf_driver_timer.o
                0x000000000000259a                timer_funciton_check
 .text.timer_clock_enable
                0x0000000000002600       0xe2 ./zf_driver/zf_driver_timer.o
                0x0000000000002600                timer_clock_enable
 .text.timer_get
                0x00000000000026e2      0x100 ./zf_driver/zf_driver_timer.o
                0x00000000000026e2                timer_get
 .text.timer_clear
                0x00000000000027e2       0xc6 ./zf_driver/zf_driver_timer.o
                0x00000000000027e2                timer_clear
 .text.uart_write_byte
                0x00000000000028a8       0x5a ./zf_driver/zf_driver_uart.o
                0x00000000000028a8                uart_write_byte
 .text.uart_write_buffer
                0x0000000000002902       0x66 ./zf_driver/zf_driver_uart.o
                0x0000000000002902                uart_write_buffer
 .text.uart_write_string
                0x0000000000002968       0x62 ./zf_driver/zf_driver_uart.o
                0x0000000000002968                uart_write_string
 .text.uart_rx_interrupt
                0x00000000000029ca       0x86 ./zf_driver/zf_driver_uart.o
                0x00000000000029ca                uart_rx_interrupt
 .text.uart_query_byte
                0x0000000000002a50       0x62 ./zf_driver/zf_driver_uart.o
                0x0000000000002a50                uart_query_byte
 .text.uart_init
                0x0000000000002ab2      0x5b2 ./zf_driver/zf_driver_uart.o
                0x0000000000002ab2                uart_init
 .text.Send_data
                0x0000000000003064       0x6c ./zf_driver/zf_driver_uart.o
                0x0000000000003064                Send_data
 .text.bluetooth_ch9141_send_buffer
                0x00000000000030d0       0xba ./zf_device/zf_device_bluetooth_ch9141.o
                0x00000000000030d0                bluetooth_ch9141_send_buffer
 .text.bluetooth_ch9141_read_buffer
                0x000000000000318a       0x5a ./zf_device/zf_device_bluetooth_ch9141.o
                0x000000000000318a                bluetooth_ch9141_read_buffer
 .text.dm1xa_sound_callback
                0x00000000000031e4       0xf8 ./zf_device/zf_device_dm1xa.o
                0x00000000000031e4                dm1xa_sound_callback
 .text.dm1xa_light_callback
                0x00000000000032dc       0x32 ./zf_device/zf_device_dm1xa.o
                0x00000000000032dc                dm1xa_light_callback
 .text.mt9v03x_set_config
                0x000000000000330e      0x132 ./zf_device/zf_device_mt9v03x_dvp.o
 .text.mt9v03x_get_config
                0x0000000000003440      0x176 ./zf_device/zf_device_mt9v03x_dvp.o
 .text.mt9v03x_uart_check_id
                0x00000000000035b6       0xda ./zf_device/zf_device_mt9v03x_dvp.o
 .text.mt9v03x_uart_handler
                0x0000000000003690       0x4e ./zf_device/zf_device_mt9v03x_dvp.o
 .text.mt9v03x_dvp_handler
                0x00000000000036de       0x14 ./zf_device/zf_device_mt9v03x_dvp.o
                0x00000000000036de                mt9v03x_dvp_handler
 .text.mt9v03x_get_version
                0x00000000000036f2       0xb0 ./zf_device/zf_device_mt9v03x_dvp.o
                0x00000000000036f2                mt9v03x_get_version
 .text.mt9v03x_sccb_init
                0x00000000000037a2       0xc8 ./zf_device/zf_device_mt9v03x_dvp.o
                0x00000000000037a2                mt9v03x_sccb_init
 .text.mt9v03x_uart_init
                0x000000000000386a      0x2c2 ./zf_device/zf_device_mt9v03x_dvp.o
                0x000000000000386a                mt9v03x_uart_init
 .text.mt9v03x_init
                0x0000000000003b2c       0xa6 ./zf_device/zf_device_mt9v03x_dvp.o
                0x0000000000003b2c                mt9v03x_init
 .text.type_default_callback
                0x0000000000003bd2        0xe ./zf_device/zf_device_type.o
 .text.set_camera_type
                0x0000000000003be0       0x52 ./zf_device/zf_device_type.o
                0x0000000000003be0                set_camera_type
 .text.wifi_spi_wait_idle
                0x0000000000003c32       0x6c ./zf_device/zf_device_wifi_spi.o
 .text.wifi_spi_write
                0x0000000000003c9e       0x70 ./zf_device/zf_device_wifi_spi.o
 .text.wifi_spi_transfer_command
                0x0000000000003d0e       0x6e ./zf_device/zf_device_wifi_spi.o
 .text.wifi_spi_transfer_data
                0x0000000000003d7c       0xd4 ./zf_device/zf_device_wifi_spi.o
 .text.wifi_spi_set_parameter
                0x0000000000003e50       0xa0 ./zf_device/zf_device_wifi_spi.o
 .text.wifi_spi_get_parameter
                0x0000000000003ef0       0x86 ./zf_device/zf_device_wifi_spi.o
 .text.wifi_spi_get_version
                0x0000000000003f76       0x5a ./zf_device/zf_device_wifi_spi.o
 .text.wifi_spi_get_mac_addr
                0x0000000000003fd0       0x5a ./zf_device/zf_device_wifi_spi.o
 .text.wifi_spi_get_ip_addr_port
                0x000000000000402a       0x5a ./zf_device/zf_device_wifi_spi.o
 .text.wifi_spi_wifi_connect
                0x0000000000004084       0x7e ./zf_device/zf_device_wifi_spi.o
                0x0000000000004084                wifi_spi_wifi_connect
 .text.wifi_spi_socket_connect
                0x0000000000004102       0x6a ./zf_device/zf_device_wifi_spi.o
                0x0000000000004102                wifi_spi_socket_connect
 .text.wifi_spi_send_buffer
                0x000000000000416c      0x138 ./zf_device/zf_device_wifi_spi.o
                0x000000000000416c                wifi_spi_send_buffer
 .text.wifi_spi_read_buffer
                0x00000000000042a4       0xdc ./zf_device/zf_device_wifi_spi.o
                0x00000000000042a4                wifi_spi_read_buffer
 .text.get_mcu_version
                0x0000000000004380       0x58 ./zf_device/zf_device_wifi_spi.o
 .text.wifi_spi_init
                0x00000000000043d8      0x146 ./zf_device/zf_device_wifi_spi.o
                0x00000000000043d8                wifi_spi_init
 .text.wifi_uart_wait_ack
                0x000000000000451e       0xca ./zf_device/zf_device_wifi_uart.o
 .text.wifi_uart_clear_receive_buffer
                0x00000000000045e8       0x1e ./zf_device/zf_device_wifi_uart.o
 .text.wifi_uart_send_buffer
                0x0000000000004606      0x192 ./zf_device/zf_device_wifi_uart.o
                0x0000000000004606                wifi_uart_send_buffer
 .text.wifi_uart_read_buffer
                0x0000000000004798       0x5e ./zf_device/zf_device_wifi_uart.o
                0x0000000000004798                wifi_uart_read_buffer
 .text.wireless_uart_send_buffer
                0x00000000000047f6       0xba ./zf_device/zf_device_wireless_uart.o
                0x00000000000047f6                wireless_uart_send_buffer
 .text.wireless_uart_read_buffer
                0x00000000000048b0       0x5e ./zf_device/zf_device_wireless_uart.o
                0x00000000000048b0                wireless_uart_read_buffer
 .text.seekfree_assistant_camera_data_send
                0x000000000000490e      0x116 ./zf_components/seekfree_assistant.o
                0x000000000000490e                seekfree_assistant_camera_data_send
 .text.seekfree_assistant_camera_dot_send
                0x0000000000004a24       0xc0 ./zf_components/seekfree_assistant.o
                0x0000000000004a24                seekfree_assistant_camera_dot_send
 .text.seekfree_assistant_camera_information_config
                0x0000000000004ae4       0x7a ./zf_components/seekfree_assistant.o
                0x0000000000004ae4                seekfree_assistant_camera_information_config
 .text.seekfree_assistant_camera_boundary_config
                0x0000000000004b5e      0x45e ./zf_components/seekfree_assistant.o
                0x0000000000004b5e                seekfree_assistant_camera_boundary_config
 .text.seekfree_assistant_camera_send
                0x0000000000004fbc       0x8e ./zf_components/seekfree_assistant.o
                0x0000000000004fbc                seekfree_assistant_camera_send
 .text.seekfree_assistant_transfer
                0x000000000000504a       0x1a ./zf_components/seekfree_assistant_interface.o
                0x000000000000504a                seekfree_assistant_transfer
 .text.seekfree_assistant_receive
                0x0000000000005064       0x18 ./zf_components/seekfree_assistant_interface.o
                0x0000000000005064                seekfree_assistant_receive
 .text.seekfree_assistant_interface_init
                0x000000000000507c       0xb6 ./zf_components/seekfree_assistant_interface.o
                0x000000000000507c                seekfree_assistant_interface_init
 .text.clock_reset
                0x0000000000005132       0x76 ./zf_common/zf_common_clock.o
                0x0000000000005132                clock_reset
 .text.clock_set_freq
                0x00000000000051a8      0x1de ./zf_common/zf_common_clock.o
                0x00000000000051a8                clock_set_freq
 .text.clock_init
                0x0000000000005386       0x2e ./zf_common/zf_common_clock.o
                0x0000000000005386                clock_init
 .text.__NOP    0x00000000000053b4       0x10 ./zf_common/zf_common_debug.o
 .text.debug_delay
                0x00000000000053c4       0x52 ./zf_common/zf_common_debug.o
 .text.debug_protective_handler
                0x0000000000005416        0xe ./zf_common/zf_common_debug.o
 .text.debug_uart_str_output
                0x0000000000005424       0x20 ./zf_common/zf_common_debug.o
 .text.debug_output
                0x0000000000005444      0x570 ./zf_common/zf_common_debug.o
 .text.debug_send_buffer
                0x00000000000059b4       0x2a ./zf_common/zf_common_debug.o
                0x00000000000059b4                debug_send_buffer
 .text.debug_read_ring_buffer
                0x00000000000059de       0x36 ./zf_common/zf_common_debug.o
                0x00000000000059de                debug_read_ring_buffer
 .text._write   0x0000000000005a14       0x80 ./zf_common/zf_common_debug.o
                0x0000000000005a14                _write
 .text.debug_assert_handler
                0x0000000000005a94       0x6a ./zf_common/zf_common_debug.o
                0x0000000000005a94                debug_assert_handler
 .text.debug_log_handler
                0x0000000000005afe       0x50 ./zf_common/zf_common_debug.o
                0x0000000000005afe                debug_log_handler
 .text.debug_output_struct_init
                0x0000000000005b4e       0x5a ./zf_common/zf_common_debug.o
                0x0000000000005b4e                debug_output_struct_init
 .text.debug_output_init
                0x0000000000005ba8       0xa8 ./zf_common/zf_common_debug.o
                0x0000000000005ba8                debug_output_init
 .text.debug_init
                0x0000000000005c50       0x6c ./zf_common/zf_common_debug.o
                0x0000000000005c50                debug_init
 .text.fifo_head_offset
                0x0000000000005cbc      0x184 ./zf_common/zf_common_fifo.o
 .text.fifo_end_offset
                0x0000000000005e40      0x184 ./zf_common/zf_common_fifo.o
 .text.fifo_clear
                0x0000000000005fc4      0x24c ./zf_common/zf_common_fifo.o
                0x0000000000005fc4                fifo_clear
 .text.fifo_used
                0x0000000000006210       0x7c ./zf_common/zf_common_fifo.o
                0x0000000000006210                fifo_used
 .text.fifo_write_element
                0x000000000000628c      0x262 ./zf_common/zf_common_fifo.o
                0x000000000000628c                fifo_write_element
 .text.fifo_write_buffer
                0x00000000000064ee      0x5ec ./zf_common/zf_common_fifo.o
                0x00000000000064ee                fifo_write_buffer
 .text.fifo_read_buffer
                0x0000000000006ada      0x5a8 ./zf_common/zf_common_fifo.o
                0x0000000000006ada                fifo_read_buffer
 .text.fifo_read_tail_buffer
                0x0000000000007082      0x60a ./zf_common/zf_common_fifo.o
                0x0000000000007082                fifo_read_tail_buffer
 .text.fifo_init
                0x000000000000768c      0x24a ./zf_common/zf_common_fifo.o
                0x000000000000768c                fifo_init
 .text.func_int_to_str
                0x00000000000078d6      0x118 ./zf_common/zf_common_function.o
                0x00000000000078d6                func_int_to_str
 .text.__enable_irq
                0x00000000000079ee       0x18 ./zf_common/zf_common_interrupt.o
 .text.__disable_irq
                0x0000000000007a06       0x14 ./zf_common/zf_common_interrupt.o
 .text.NVIC_EnableIRQ
                0x0000000000007a1a       0x32 ./zf_common/zf_common_interrupt.o
 .text.NVIC_DisableIRQ
                0x0000000000007a4c       0x32 ./zf_common/zf_common_interrupt.o
 .text.NVIC_SetPriority
                0x0000000000007a7e       0x2a ./zf_common/zf_common_interrupt.o
 .text.interrupt_enable
                0x0000000000007aa8       0x1e ./zf_common/zf_common_interrupt.o
                0x0000000000007aa8                interrupt_enable
 .text.interrupt_disable
                0x0000000000007ac6       0x1e ./zf_common/zf_common_interrupt.o
                0x0000000000007ac6                interrupt_disable
 .text.interrupt_set_priority
                0x0000000000007ae4       0x2a ./zf_common/zf_common_interrupt.o
                0x0000000000007ae4                interrupt_set_priority
 .text.interrupt_global_enable
                0x0000000000007b0e       0x32 ./zf_common/zf_common_interrupt.o
                0x0000000000007b0e                interrupt_global_enable
 .text.interrupt_global_disable
                0x0000000000007b40       0x2c ./zf_common/zf_common_interrupt.o
                0x0000000000007b40                interrupt_global_disable
 .text.interrupt_init
                0x0000000000007b6c       0x18 ./zf_common/zf_common_interrupt.o
                0x0000000000007b6c                interrupt_init
 .text.EncoderSum
                0x0000000000007b84       0x72 ./user_c/Encoder_c.o
                0x0000000000007b84                EncoderSum
 .text.Gyroscope_Time_Clear
                0x0000000000007bf6       0x12 ./user_c/Gyroscope_c.o
                0x0000000000007bf6                Gyroscope_Time_Clear
 .text.Clear_Gyroscope_Angle
                0x0000000000007c08       0x26 ./user_c/Gyroscope_c.o
                0x0000000000007c08                Clear_Gyroscope_Angle
 .text.PID_Init
                0x0000000000007c2e       0x58 ./user_c/PID.o
                0x0000000000007c2e                PID_Init
 .text.PID_Realize
                0x0000000000007c86      0x12e ./user_c/PID.o
                0x0000000000007c86                PID_Realize
 .text.PID_DirveUse
                0x0000000000007db4      0x29c ./user_c/PID.o
                0x0000000000007db4                PID_DirveUse
 .text.Camera_Head
                0x0000000000008050       0x74 ./user_c/cam.o
                0x0000000000008050                Camera_Head
 .text.Camera_Init
                0x00000000000080c4       0x2e ./user_c/cam.o
                0x00000000000080c4                Camera_Init
 .text.Emo_Uint8_dec
                0x00000000000080f2       0x40 ./user_c/cam.o
                0x00000000000080f2                Emo_Uint8_dec
 .text.Emo_one_third
                0x0000000000008132       0x7e ./user_c/cam.o
                0x0000000000008132                Emo_one_third
 .text.Emo_one_eighth
                0x00000000000081b0       0x8a ./user_c/cam.o
                0x00000000000081b0                Emo_one_eighth
 .text.Emo_two_third
                0x000000000000823a       0x8a ./user_c/cam.o
                0x000000000000823a                Emo_two_third
 .text.Emo_abs  0x00000000000082c4       0x2a ./user_c/cam.o
                0x00000000000082c4                Emo_abs
 .text.Emo_max  0x00000000000082ee       0x32 ./user_c/cam.o
                0x00000000000082ee                Emo_max
 .text.Thresholding
                0x0000000000008320      0x10a ./user_c/cam.o
                0x0000000000008320                Thresholding
 .text.Ostu     0x000000000000842a      0x380 ./user_c/cam.o
 .text.Find_Line
                0x00000000000087aa      0x534 ./user_c/cam.o
                0x00000000000087aa                Find_Line
 .text.Padding_CurveL
                0x0000000000008cde      0x208 ./user_c/cam.o
                0x0000000000008cde                Padding_CurveL
 .text.Padding_CurveR
                0x0000000000008ee6      0x208 ./user_c/cam.o
                0x0000000000008ee6                Padding_CurveR
 .text.Judge    0x00000000000090ee      0x4dc ./user_c/cam.o
                0x00000000000090ee                Judge
 .text.Judge_CornerS
                0x00000000000095ca       0xe8 ./user_c/cam.o
                0x00000000000095ca                Judge_CornerS
 .text.Identify
                0x00000000000096b2     0x10ae ./user_c/cam.o
                0x00000000000096b2                Identify
 .text.Trifork_Judge
                0x000000000000a760      0xa7c ./user_c/cam.o
                0x000000000000a760                Trifork_Judge
 .text.Trifork_MIddlePoint
                0x000000000000b1dc      0x288 ./user_c/cam.o
                0x000000000000b1dc                Trifork_MIddlePoint
 .text.GarageR_Find
                0x000000000000b464      0x332 ./user_c/cam.o
                0x000000000000b464                GarageR_Find
 .text.GarageL_Find
                0x000000000000b796      0x332 ./user_c/cam.o
                0x000000000000b796                GarageL_Find
 .text.Element_dispose
                0x000000000000bac8      0x3e6 ./user_c/cam.o
                0x000000000000bac8                Element_dispose
 .text.Garage   0x000000000000beae      0xcc0 ./user_c/cam.o
                0x000000000000beae                Garage
 .text.Cross    0x000000000000cb6e      0x19e ./user_c/cam.o
                0x000000000000cb6e                Cross
 .text.Windup   0x000000000000cd0c      0xc56 ./user_c/cam.o
                0x000000000000cd0c                Windup
 .text.Point_ClearDL
                0x000000000000d962       0x60 ./user_c/cam.o
                0x000000000000d962                Point_ClearDL
 .text.Point_ClearDR
                0x000000000000d9c2       0x6a ./user_c/cam.o
                0x000000000000d9c2                Point_ClearDR
 .text.SlalomPoint
                0x000000000000da2c      0x37e ./user_c/cam.o
 .text.Slalom   0x000000000000ddaa      0x6ce ./user_c/cam.o
                0x000000000000ddaa                Slalom
 .text.CircleOutPoint
                0x000000000000e478      0x24e ./user_c/cam.o
                0x000000000000e478                CircleOutPoint
 .text.Circle_supplement
                0x000000000000e6c6     0x12ee ./user_c/cam.o
                0x000000000000e6c6                Circle_supplement
 .text.Circle   0x000000000000f9b4     0x186a ./user_c/cam.o
                0x000000000000f9b4                Circle
 .text.Trifork_Shuttle
                0x000000000001121e      0x4e0 ./user_c/cam.o
                0x000000000001121e                Trifork_Shuttle
 .text.Padding_LineR
                0x00000000000116fe      0x108 ./user_c/cam.o
                0x00000000000116fe                Padding_LineR
 .text.Padding_LineL
                0x0000000000011806      0x108 ./user_c/cam.o
                0x0000000000011806                Padding_LineL
 .text.Padding_Line
                0x000000000001190e      0x19e ./user_c/cam.o
                0x000000000001190e                Padding_Line
 .text.Get_Middle_Line
                0x0000000000011aac      0x91e ./user_c/cam.o
                0x0000000000011aac                Get_Middle_Line
 .text.Think    0x00000000000123ca       0x52 ./user_c/cam.o
                0x00000000000123ca                Think
 .text.USART1_IRQHandler
                0x000000000001241c       0xc4 ./user_c/isr.o
                0x000000000001241c                USART1_IRQHandler
 .text.USART2_IRQHandler
                0x00000000000124e0       0xc4 ./user_c/isr.o
                0x00000000000124e0                USART2_IRQHandler
 .text.USART3_IRQHandler
                0x00000000000125a4       0xc4 ./user_c/isr.o
                0x00000000000125a4                USART3_IRQHandler
 .text.UART4_IRQHandler
                0x0000000000012668       0xc4 ./user_c/isr.o
                0x0000000000012668                UART4_IRQHandler
 .text.UART5_IRQHandler
                0x000000000001272c       0xc2 ./user_c/isr.o
                0x000000000001272c                UART5_IRQHandler
 .text.UART6_IRQHandler
                0x00000000000127ee       0xc4 ./user_c/isr.o
                0x00000000000127ee                UART6_IRQHandler
 .text.UART7_IRQHandler
                0x00000000000128b2       0xc8 ./user_c/isr.o
                0x00000000000128b2                UART7_IRQHandler
 .text.UART8_IRQHandler
                0x000000000001297a       0xc0 ./user_c/isr.o
                0x000000000001297a                UART8_IRQHandler
 .text.DVP_IRQHandler
                0x0000000000012a3a       0xd0 ./user_c/isr.o
                0x0000000000012a3a                DVP_IRQHandler
 .text.EXTI0_IRQHandler
                0x0000000000012b0a       0xb4 ./user_c/isr.o
                0x0000000000012b0a                EXTI0_IRQHandler
 .text.EXTI1_IRQHandler
                0x0000000000012bbe       0xb4 ./user_c/isr.o
                0x0000000000012bbe                EXTI1_IRQHandler
 .text.EXTI2_IRQHandler
                0x0000000000012c72       0xb4 ./user_c/isr.o
                0x0000000000012c72                EXTI2_IRQHandler
 .text.EXTI3_IRQHandler
                0x0000000000012d26       0xb4 ./user_c/isr.o
                0x0000000000012d26                EXTI3_IRQHandler
 .text.EXTI4_IRQHandler
                0x0000000000012dda       0xb4 ./user_c/isr.o
                0x0000000000012dda                EXTI4_IRQHandler
 .text.EXTI9_5_IRQHandler
                0x0000000000012e8e      0x11c ./user_c/isr.o
                0x0000000000012e8e                EXTI9_5_IRQHandler
 .text.EXTI15_10_IRQHandler
                0x0000000000012faa      0x136 ./user_c/isr.o
                0x0000000000012faa                EXTI15_10_IRQHandler
 .text.TIM1_UP_IRQHandler
                0x00000000000130e0       0xc0 ./user_c/isr.o
                0x00000000000130e0                TIM1_UP_IRQHandler
 .text.TIM2_IRQHandler
                0x00000000000131a0       0xc0 ./user_c/isr.o
                0x00000000000131a0                TIM2_IRQHandler
 .text.TIM3_IRQHandler
                0x0000000000013260       0xc8 ./user_c/isr.o
                0x0000000000013260                TIM3_IRQHandler
 .text.TIM4_IRQHandler
                0x0000000000013328       0xc0 ./user_c/isr.o
                0x0000000000013328                TIM4_IRQHandler
 .text.TIM5_IRQHandler
                0x00000000000133e8       0xc0 ./user_c/isr.o
                0x00000000000133e8                TIM5_IRQHandler
 .text.TIM6_IRQHandler
                0x00000000000134a8       0xb8 ./user_c/isr.o
                0x00000000000134a8                TIM6_IRQHandler
 .text.TIM7_IRQHandler
                0x0000000000013560       0xc0 ./user_c/isr.o
                0x0000000000013560                TIM7_IRQHandler
 .text.TIM8_UP_IRQHandler
                0x0000000000013620       0xc0 ./user_c/isr.o
                0x0000000000013620                TIM8_UP_IRQHandler
 .text.TIM9_UP_IRQHandler
                0x00000000000136e0       0xc0 ./user_c/isr.o
                0x00000000000136e0                TIM9_UP_IRQHandler
 .text.TIM10_UP_IRQHandler
                0x00000000000137a0       0xb8 ./user_c/isr.o
                0x00000000000137a0                TIM10_UP_IRQHandler
 .text.NMI_Handler
                0x0000000000013858       0x10 ./user_c/isr.o
                0x0000000000013858                NMI_Handler
 .text.HardFault_Handler
                0x0000000000013868        0x8 ./user_c/isr.o
                0x0000000000013868                HardFault_Handler
 .text.main     0x0000000000013870      0x1fa ./user_c/main.o
                0x0000000000013870                main
 .text.pit_handler
                0x0000000000013a6a      0x2a0 ./user_c/main.o
                0x0000000000013a6a                pit_handler
 .text.uart7_rx_interrupt_handler
                0x0000000000013d0a      0x558 ./user_c/main.o
                0x0000000000013d0a                uart7_rx_interrupt_handler
 .text.uart_rx_interrupt_handler
                0x0000000000014262      0x1ac ./user_c/main.o
                0x0000000000014262                uart_rx_interrupt_handler
 .text.key1_exti_handler
                0x000000000001440e       0xd2 ./user_c/main.o
                0x000000000001440e                key1_exti_handler
 .text.key2_exti_handler
                0x00000000000144e0       0xb0 ./user_c/main.o
                0x00000000000144e0                key2_exti_handler
 .text.wifi_spi
                0x0000000000014590       0x40 ./user_c/main.o
                0x0000000000014590                wifi_spi
 .text.YJ901S_init
                0x00000000000145d0       0x4e ./user_c/yj901s.o
                0x00000000000145d0                YJ901S_init
 .text.vector_handler
                0x000000000001461e       0xbe ./sdk/Startup/startup_ch32v30x_D8C.o
                0x0000000000014622                Ecall_M_Mode_Handler
                0x0000000000014624                Ecall_U_Mode_Handler
                0x0000000000014626                Break_Point_Handler
                0x0000000000014628                SysTick_Handler
                0x000000000001462a                SW_Handler
                0x000000000001462c                WWDG_IRQHandler
                0x000000000001462e                PVD_IRQHandler
                0x0000000000014630                TAMPER_IRQHandler
                0x0000000000014632                RTC_IRQHandler
                0x0000000000014634                FLASH_IRQHandler
                0x0000000000014636                RCC_IRQHandler
                0x0000000000014642                DMA1_Channel1_IRQHandler
                0x0000000000014644                DMA1_Channel2_IRQHandler
                0x0000000000014646                DMA1_Channel3_IRQHandler
                0x0000000000014648                DMA1_Channel4_IRQHandler
                0x000000000001464a                DMA1_Channel5_IRQHandler
                0x000000000001464c                DMA1_Channel6_IRQHandler
                0x000000000001464e                DMA1_Channel7_IRQHandler
                0x0000000000014650                ADC1_2_IRQHandler
                0x0000000000014652                USB_HP_CAN1_TX_IRQHandler
                0x0000000000014654                USB_LP_CAN1_RX0_IRQHandler
                0x0000000000014656                CAN1_RX1_IRQHandler
                0x0000000000014658                CAN1_SCE_IRQHandler
                0x000000000001465c                TIM1_BRK_IRQHandler
                0x0000000000014660                TIM1_TRG_COM_IRQHandler
                0x0000000000014662                TIM1_CC_IRQHandler
                0x000000000001466a                I2C1_EV_IRQHandler
                0x000000000001466c                I2C1_ER_IRQHandler
                0x000000000001466e                I2C2_EV_IRQHandler
                0x0000000000014670                I2C2_ER_IRQHandler
                0x0000000000014672                SPI1_IRQHandler
                0x0000000000014674                SPI2_IRQHandler
                0x000000000001467e                RTCAlarm_IRQHandler
                0x0000000000014680                USBWakeUp_IRQHandler
                0x0000000000014682                TIM8_BRK_IRQHandler
                0x0000000000014686                TIM8_TRG_COM_IRQHandler
                0x0000000000014688                TIM8_CC_IRQHandler
                0x000000000001468a                RNG_IRQHandler
                0x000000000001468c                FSMC_IRQHandler
                0x000000000001468e                SDIO_IRQHandler
                0x0000000000014692                SPI3_IRQHandler
                0x000000000001469c                DMA2_Channel1_IRQHandler
                0x000000000001469e                DMA2_Channel2_IRQHandler
                0x00000000000146a0                DMA2_Channel3_IRQHandler
                0x00000000000146a2                DMA2_Channel4_IRQHandler
                0x00000000000146a4                DMA2_Channel5_IRQHandler
                0x00000000000146a6                ETH_IRQHandler
                0x00000000000146a8                ETH_WKUP_IRQHandler
                0x00000000000146aa                CAN2_TX_IRQHandler
                0x00000000000146ac                CAN2_RX0_IRQHandler
                0x00000000000146ae                CAN2_RX1_IRQHandler
                0x00000000000146b0                CAN2_SCE_IRQHandler
                0x00000000000146b4                USBHSWakeup_IRQHandler
                0x00000000000146b6                USBHS_IRQHandler
                0x00000000000146c0                TIM9_BRK_IRQHandler
                0x00000000000146c4                TIM9_TRG_COM_IRQHandler
                0x00000000000146c6                TIM9_CC_IRQHandler
                0x00000000000146c8                TIM10_BRK_IRQHandler
                0x00000000000146cc                TIM10_TRG_COM_IRQHandler
                0x00000000000146ce                TIM10_CC_IRQHandler
                0x00000000000146d0                DMA2_Channel6_IRQHandler
                0x00000000000146d2                DMA2_Channel7_IRQHandler
                0x00000000000146d4                DMA2_Channel8_IRQHandler
                0x00000000000146d6                DMA2_Channel9_IRQHandler
                0x00000000000146d8                DMA2_Channel10_IRQHandler
                0x00000000000146da                DMA2_Channel11_IRQHandler
 .text.handle_reset
                0x00000000000146dc       0x8a ./sdk/Startup/startup_ch32v30x_D8C.o
                0x00000000000146dc                handle_reset
 .text.EXTI_Init
                0x0000000000014766      0x170 ./sdk/Peripheral/ch32v30x_exti.o
                0x0000000000014766                EXTI_Init
 .text.EXTI_GetITStatus
                0x00000000000148d6       0x56 ./sdk/Peripheral/ch32v30x_exti.o
                0x00000000000148d6                EXTI_GetITStatus
 .text.EXTI_ClearITPendingBit
                0x000000000001492c       0x20 ./sdk/Peripheral/ch32v30x_exti.o
                0x000000000001492c                EXTI_ClearITPendingBit
 .text.GPIO_Init
                0x000000000001494c      0x22a ./sdk/Peripheral/ch32v30x_gpio.o
                0x000000000001494c                GPIO_Init
 .text.GPIO_WriteBit
                0x0000000000014b76       0x38 ./sdk/Peripheral/ch32v30x_gpio.o
                0x0000000000014b76                GPIO_WriteBit
 .text.GPIO_PinRemapConfig
                0x0000000000014bae      0x1c8 ./sdk/Peripheral/ch32v30x_gpio.o
                0x0000000000014bae                GPIO_PinRemapConfig
 .text.GPIO_EXTILineConfig
                0x0000000000014d76       0xa2 ./sdk/Peripheral/ch32v30x_gpio.o
                0x0000000000014d76                GPIO_EXTILineConfig
 .text.RCC_GetClocksFreq
                0x0000000000014e18      0x2c6 ./sdk/Peripheral/ch32v30x_rcc.o
                0x0000000000014e18                RCC_GetClocksFreq
 .text.RCC_AHBPeriphClockCmd
                0x00000000000150de       0x46 ./sdk/Peripheral/ch32v30x_rcc.o
                0x00000000000150de                RCC_AHBPeriphClockCmd
 .text.RCC_APB2PeriphClockCmd
                0x0000000000015124       0x46 ./sdk/Peripheral/ch32v30x_rcc.o
                0x0000000000015124                RCC_APB2PeriphClockCmd
 .text.RCC_APB1PeriphClockCmd
                0x000000000001516a       0x46 ./sdk/Peripheral/ch32v30x_rcc.o
                0x000000000001516a                RCC_APB1PeriphClockCmd
 .text.RCC_APB2PeriphResetCmd
                0x00000000000151b0       0x46 ./sdk/Peripheral/ch32v30x_rcc.o
                0x00000000000151b0                RCC_APB2PeriphResetCmd
 .text.RCC_APB1PeriphResetCmd
                0x00000000000151f6       0x46 ./sdk/Peripheral/ch32v30x_rcc.o
                0x00000000000151f6                RCC_APB1PeriphResetCmd
 .text.SPI_I2S_DeInit
                0x000000000001523c       0x76 ./sdk/Peripheral/ch32v30x_spi.o
                0x000000000001523c                SPI_I2S_DeInit
 .text.SPI_Init
                0x00000000000152b2       0xf8 ./sdk/Peripheral/ch32v30x_spi.o
                0x00000000000152b2                SPI_Init
 .text.SPI_Cmd  0x00000000000153aa       0x5a ./sdk/Peripheral/ch32v30x_spi.o
                0x00000000000153aa                SPI_Cmd
 .text.TIM_TimeBaseInit
                0x0000000000015404      0x17e ./sdk/Peripheral/ch32v30x_tim.o
                0x0000000000015404                TIM_TimeBaseInit
 .text.TIM_OC1Init
                0x0000000000015582      0x19c ./sdk/Peripheral/ch32v30x_tim.o
                0x0000000000015582                TIM_OC1Init
 .text.TIM_OC2Init
                0x000000000001571e      0x1e2 ./sdk/Peripheral/ch32v30x_tim.o
                0x000000000001571e                TIM_OC2Init
 .text.TIM_OC3Init
                0x0000000000015900      0x1dc ./sdk/Peripheral/ch32v30x_tim.o
                0x0000000000015900                TIM_OC3Init
 .text.TIM_OC4Init
                0x0000000000015adc      0x176 ./sdk/Peripheral/ch32v30x_tim.o
                0x0000000000015adc                TIM_OC4Init
 .text.TIM_TimeBaseStructInit
                0x0000000000015c52       0x3c ./sdk/Peripheral/ch32v30x_tim.o
                0x0000000000015c52                TIM_TimeBaseStructInit
 .text.TIM_Cmd  0x0000000000015c8e       0x58 ./sdk/Peripheral/ch32v30x_tim.o
                0x0000000000015c8e                TIM_Cmd
 .text.TIM_CtrlPWMOutputs
                0x0000000000015ce6       0x60 ./sdk/Peripheral/ch32v30x_tim.o
                0x0000000000015ce6                TIM_CtrlPWMOutputs
 .text.TIM_ITConfig
                0x0000000000015d46       0x70 ./sdk/Peripheral/ch32v30x_tim.o
                0x0000000000015d46                TIM_ITConfig
 .text.TIM_ITRxExternalClockConfig
                0x0000000000015db6       0x46 ./sdk/Peripheral/ch32v30x_tim.o
                0x0000000000015db6                TIM_ITRxExternalClockConfig
 .text.TIM_SelectInputTrigger
                0x0000000000015dfc       0x4e ./sdk/Peripheral/ch32v30x_tim.o
                0x0000000000015dfc                TIM_SelectInputTrigger
 .text.TIM_EncoderInterfaceConfig
                0x0000000000015e4a       0xd8 ./sdk/Peripheral/ch32v30x_tim.o
                0x0000000000015e4a                TIM_EncoderInterfaceConfig
 .text.TIM_OC1PreloadConfig
                0x0000000000015f22       0x4c ./sdk/Peripheral/ch32v30x_tim.o
                0x0000000000015f22                TIM_OC1PreloadConfig
 .text.TIM_OC2PreloadConfig
                0x0000000000015f6e       0x5a ./sdk/Peripheral/ch32v30x_tim.o
                0x0000000000015f6e                TIM_OC2PreloadConfig
 .text.TIM_OC3PreloadConfig
                0x0000000000015fc8       0x4c ./sdk/Peripheral/ch32v30x_tim.o
                0x0000000000015fc8                TIM_OC3PreloadConfig
 .text.TIM_OC4PreloadConfig
                0x0000000000016014       0x5a ./sdk/Peripheral/ch32v30x_tim.o
                0x0000000000016014                TIM_OC4PreloadConfig
 .text.TIM_OC1FastConfig
                0x000000000001606e       0x4c ./sdk/Peripheral/ch32v30x_tim.o
                0x000000000001606e                TIM_OC1FastConfig
 .text.TIM_OC2FastConfig
                0x00000000000160ba       0x56 ./sdk/Peripheral/ch32v30x_tim.o
                0x00000000000160ba                TIM_OC2FastConfig
 .text.TIM_OC3FastConfig
                0x0000000000016110       0x4c ./sdk/Peripheral/ch32v30x_tim.o
                0x0000000000016110                TIM_OC3FastConfig
 .text.TIM_OC4FastConfig
                0x000000000001615c       0x56 ./sdk/Peripheral/ch32v30x_tim.o
                0x000000000001615c                TIM_OC4FastConfig
 .text.TIM_GetITStatus
                0x00000000000161b2       0x70 ./sdk/Peripheral/ch32v30x_tim.o
                0x00000000000161b2                TIM_GetITStatus
 .text.TIM_ClearITPendingBit
                0x0000000000016222       0x2e ./sdk/Peripheral/ch32v30x_tim.o
                0x0000000000016222                TIM_ClearITPendingBit
 .text.USART_Init
                0x0000000000016250      0x234 ./sdk/Peripheral/ch32v30x_usart.o
                0x0000000000016250                USART_Init
 .text.USART_Cmd
                0x0000000000016484       0x60 ./sdk/Peripheral/ch32v30x_usart.o
                0x0000000000016484                USART_Cmd
 .text.USART_ITConfig
                0x00000000000164e4       0xc4 ./sdk/Peripheral/ch32v30x_usart.o
                0x00000000000164e4                USART_ITConfig
 .text.USART_SendData
                0x00000000000165a8       0x2e ./sdk/Peripheral/ch32v30x_usart.o
                0x00000000000165a8                USART_SendData
 .text.USART_GetFlagStatus
                0x00000000000165d6       0x46 ./sdk/Peripheral/ch32v30x_usart.o
                0x00000000000165d6                USART_GetFlagStatus
 .text.USART_GetITStatus
                0x000000000001661c      0x102 ./sdk/Peripheral/ch32v30x_usart.o
                0x000000000001661c                USART_GetITStatus
 .text.USART_ClearITPendingBit
                0x000000000001671e       0x4e ./sdk/Peripheral/ch32v30x_usart.o
                0x000000000001671e                USART_ClearITPendingBit
 .text.DevEP1_IN_Deal
                0x000000000001676c       0x3e ./sdk/Peripheral/ch32v30x_usbotg_device.o
                0x000000000001676c                DevEP1_IN_Deal
 .text.DevEP2_IN_Deal
                0x00000000000167aa       0x3e ./sdk/Peripheral/ch32v30x_usbotg_device.o
                0x00000000000167aa                DevEP2_IN_Deal
 .text.DevEP1_OUT_Deal
                0x00000000000167e8       0x66 ./sdk/Peripheral/ch32v30x_usbotg_device.o
                0x00000000000167e8                DevEP1_OUT_Deal
 .text.DevEP2_OUT_Deal
                0x000000000001684e       0x66 ./sdk/Peripheral/ch32v30x_usbotg_device.o
                0x000000000001684e                DevEP2_OUT_Deal
 .text.OTG_FS_IRQHandler
                0x00000000000168b4      0xd32 ./sdk/Peripheral/ch32v30x_usbotg_device.o
                0x00000000000168b4                OTG_FS_IRQHandler
 .text.pow      0x00000000000175e6      0x324 f:/mounriver_studio/mounriver_studio/toolchain/risc-v embedded gcc/bin/../lib/gcc/riscv-none-embed/8.2.0/../../../../riscv-none-embed/lib/rv32imafc/ilp32f\libm.a(lib_a-w_pow.o)
                0x00000000000175e6                pow
 .text.__ieee754_pow
                0x000000000001790a      0xad6 f:/mounriver_studio/mounriver_studio/toolchain/risc-v embedded gcc/bin/../lib/gcc/riscv-none-embed/8.2.0/../../../../riscv-none-embed/lib/rv32imafc/ilp32f\libm.a(lib_a-e_pow.o)
                0x000000000001790a                __ieee754_pow
 .text.__ieee754_sqrt
                0x00000000000183e0      0x1d6 f:/mounriver_studio/mounriver_studio/toolchain/risc-v embedded gcc/bin/../lib/gcc/riscv-none-embed/8.2.0/../../../../riscv-none-embed/lib/rv32imafc/ilp32f\libm.a(lib_a-e_sqrt.o)
                0x00000000000183e0                __ieee754_sqrt
 .text.fabs     0x00000000000185b6        0x6 f:/mounriver_studio/mounriver_studio/toolchain/risc-v embedded gcc/bin/../lib/gcc/riscv-none-embed/8.2.0/../../../../riscv-none-embed/lib/rv32imafc/ilp32f\libm.a(lib_a-s_fabs.o)
                0x00000000000185b6                fabs
 .text.finite   0x00000000000185bc        0xe f:/mounriver_studio/mounriver_studio/toolchain/risc-v embedded gcc/bin/../lib/gcc/riscv-none-embed/8.2.0/../../../../riscv-none-embed/lib/rv32imafc/ilp32f\libm.a(lib_a-s_finite.o)
                0x00000000000185bc                finite
 .text.matherr  0x00000000000185ca        0x4 f:/mounriver_studio/mounriver_studio/toolchain/risc-v embedded gcc/bin/../lib/gcc/riscv-none-embed/8.2.0/../../../../riscv-none-embed/lib/rv32imafc/ilp32f\libm.a(lib_a-s_matherr.o)
                0x00000000000185ca                matherr
 .text.nan      0x00000000000185ce        0xe f:/mounriver_studio/mounriver_studio/toolchain/risc-v embedded gcc/bin/../lib/gcc/riscv-none-embed/8.2.0/../../../../riscv-none-embed/lib/rv32imafc/ilp32f\libm.a(lib_a-s_nan.o)
                0x00000000000185ce                nan
 .text.rint     0x00000000000185dc      0x18c f:/mounriver_studio/mounriver_studio/toolchain/risc-v embedded gcc/bin/../lib/gcc/riscv-none-embed/8.2.0/../../../../riscv-none-embed/lib/rv32imafc/ilp32f\libm.a(lib_a-s_rint.o)
                0x00000000000185dc                rint
 .text.scalbn   0x0000000000018768      0x140 f:/mounriver_studio/mounriver_studio/toolchain/risc-v embedded gcc/bin/../lib/gcc/riscv-none-embed/8.2.0/../../../../riscv-none-embed/lib/rv32imafc/ilp32f\libm.a(lib_a-s_scalbn.o)
                0x0000000000018768                scalbn
 .text.copysign
                0x00000000000188a8       0x16 f:/mounriver_studio/mounriver_studio/toolchain/risc-v embedded gcc/bin/../lib/gcc/riscv-none-embed/8.2.0/../../../../riscv-none-embed/lib/rv32imafc/ilp32f\libm.a(lib_a-s_copysign.o)
                0x00000000000188a8                copysign
 .text.mt9v03x_write_and_check_word_sccb
                0x00000000000188be       0x92 F:\zhufei\v4.4\libraries\zf_device\libzf_device_config.a(zf_device_config.o)
 .text.mt9v03x_write_word_sccb
                0x0000000000018950       0x34 F:\zhufei\v4.4\libraries\zf_device\libzf_device_config.a(zf_device_config.o)
 .text.mt9v03x_read_word_sccb.constprop.0
                0x0000000000018984       0x36 F:\zhufei\v4.4\libraries\zf_device\libzf_device_config.a(zf_device_config.o)
 .text.mt9v03x_sccb_check_id
                0x00000000000189ba       0x5e F:\zhufei\v4.4\libraries\zf_device\libzf_device_config.a(zf_device_config.o)
                0x00000000000189ba                mt9v03x_sccb_check_id
 .text.mt9v03x_sccb_set_config
                0x0000000000018a18      0x5a2 F:\zhufei\v4.4\libraries\zf_device\libzf_device_config.a(zf_device_config.o)
                0x0000000000018a18                mt9v03x_sccb_set_config
 .text.__adddf3
                0x0000000000018fba      0xa0e f:/mounriver_studio/mounriver_studio/toolchain/risc-v embedded gcc/bin/../lib/gcc/riscv-none-embed/8.2.0/rv32imafc/ilp32f\libgcc.a(adddf3.o)
                0x0000000000018fba                __adddf3
 .text.__divdf3
                0x00000000000199c8      0x7ea f:/mounriver_studio/mounriver_studio/toolchain/risc-v embedded gcc/bin/../lib/gcc/riscv-none-embed/8.2.0/rv32imafc/ilp32f\libgcc.a(divdf3.o)
                0x00000000000199c8                __divdf3
 .text.__eqdf2  0x000000000001a1b2       0x98 f:/mounriver_studio/mounriver_studio/toolchain/risc-v embedded gcc/bin/../lib/gcc/riscv-none-embed/8.2.0/rv32imafc/ilp32f\libgcc.a(eqdf2.o)
                0x000000000001a1b2                __nedf2
                0x000000000001a1b2                __eqdf2
 .text.__gedf2  0x000000000001a24a       0xb6 f:/mounriver_studio/mounriver_studio/toolchain/risc-v embedded gcc/bin/../lib/gcc/riscv-none-embed/8.2.0/rv32imafc/ilp32f\libgcc.a(gedf2.o)
                0x000000000001a24a                __gedf2
                0x000000000001a24a                __gtdf2
 .text.__ledf2  0x000000000001a300       0xb6 f:/mounriver_studio/mounriver_studio/toolchain/risc-v embedded gcc/bin/../lib/gcc/riscv-none-embed/8.2.0/rv32imafc/ilp32f\libgcc.a(ledf2.o)
                0x000000000001a300                __ledf2
                0x000000000001a300                __ltdf2
 .text.__muldf3
                0x000000000001a3b6      0x656 f:/mounriver_studio/mounriver_studio/toolchain/risc-v embedded gcc/bin/../lib/gcc/riscv-none-embed/8.2.0/rv32imafc/ilp32f\libgcc.a(muldf3.o)
                0x000000000001a3b6                __muldf3
 .text.__subdf3
                0x000000000001aa0c      0xa8c f:/mounriver_studio/mounriver_studio/toolchain/risc-v embedded gcc/bin/../lib/gcc/riscv-none-embed/8.2.0/rv32imafc/ilp32f\libgcc.a(subdf3.o)
                0x000000000001aa0c                __subdf3
 .text.__unorddf2
                0x000000000001b498       0x7c f:/mounriver_studio/mounriver_studio/toolchain/risc-v embedded gcc/bin/../lib/gcc/riscv-none-embed/8.2.0/rv32imafc/ilp32f\libgcc.a(unorddf2.o)
                0x000000000001b498                __unorddf2
 .text.__fixdfsi
                0x000000000001b514       0xd8 f:/mounriver_studio/mounriver_studio/toolchain/risc-v embedded gcc/bin/../lib/gcc/riscv-none-embed/8.2.0/rv32imafc/ilp32f\libgcc.a(fixdfsi.o)
                0x000000000001b514                __fixdfsi
 .text.__fixunsdfsi
                0x000000000001b5ec       0x9e f:/mounriver_studio/mounriver_studio/toolchain/risc-v embedded gcc/bin/../lib/gcc/riscv-none-embed/8.2.0/rv32imafc/ilp32f\libgcc.a(fixunsdfsi.o)
                0x000000000001b5ec                __fixunsdfsi
 .text.__floatsidf
                0x000000000001b68a       0x70 f:/mounriver_studio/mounriver_studio/toolchain/risc-v embedded gcc/bin/../lib/gcc/riscv-none-embed/8.2.0/rv32imafc/ilp32f\libgcc.a(floatsidf.o)
                0x000000000001b68a                __floatsidf
 .text.__floatunsidf
                0x000000000001b6fa       0x66 f:/mounriver_studio/mounriver_studio/toolchain/risc-v embedded gcc/bin/../lib/gcc/riscv-none-embed/8.2.0/rv32imafc/ilp32f\libgcc.a(floatunsidf.o)
                0x000000000001b6fa                __floatunsidf
 .text.__extendsfdf2
                0x000000000001b760       0xe8 f:/mounriver_studio/mounriver_studio/toolchain/risc-v embedded gcc/bin/../lib/gcc/riscv-none-embed/8.2.0/rv32imafc/ilp32f\libgcc.a(extendsfdf2.o)
                0x000000000001b760                __extendsfdf2
 .text.__truncdfsf2
                0x000000000001b848      0x31e f:/mounriver_studio/mounriver_studio/toolchain/risc-v embedded gcc/bin/../lib/gcc/riscv-none-embed/8.2.0/rv32imafc/ilp32f\libgcc.a(truncdfsf2.o)
                0x000000000001b848                __truncdfsf2
 .text.__clzsi2
                0x000000000001bb66       0x76 f:/mounriver_studio/mounriver_studio/toolchain/risc-v embedded gcc/bin/../lib/gcc/riscv-none-embed/8.2.0/rv32imafc/ilp32f\libgcc.a(_clzsi2.o)
                0x000000000001bb66                __clzsi2
 .text.__errno  0x000000000001bbdc        0x8 f:/mounriver_studio/mounriver_studio/toolchain/risc-v embedded gcc/bin/../lib/gcc/riscv-none-embed/8.2.0/../../../../riscv-none-embed/lib/rv32imafc/ilp32f\libg_nano.a(lib_a-errno.o)
                0x000000000001bbdc                __errno
 .text.malloc   0x000000000001bbe4        0xa f:/mounriver_studio/mounriver_studio/toolchain/risc-v embedded gcc/bin/../lib/gcc/riscv-none-embed/8.2.0/../../../../riscv-none-embed/lib/rv32imafc/ilp32f\libg_nano.a(lib_a-malloc.o)
                0x000000000001bbe4                malloc
 .text.free     0x000000000001bbee        0xa f:/mounriver_studio/mounriver_studio/toolchain/risc-v embedded gcc/bin/../lib/gcc/riscv-none-embed/8.2.0/../../../../riscv-none-embed/lib/rv32imafc/ilp32f\libg_nano.a(lib_a-malloc.o)
                0x000000000001bbee                free
 .text.memcpy   0x000000000001bbf8       0xb6 f:/mounriver_studio/mounriver_studio/toolchain/risc-v embedded gcc/bin/../lib/gcc/riscv-none-embed/8.2.0/../../../../riscv-none-embed/lib/rv32imafc/ilp32f\libg_nano.a(lib_a-memcpy.o)
                0x000000000001bbf8                memcpy
 .text._free_r  0x000000000001bcae       0xa8 f:/mounriver_studio/mounriver_studio/toolchain/risc-v embedded gcc/bin/../lib/gcc/riscv-none-embed/8.2.0/../../../../riscv-none-embed/lib/rv32imafc/ilp32f\libg_nano.a(lib_a-nano-freer.o)
                0x000000000001bcae                _free_r
 .text._malloc_r
                0x000000000001bd56       0xda f:/mounriver_studio/mounriver_studio/toolchain/risc-v embedded gcc/bin/../lib/gcc/riscv-none-embed/8.2.0/../../../../riscv-none-embed/lib/rv32imafc/ilp32f\libg_nano.a(lib_a-nano-mallocr.o)
                0x000000000001bd56                _malloc_r
 .text.__cvt    0x000000000001be30       0xee f:/mounriver_studio/mounriver_studio/toolchain/risc-v embedded gcc/bin/../lib/gcc/riscv-none-embed/8.2.0/../../../../riscv-none-embed/lib/rv32imafc/ilp32f\libg_nano.a(lib_a-nano-vfprintf_float.o)
                0x000000000001be30                __cvt
 .text.__exponent
                0x000000000001bf1e       0x8c f:/mounriver_studio/mounriver_studio/toolchain/risc-v embedded gcc/bin/../lib/gcc/riscv-none-embed/8.2.0/../../../../riscv-none-embed/lib/rv32imafc/ilp32f\libg_nano.a(lib_a-nano-vfprintf_float.o)
                0x000000000001bf1e                __exponent
 .text._printf_float
                0x000000000001bfaa      0x4c4 f:/mounriver_studio/mounriver_studio/toolchain/risc-v embedded gcc/bin/../lib/gcc/riscv-none-embed/8.2.0/../../../../riscv-none-embed/lib/rv32imafc/ilp32f\libg_nano.a(lib_a-nano-vfprintf_float.o)
                0x000000000001bfaa                _printf_float
 .text._printf_common
                0x000000000001c46e      0x10c f:/mounriver_studio/mounriver_studio/toolchain/risc-v embedded gcc/bin/../lib/gcc/riscv-none-embed/8.2.0/../../../../riscv-none-embed/lib/rv32imafc/ilp32f\libg_nano.a(lib_a-nano-vfprintf_i.o)
                0x000000000001c46e                _printf_common
 .text._printf_i
                0x000000000001c57a      0x2ac f:/mounriver_studio/mounriver_studio/toolchain/risc-v embedded gcc/bin/../lib/gcc/riscv-none-embed/8.2.0/../../../../riscv-none-embed/lib/rv32imafc/ilp32f\libg_nano.a(lib_a-nano-vfprintf_i.o)
                0x000000000001c57a                _printf_i
 .text.printf   0x000000000001c826       0x42 f:/mounriver_studio/mounriver_studio/toolchain/risc-v embedded gcc/bin/../lib/gcc/riscv-none-embed/8.2.0/../../../../riscv-none-embed/lib/rv32imafc/ilp32f\libg_nano.a(lib_a-printf.o)
                0x000000000001c826                iprintf
                0x000000000001c826                printf
 .text._puts_r  0x000000000001c868       0xde f:/mounriver_studio/mounriver_studio/toolchain/risc-v embedded gcc/bin/../lib/gcc/riscv-none-embed/8.2.0/../../../../riscv-none-embed/lib/rv32imafc/ilp32f\libg_nano.a(lib_a-puts.o)
                0x000000000001c868                _puts_r
 .text.puts     0x000000000001c946        0xc f:/mounriver_studio/mounriver_studio/toolchain/risc-v embedded gcc/bin/../lib/gcc/riscv-none-embed/8.2.0/../../../../riscv-none-embed/lib/rv32imafc/ilp32f\libg_nano.a(lib_a-puts.o)
                0x000000000001c946                puts
 .text._sbrk_r  0x000000000001c952       0x32 f:/mounriver_studio/mounriver_studio/toolchain/risc-v embedded gcc/bin/../lib/gcc/riscv-none-embed/8.2.0/../../../../riscv-none-embed/lib/rv32imafc/ilp32f\libg_nano.a(lib_a-sbrkr.o)
                0x000000000001c952                _sbrk_r
 .text.sprintf  0x000000000001c984       0x46 f:/mounriver_studio/mounriver_studio/toolchain/risc-v embedded gcc/bin/../lib/gcc/riscv-none-embed/8.2.0/../../../../riscv-none-embed/lib/rv32imafc/ilp32f\libg_nano.a(lib_a-sprintf.o)
                0x000000000001c984                siprintf
                0x000000000001c984                sprintf
 .text.sscanf   0x000000000001c9ca       0x52 f:/mounriver_studio/mounriver_studio/toolchain/risc-v embedded gcc/bin/../lib/gcc/riscv-none-embed/8.2.0/../../../../riscv-none-embed/lib/rv32imafc/ilp32f\libg_nano.a(lib_a-sscanf.o)
                0x000000000001c9ca                siscanf
                0x000000000001c9ca                sscanf
 .text.__sread  0x000000000001ca1c       0x32 f:/mounriver_studio/mounriver_studio/toolchain/risc-v embedded gcc/bin/../lib/gcc/riscv-none-embed/8.2.0/../../../../riscv-none-embed/lib/rv32imafc/ilp32f\libg_nano.a(lib_a-stdio.o)
                0x000000000001ca1c                __sread
 .text.__seofread
                0x000000000001ca4e        0x4 f:/mounriver_studio/mounriver_studio/toolchain/risc-v embedded gcc/bin/../lib/gcc/riscv-none-embed/8.2.0/../../../../riscv-none-embed/lib/rv32imafc/ilp32f\libg_nano.a(lib_a-stdio.o)
                0x000000000001ca4e                __seofread
 .text.__swrite
                0x000000000001ca52       0x50 f:/mounriver_studio/mounriver_studio/toolchain/risc-v embedded gcc/bin/../lib/gcc/riscv-none-embed/8.2.0/../../../../riscv-none-embed/lib/rv32imafc/ilp32f\libg_nano.a(lib_a-stdio.o)
                0x000000000001ca52                __swrite
 .text.__sseek  0x000000000001caa2       0x38 f:/mounriver_studio/mounriver_studio/toolchain/risc-v embedded gcc/bin/../lib/gcc/riscv-none-embed/8.2.0/../../../../riscv-none-embed/lib/rv32imafc/ilp32f\libg_nano.a(lib_a-stdio.o)
                0x000000000001caa2                __sseek
 .text.__sclose
                0x000000000001cada        0x6 f:/mounriver_studio/mounriver_studio/toolchain/risc-v embedded gcc/bin/../lib/gcc/riscv-none-embed/8.2.0/../../../../riscv-none-embed/lib/rv32imafc/ilp32f\libg_nano.a(lib_a-stdio.o)
                0x000000000001cada                __sclose
 .text.strlen   0x000000000001cae0       0x12 f:/mounriver_studio/mounriver_studio/toolchain/risc-v embedded gcc/bin/../lib/gcc/riscv-none-embed/8.2.0/../../../../riscv-none-embed/lib/rv32imafc/ilp32f\libg_nano.a(lib_a-strlen.o)
                0x000000000001cae0                strlen
 .text.strstr   0x000000000001caf2       0x3e f:/mounriver_studio/mounriver_studio/toolchain/risc-v embedded gcc/bin/../lib/gcc/riscv-none-embed/8.2.0/../../../../riscv-none-embed/lib/rv32imafc/ilp32f\libg_nano.a(lib_a-strstr.o)
                0x000000000001caf2                strstr
 .text.__swbuf_r
                0x000000000001cb30       0xc6 f:/mounriver_studio/mounriver_studio/toolchain/risc-v embedded gcc/bin/../lib/gcc/riscv-none-embed/8.2.0/../../../../riscv-none-embed/lib/rv32imafc/ilp32f\libg_nano.a(lib_a-wbuf.o)
                0x000000000001cb30                __swbuf_r
 .text._write_r
                0x000000000001cbf6       0x36 f:/mounriver_studio/mounriver_studio/toolchain/risc-v embedded gcc/bin/../lib/gcc/riscv-none-embed/8.2.0/../../../../riscv-none-embed/lib/rv32imafc/ilp32f\libg_nano.a(lib_a-writer.o)
                0x000000000001cbf6                _write_r
 .text.__swsetup_r
                0x000000000001cc2c      0x112 f:/mounriver_studio/mounriver_studio/toolchain/risc-v embedded gcc/bin/../lib/gcc/riscv-none-embed/8.2.0/../../../../riscv-none-embed/lib/rv32imafc/ilp32f\libg_nano.a(lib_a-wsetup.o)
                0x000000000001cc2c                __swsetup_r
 .text._close_r
                0x000000000001cd3e       0x32 f:/mounriver_studio/mounriver_studio/toolchain/risc-v embedded gcc/bin/../lib/gcc/riscv-none-embed/8.2.0/../../../../riscv-none-embed/lib/rv32imafc/ilp32f\libg_nano.a(lib_a-closer.o)
                0x000000000001cd3e                _close_r
 .text.quorem   0x000000000001cd70      0x13a f:/mounriver_studio/mounriver_studio/toolchain/risc-v embedded gcc/bin/../lib/gcc/riscv-none-embed/8.2.0/../../../../riscv-none-embed/lib/rv32imafc/ilp32f\libg_nano.a(lib_a-dtoa.o)
 .text._dtoa_r  0x000000000001ceaa      0xc04 f:/mounriver_studio/mounriver_studio/toolchain/risc-v embedded gcc/bin/../lib/gcc/riscv-none-embed/8.2.0/../../../../riscv-none-embed/lib/rv32imafc/ilp32f\libg_nano.a(lib_a-dtoa.o)
                0x000000000001ceaa                _dtoa_r
 .text.__sflush_r
                0x000000000001daae      0x13e f:/mounriver_studio/mounriver_studio/toolchain/risc-v embedded gcc/bin/../lib/gcc/riscv-none-embed/8.2.0/../../../../riscv-none-embed/lib/rv32imafc/ilp32f\libg_nano.a(lib_a-fflush.o)
                0x000000000001daae                __sflush_r
 .text._fflush_r
                0x000000000001dbec       0x66 f:/mounriver_studio/mounriver_studio/toolchain/risc-v embedded gcc/bin/../lib/gcc/riscv-none-embed/8.2.0/../../../../riscv-none-embed/lib/rv32imafc/ilp32f\libg_nano.a(lib_a-fflush.o)
                0x000000000001dbec                _fflush_r
 .text.std      0x000000000001dc52       0x6a f:/mounriver_studio/mounriver_studio/toolchain/risc-v embedded gcc/bin/../lib/gcc/riscv-none-embed/8.2.0/../../../../riscv-none-embed/lib/rv32imafc/ilp32f\libg_nano.a(lib_a-findfp.o)
 .text._cleanup_r
                0x000000000001dcbc        0xa f:/mounriver_studio/mounriver_studio/toolchain/risc-v embedded gcc/bin/../lib/gcc/riscv-none-embed/8.2.0/../../../../riscv-none-embed/lib/rv32imafc/ilp32f\libg_nano.a(lib_a-findfp.o)
                0x000000000001dcbc                _cleanup_r
 .text.__sfmoreglue
                0x000000000001dcc6       0x48 f:/mounriver_studio/mounriver_studio/toolchain/risc-v embedded gcc/bin/../lib/gcc/riscv-none-embed/8.2.0/../../../../riscv-none-embed/lib/rv32imafc/ilp32f\libg_nano.a(lib_a-findfp.o)
                0x000000000001dcc6                __sfmoreglue
 .text.__sinit  0x000000000001dd0e       0x6c f:/mounriver_studio/mounriver_studio/toolchain/risc-v embedded gcc/bin/../lib/gcc/riscv-none-embed/8.2.0/../../../../riscv-none-embed/lib/rv32imafc/ilp32f\libg_nano.a(lib_a-findfp.o)
                0x000000000001dd0e                __sinit
 .text.__sfp    0x000000000001dd7a       0xa0 f:/mounriver_studio/mounriver_studio/toolchain/risc-v embedded gcc/bin/../lib/gcc/riscv-none-embed/8.2.0/../../../../riscv-none-embed/lib/rv32imafc/ilp32f\libg_nano.a(lib_a-findfp.o)
                0x000000000001dd7a                __sfp
 .text._fwalk_reent
                0x000000000001de1a       0x6c f:/mounriver_studio/mounriver_studio/toolchain/risc-v embedded gcc/bin/../lib/gcc/riscv-none-embed/8.2.0/../../../../riscv-none-embed/lib/rv32imafc/ilp32f\libg_nano.a(lib_a-fwalk.o)
                0x000000000001de1a                _fwalk_reent
 .text._localeconv_r
                0x000000000001de86       0x18 f:/mounriver_studio/mounriver_studio/toolchain/risc-v embedded gcc/bin/../lib/gcc/riscv-none-embed/8.2.0/../../../../riscv-none-embed/lib/rv32imafc/ilp32f\libg_nano.a(lib_a-localeconv.o)
                0x000000000001de86                _localeconv_r
 .text._lseek_r
                0x000000000001de9e       0x36 f:/mounriver_studio/mounriver_studio/toolchain/risc-v embedded gcc/bin/../lib/gcc/riscv-none-embed/8.2.0/../../../../riscv-none-embed/lib/rv32imafc/ilp32f\libg_nano.a(lib_a-lseekr.o)
                0x000000000001de9e                _lseek_r
 .text.__swhatbuf_r
                0x000000000001ded4       0x5a f:/mounriver_studio/mounriver_studio/toolchain/risc-v embedded gcc/bin/../lib/gcc/riscv-none-embed/8.2.0/../../../../riscv-none-embed/lib/rv32imafc/ilp32f\libg_nano.a(lib_a-makebuf.o)
                0x000000000001ded4                __swhatbuf_r
 .text.__smakebuf_r
                0x000000000001df2e       0xa2 f:/mounriver_studio/mounriver_studio/toolchain/risc-v embedded gcc/bin/../lib/gcc/riscv-none-embed/8.2.0/../../../../riscv-none-embed/lib/rv32imafc/ilp32f\libg_nano.a(lib_a-makebuf.o)
                0x000000000001df2e                __smakebuf_r
 .text.memchr   0x000000000001dfd0       0x1a f:/mounriver_studio/mounriver_studio/toolchain/risc-v embedded gcc/bin/../lib/gcc/riscv-none-embed/8.2.0/../../../../riscv-none-embed/lib/rv32imafc/ilp32f\libg_nano.a(lib_a-memchr.o)
                0x000000000001dfd0                memchr
 .text.__malloc_lock
                0x000000000001dfea        0x2 f:/mounriver_studio/mounriver_studio/toolchain/risc-v embedded gcc/bin/../lib/gcc/riscv-none-embed/8.2.0/../../../../riscv-none-embed/lib/rv32imafc/ilp32f\libg_nano.a(lib_a-mlock.o)
                0x000000000001dfea                __malloc_lock
 .text.__malloc_unlock
                0x000000000001dfec        0x2 f:/mounriver_studio/mounriver_studio/toolchain/risc-v embedded gcc/bin/../lib/gcc/riscv-none-embed/8.2.0/../../../../riscv-none-embed/lib/rv32imafc/ilp32f\libg_nano.a(lib_a-mlock.o)
                0x000000000001dfec                __malloc_unlock
 .text._Balloc  0x000000000001dfee       0x88 f:/mounriver_studio/mounriver_studio/toolchain/risc-v embedded gcc/bin/../lib/gcc/riscv-none-embed/8.2.0/../../../../riscv-none-embed/lib/rv32imafc/ilp32f\libg_nano.a(lib_a-mprec.o)
                0x000000000001dfee                _Balloc
 .text._Bfree   0x000000000001e076       0x44 f:/mounriver_studio/mounriver_studio/toolchain/risc-v embedded gcc/bin/../lib/gcc/riscv-none-embed/8.2.0/../../../../riscv-none-embed/lib/rv32imafc/ilp32f\libg_nano.a(lib_a-mprec.o)
                0x000000000001e076                _Bfree
 .text.__multadd
                0x000000000001e0ba       0x98 f:/mounriver_studio/mounriver_studio/toolchain/risc-v embedded gcc/bin/../lib/gcc/riscv-none-embed/8.2.0/../../../../riscv-none-embed/lib/rv32imafc/ilp32f\libg_nano.a(lib_a-mprec.o)
                0x000000000001e0ba                __multadd
 .text.__hi0bits
                0x000000000001e152       0x46 f:/mounriver_studio/mounriver_studio/toolchain/risc-v embedded gcc/bin/../lib/gcc/riscv-none-embed/8.2.0/../../../../riscv-none-embed/lib/rv32imafc/ilp32f\libg_nano.a(lib_a-mprec.o)
                0x000000000001e152                __hi0bits
 .text.__lo0bits
                0x000000000001e198       0x6a f:/mounriver_studio/mounriver_studio/toolchain/risc-v embedded gcc/bin/../lib/gcc/riscv-none-embed/8.2.0/../../../../riscv-none-embed/lib/rv32imafc/ilp32f\libg_nano.a(lib_a-mprec.o)
                0x000000000001e198                __lo0bits
 .text.__i2b    0x000000000001e202       0x1c f:/mounriver_studio/mounriver_studio/toolchain/risc-v embedded gcc/bin/../lib/gcc/riscv-none-embed/8.2.0/../../../../riscv-none-embed/lib/rv32imafc/ilp32f\libg_nano.a(lib_a-mprec.o)
                0x000000000001e202                __i2b
 .text.__multiply
                0x000000000001e21e      0x144 f:/mounriver_studio/mounriver_studio/toolchain/risc-v embedded gcc/bin/../lib/gcc/riscv-none-embed/8.2.0/../../../../riscv-none-embed/lib/rv32imafc/ilp32f\libg_nano.a(lib_a-mprec.o)
                0x000000000001e21e                __multiply
 .text.__pow5mult
                0x000000000001e362       0xbe f:/mounriver_studio/mounriver_studio/toolchain/risc-v embedded gcc/bin/../lib/gcc/riscv-none-embed/8.2.0/../../../../riscv-none-embed/lib/rv32imafc/ilp32f\libg_nano.a(lib_a-mprec.o)
                0x000000000001e362                __pow5mult
 .text.__lshift
                0x000000000001e420       0xce f:/mounriver_studio/mounriver_studio/toolchain/risc-v embedded gcc/bin/../lib/gcc/riscv-none-embed/8.2.0/../../../../riscv-none-embed/lib/rv32imafc/ilp32f\libg_nano.a(lib_a-mprec.o)
                0x000000000001e420                __lshift
 .text.__mcmp   0x000000000001e4ee       0x32 f:/mounriver_studio/mounriver_studio/toolchain/risc-v embedded gcc/bin/../lib/gcc/riscv-none-embed/8.2.0/../../../../riscv-none-embed/lib/rv32imafc/ilp32f\libg_nano.a(lib_a-mprec.o)
                0x000000000001e4ee                __mcmp
 .text.__mdiff  0x000000000001e520       0xf2 f:/mounriver_studio/mounriver_studio/toolchain/risc-v embedded gcc/bin/../lib/gcc/riscv-none-embed/8.2.0/../../../../riscv-none-embed/lib/rv32imafc/ilp32f\libg_nano.a(lib_a-mprec.o)
                0x000000000001e520                __mdiff
 .text.__d2b    0x000000000001e612       0xd4 f:/mounriver_studio/mounriver_studio/toolchain/risc-v embedded gcc/bin/../lib/gcc/riscv-none-embed/8.2.0/../../../../riscv-none-embed/lib/rv32imafc/ilp32f\libg_nano.a(lib_a-mprec.o)
                0x000000000001e612                __d2b
 .text._calloc_r
                0x000000000001e6e6       0x28 f:/mounriver_studio/mounriver_studio/toolchain/risc-v embedded gcc/bin/../lib/gcc/riscv-none-embed/8.2.0/../../../../riscv-none-embed/lib/rv32imafc/ilp32f\libg_nano.a(lib_a-nano-callocr.o)
                0x000000000001e6e6                _calloc_r
 .text.__ssputs_r
                0x000000000001e70e       0xee f:/mounriver_studio/mounriver_studio/toolchain/risc-v embedded gcc/bin/../lib/gcc/riscv-none-embed/8.2.0/../../../../riscv-none-embed/lib/rv32imafc/ilp32f\libg_nano.a(lib_a-nano-svfprintf.o)
                0x000000000001e70e                __ssputs_r
 .text._svfprintf_r
                0x000000000001e7fc      0x27e f:/mounriver_studio/mounriver_studio/toolchain/risc-v embedded gcc/bin/../lib/gcc/riscv-none-embed/8.2.0/../../../../riscv-none-embed/lib/rv32imafc/ilp32f\libg_nano.a(lib_a-nano-svfprintf.o)
                0x000000000001e7fc                _svfiprintf_r
                0x000000000001e7fc                _svfprintf_r
 .text._sungetc_r
                0x000000000001ea7a       0x9a f:/mounriver_studio/mounriver_studio/toolchain/risc-v embedded gcc/bin/../lib/gcc/riscv-none-embed/8.2.0/../../../../riscv-none-embed/lib/rv32imafc/ilp32f\libg_nano.a(lib_a-nano-svfscanf.o)
                0x000000000001ea7a                _sungetc_r
 .text.__ssrefill_r
                0x000000000001eb14       0x48 f:/mounriver_studio/mounriver_studio/toolchain/risc-v embedded gcc/bin/../lib/gcc/riscv-none-embed/8.2.0/../../../../riscv-none-embed/lib/rv32imafc/ilp32f\libg_nano.a(lib_a-nano-svfscanf.o)
                0x000000000001eb14                __ssrefill_r
 .text.__ssvfscanf_r
                0x000000000001eb5c      0x3b6 f:/mounriver_studio/mounriver_studio/toolchain/risc-v embedded gcc/bin/../lib/gcc/riscv-none-embed/8.2.0/../../../../riscv-none-embed/lib/rv32imafc/ilp32f\libg_nano.a(lib_a-nano-svfscanf.o)
                0x000000000001eb5c                __ssvfiscanf_r
                0x000000000001eb5c                __ssvfscanf_r
 .text.__sfputc_r
                0x000000000001ef12       0x2a f:/mounriver_studio/mounriver_studio/toolchain/risc-v embedded gcc/bin/../lib/gcc/riscv-none-embed/8.2.0/../../../../riscv-none-embed/lib/rv32imafc/ilp32f\libg_nano.a(lib_a-nano-vfprintf.o)
 .text.__sfputs_r
                0x000000000001ef3c       0x44 f:/mounriver_studio/mounriver_studio/toolchain/risc-v embedded gcc/bin/../lib/gcc/riscv-none-embed/8.2.0/../../../../riscv-none-embed/lib/rv32imafc/ilp32f\libg_nano.a(lib_a-nano-vfprintf.o)
                0x000000000001ef3c                __sfputs_r
 .text._vfprintf_r
                0x000000000001ef80      0x2a0 f:/mounriver_studio/mounriver_studio/toolchain/risc-v embedded gcc/bin/../lib/gcc/riscv-none-embed/8.2.0/../../../../riscv-none-embed/lib/rv32imafc/ilp32f\libg_nano.a(lib_a-nano-vfprintf.o)
                0x000000000001ef80                _vfprintf_r
                0x000000000001ef80                _vfiprintf_r
 .text._scanf_chars
                0x000000000001f220       0xea f:/mounriver_studio/mounriver_studio/toolchain/risc-v embedded gcc/bin/../lib/gcc/riscv-none-embed/8.2.0/../../../../riscv-none-embed/lib/rv32imafc/ilp32f\libg_nano.a(lib_a-nano-vfscanf_i.o)
                0x000000000001f220                _scanf_chars
 .text._scanf_i
                0x000000000001f30a      0x262 f:/mounriver_studio/mounriver_studio/toolchain/risc-v embedded gcc/bin/../lib/gcc/riscv-none-embed/8.2.0/../../../../riscv-none-embed/lib/rv32imafc/ilp32f\libg_nano.a(lib_a-nano-vfscanf_i.o)
                0x000000000001f30a                _scanf_i
 .text._read_r  0x000000000001f56c       0x36 f:/mounriver_studio/mounriver_studio/toolchain/risc-v embedded gcc/bin/../lib/gcc/riscv-none-embed/8.2.0/../../../../riscv-none-embed/lib/rv32imafc/ilp32f\libg_nano.a(lib_a-readr.o)
                0x000000000001f56c                _read_r
 .text.__sccl   0x000000000001f5a2       0x8e f:/mounriver_studio/mounriver_studio/toolchain/risc-v embedded gcc/bin/../lib/gcc/riscv-none-embed/8.2.0/../../../../riscv-none-embed/lib/rv32imafc/ilp32f\libg_nano.a(lib_a-sccl.o)
                0x000000000001f5a2                __sccl
 .text._strtol_l.isra.0
                0x000000000001f630      0x142 f:/mounriver_studio/mounriver_studio/toolchain/risc-v embedded gcc/bin/../lib/gcc/riscv-none-embed/8.2.0/../../../../riscv-none-embed/lib/rv32imafc/ilp32f\libg_nano.a(lib_a-strtol.o)
 .text._strtol_r
                0x000000000001f772       0x16 f:/mounriver_studio/mounriver_studio/toolchain/risc-v embedded gcc/bin/../lib/gcc/riscv-none-embed/8.2.0/../../../../riscv-none-embed/lib/rv32imafc/ilp32f\libg_nano.a(lib_a-strtol.o)
                0x000000000001f772                _strtol_r
 .text._strtoul_l.isra.0
                0x000000000001f788      0x138 f:/mounriver_studio/mounriver_studio/toolchain/risc-v embedded gcc/bin/../lib/gcc/riscv-none-embed/8.2.0/../../../../riscv-none-embed/lib/rv32imafc/ilp32f\libg_nano.a(lib_a-strtoul.o)
 .text._strtoul_r
                0x000000000001f8c0       0x16 f:/mounriver_studio/mounriver_studio/toolchain/risc-v embedded gcc/bin/../lib/gcc/riscv-none-embed/8.2.0/../../../../riscv-none-embed/lib/rv32imafc/ilp32f\libg_nano.a(lib_a-strtoul.o)
                0x000000000001f8c0                _strtoul_r
 .text.__submore
                0x000000000001f8d6       0x8a f:/mounriver_studio/mounriver_studio/toolchain/risc-v embedded gcc/bin/../lib/gcc/riscv-none-embed/8.2.0/../../../../riscv-none-embed/lib/rv32imafc/ilp32f\libg_nano.a(lib_a-ungetc.o)
                0x000000000001f8d6                __submore
 .text._fstat_r
                0x000000000001f960       0x32 f:/mounriver_studio/mounriver_studio/toolchain/risc-v embedded gcc/bin/../lib/gcc/riscv-none-embed/8.2.0/../../../../riscv-none-embed/lib/rv32imafc/ilp32f\libg_nano.a(lib_a-fstatr.o)
                0x000000000001f960                _fstat_r
 .text._isatty_r
                0x000000000001f992       0x30 f:/mounriver_studio/mounriver_studio/toolchain/risc-v embedded gcc/bin/../lib/gcc/riscv-none-embed/8.2.0/../../../../riscv-none-embed/lib/rv32imafc/ilp32f\libg_nano.a(lib_a-isattyr.o)
                0x000000000001f992                _isatty_r
 .text.__locale_ctype_ptr_l
                0x000000000001f9c2        0x6 f:/mounriver_studio/mounriver_studio/toolchain/risc-v embedded gcc/bin/../lib/gcc/riscv-none-embed/8.2.0/../../../../riscv-none-embed/lib/rv32imafc/ilp32f\libg_nano.a(lib_a-locale.o)
                0x000000000001f9c2                __locale_ctype_ptr_l
 .text.__locale_ctype_ptr
                0x000000000001f9c8       0x18 f:/mounriver_studio/mounriver_studio/toolchain/risc-v embedded gcc/bin/../lib/gcc/riscv-none-embed/8.2.0/../../../../riscv-none-embed/lib/rv32imafc/ilp32f\libg_nano.a(lib_a-locale.o)
                0x000000000001f9c8                __locale_ctype_ptr
 .text.__ascii_mbtowc
                0x000000000001f9e0       0x3a f:/mounriver_studio/mounriver_studio/toolchain/risc-v embedded gcc/bin/../lib/gcc/riscv-none-embed/8.2.0/../../../../riscv-none-embed/lib/rv32imafc/ilp32f\libg_nano.a(lib_a-mbtowc_r.o)
                0x000000000001f9e0                __ascii_mbtowc
 .text.memmove  0x000000000001fa1a       0x4a f:/mounriver_studio/mounriver_studio/toolchain/risc-v embedded gcc/bin/../lib/gcc/riscv-none-embed/8.2.0/../../../../riscv-none-embed/lib/rv32imafc/ilp32f\libg_nano.a(lib_a-memmove.o)
                0x000000000001fa1a                memmove
 .text._realloc_r
                0x000000000001fa64       0x58 f:/mounriver_studio/mounriver_studio/toolchain/risc-v embedded gcc/bin/../lib/gcc/riscv-none-embed/8.2.0/../../../../riscv-none-embed/lib/rv32imafc/ilp32f\libg_nano.a(lib_a-nano-reallocr.o)
                0x000000000001fa64                _realloc_r
 .text.__ascii_wctomb
                0x000000000001fabc       0x20 f:/mounriver_studio/mounriver_studio/toolchain/risc-v embedded gcc/bin/../lib/gcc/riscv-none-embed/8.2.0/../../../../riscv-none-embed/lib/rv32imafc/ilp32f\libg_nano.a(lib_a-wctomb_r.o)
                0x000000000001fabc                __ascii_wctomb
 .text._malloc_usable_size_r
                0x000000000001fadc       0x14 f:/mounriver_studio/mounriver_studio/toolchain/risc-v embedded gcc/bin/../lib/gcc/riscv-none-embed/8.2.0/../../../../riscv-none-embed/lib/rv32imafc/ilp32f\libg_nano.a(lib_a-nano-msizer.o)
                0x000000000001fadc                _malloc_usable_size_r
 .text.__trunctfdf2
                0x000000000001faf0      0x3d0 f:/mounriver_studio/mounriver_studio/toolchain/risc-v embedded gcc/bin/../lib/gcc/riscv-none-embed/8.2.0/rv32imafc/ilp32f\libgcc.a(trunctfdf2.o)
                0x000000000001faf0                __trunctfdf2
 .text._close   0x000000000001fec0       0x10 f:/mounriver_studio/mounriver_studio/toolchain/risc-v embedded gcc/bin/../lib/gcc/riscv-none-embed/8.2.0/../../../../riscv-none-embed/lib/rv32imafc/ilp32f\libnosys.a(close.o)
                0x000000000001fec0                _close
 .text._fstat   0x000000000001fed0       0x10 f:/mounriver_studio/mounriver_studio/toolchain/risc-v embedded gcc/bin/../lib/gcc/riscv-none-embed/8.2.0/../../../../riscv-none-embed/lib/rv32imafc/ilp32f\libnosys.a(fstat.o)
                0x000000000001fed0                _fstat
 .text._isatty  0x000000000001fee0       0x10 f:/mounriver_studio/mounriver_studio/toolchain/risc-v embedded gcc/bin/../lib/gcc/riscv-none-embed/8.2.0/../../../../riscv-none-embed/lib/rv32imafc/ilp32f\libnosys.a(isatty.o)
                0x000000000001fee0                _isatty
 .text._lseek   0x000000000001fef0       0x10 f:/mounriver_studio/mounriver_studio/toolchain/risc-v embedded gcc/bin/../lib/gcc/riscv-none-embed/8.2.0/../../../../riscv-none-embed/lib/rv32imafc/ilp32f\libnosys.a(lseek.o)
                0x000000000001fef0                _lseek
 .text._read    0x000000000001ff00       0x10 f:/mounriver_studio/mounriver_studio/toolchain/risc-v embedded gcc/bin/../lib/gcc/riscv-none-embed/8.2.0/../../../../riscv-none-embed/lib/rv32imafc/ilp32f\libnosys.a(read.o)
                0x000000000001ff00                _read
 .text._sbrk    0x000000000001ff10       0x24 f:/mounriver_studio/mounriver_studio/toolchain/risc-v embedded gcc/bin/../lib/gcc/riscv-none-embed/8.2.0/../../../../riscv-none-embed/lib/rv32imafc/ilp32f\libnosys.a(sbrk.o)
                0x000000000001ff10                _sbrk
 *(.rodata)
 *fill*         0x000000000001ff34        0x0 
 .rodata        0x000000000001ff34       0x37 ./zf_driver/zf_driver_encoder.o
 *fill*         0x000000000001ff6b        0x1 
 .rodata        0x000000000001ff6c       0x5b ./zf_driver/zf_driver_pit.o
 *fill*         0x000000000001ffc7        0x1 
 .rodata        0x000000000001ffc8       0x33 ./zf_driver/zf_driver_pwm.o
 *fill*         0x000000000001fffb        0x1 
 .rodata        0x000000000001fffc       0x38 ./zf_driver/zf_driver_soft_iic.o
 .rodata        0x0000000000020034       0x33 ./zf_driver/zf_driver_spi.o
 *fill*         0x0000000000020067        0x1 
 .rodata        0x0000000000020068       0x34 ./zf_driver/zf_driver_uart.o
 .rodata        0x000000000002009c       0x40 ./zf_device/zf_device_bluetooth_ch9141.o
 *fill*         0x00000000000200dc        0x4 
 .rodata        0x00000000000200e0        0x8 ./zf_device/zf_device_dm1xa.o
 .rodata        0x00000000000200e8       0xf0 ./zf_device/zf_device_mt9v03x_dvp.o
 .rodata        0x00000000000201d8       0x84 ./zf_device/zf_device_wifi_spi.o
 .rodata        0x000000000002025c      0x2b2 ./zf_device/zf_device_wifi_uart.o
 *fill*         0x000000000002050e        0x2 
 .rodata        0x0000000000020510       0x3d ./zf_device/zf_device_wireless_uart.o
 *fill*         0x000000000002054d        0x3 
 .rodata        0x0000000000020550       0x3c ./zf_components/seekfree_assistant.o
 .rodata        0x000000000002058c       0x78 ./zf_common/zf_common_debug.o
 .rodata        0x0000000000020604       0x34 ./zf_common/zf_common_fifo.o
 .rodata        0x0000000000020638       0x78 ./zf_common/zf_common_function.o
 .rodata        0x00000000000206b0        0x8 ./user_c/Encoder_c.o
 .rodata        0x00000000000206b8        0x4 ./user_c/PID.o
 *fill*         0x00000000000206bc        0x4 
 .rodata        0x00000000000206c0      0x158 ./user_c/cam.o
 .rodata        0x0000000000020818       0xd8 ./user_c/main.o
 .rodata        0x00000000000208f0       0x41 ./sdk/Peripheral/ch32v30x_usbotg_device.o
 *(.rodata*)
 *fill*         0x0000000000020931        0x3 
 .rodata.encoder_get_count
                0x0000000000020934       0x28 ./zf_driver/zf_driver_encoder.o
 .rodata.encoder_clear_count
                0x000000000002095c       0x28 ./zf_driver/zf_driver_encoder.o
 .rodata.encoder_quad_init
                0x0000000000020984       0x28 ./zf_driver/zf_driver_encoder.o
 .rodata.pit_init
                0x00000000000209ac       0x28 ./zf_driver/zf_driver_pit.o
 .rodata.pwm_set_duty
                0x00000000000209d4       0x28 ./zf_driver/zf_driver_pwm.o
 .rodata.pwm_init
                0x00000000000209fc       0x28 ./zf_driver/zf_driver_pwm.o
 .rodata.spi_index
                0x0000000000020a24        0xc ./zf_driver/zf_driver_spi.o
                0x0000000000020a24                spi_index
 .rodata.timer_get
                0x0000000000020a30       0x28 ./zf_driver/zf_driver_timer.o
 .rodata.timer_clear
                0x0000000000020a58       0x28 ./zf_driver/zf_driver_timer.o
 .rodata.uart_index
                0x0000000000020a80       0x20 ./zf_driver/zf_driver_uart.o
                0x0000000000020a80                uart_index
 .rodata.seekfree_assistant_interface_init
                0x0000000000020aa0       0x18 ./zf_components/seekfree_assistant_interface.o
 .rodata.Slalom
                0x0000000000020ab8       0x30 ./user_c/cam.o
 .rodata.Circle
                0x0000000000020ae8       0x68 ./user_c/cam.o
 .rodata.uart7_rx_interrupt_handler
                0x0000000000020b50       0x18 ./user_c/main.o
 .rodata.MyDevDescrHD
                0x0000000000020b68       0x12 ./sdk/Peripheral/ch32v30x_usbotg_device.o
                0x0000000000020b68                MyDevDescrHD
 *fill*         0x0000000000020b7a        0x2 
 .rodata.MyCfgDescrHD
                0x0000000000020b7c       0x43 ./sdk/Peripheral/ch32v30x_usbotg_device.o
                0x0000000000020b7c                MyCfgDescrHD
 *fill*         0x0000000000020bbf        0x1 
 .rodata.MyReportDescHD
                0x0000000000020bc0       0x14 ./sdk/Peripheral/ch32v30x_usbotg_device.o
                0x0000000000020bc0                MyReportDescHD
 .rodata.MyManuInfoHD
                0x0000000000020bd4        0xe ./sdk/Peripheral/ch32v30x_usbotg_device.o
                0x0000000000020bd4                MyManuInfoHD
 *fill*         0x0000000000020be2        0x2 
 .rodata.MyProdInfoHD
                0x0000000000020be4        0xc ./sdk/Peripheral/ch32v30x_usbotg_device.o
                0x0000000000020be4                MyProdInfoHD
 .rodata.MySerNumInfoHD
                0x0000000000020bf0       0x16 ./sdk/Peripheral/ch32v30x_usbotg_device.o
                0x0000000000020bf0                MySerNumInfoHD
 *fill*         0x0000000000020c06        0x2 
 .rodata.MyUSBQUADescHD
                0x0000000000020c08        0xa ./sdk/Peripheral/ch32v30x_usbotg_device.o
                0x0000000000020c08                MyUSBQUADescHD
 *fill*         0x0000000000020c12        0x2 
 .rodata.OTG_FS_IRQHandler
                0x0000000000020c14       0xbc ./sdk/Peripheral/ch32v30x_usbotg_device.o
 .rodata.pow.cst8
                0x0000000000020cd0       0x30 f:/mounriver_studio/mounriver_studio/toolchain/risc-v embedded gcc/bin/../lib/gcc/riscv-none-embed/8.2.0/../../../../riscv-none-embed/lib/rv32imafc/ilp32f\libm.a(lib_a-w_pow.o)
 .rodata.pow.str1.4
                0x0000000000020d00        0x4 f:/mounriver_studio/mounriver_studio/toolchain/risc-v embedded gcc/bin/../lib/gcc/riscv-none-embed/8.2.0/../../../../riscv-none-embed/lib/rv32imafc/ilp32f\libm.a(lib_a-w_pow.o)
 *fill*         0x0000000000020d04        0x4 
 .rodata.__ieee754_pow.cst8
                0x0000000000020d08      0x100 f:/mounriver_studio/mounriver_studio/toolchain/risc-v embedded gcc/bin/../lib/gcc/riscv-none-embed/8.2.0/../../../../riscv-none-embed/lib/rv32imafc/ilp32f\libm.a(lib_a-e_pow.o)
                                        0x110 (size before relaxing)
 .rodata.__ieee754_pow.str1.4
                0x0000000000020e08        0x4 f:/mounriver_studio/mounriver_studio/toolchain/risc-v embedded gcc/bin/../lib/gcc/riscv-none-embed/8.2.0/../../../../riscv-none-embed/lib/rv32imafc/ilp32f\libm.a(lib_a-e_pow.o)
                                          0x1 (size before relaxing)
 .rodata.nan.cst8
                0x0000000000020e08        0x8 f:/mounriver_studio/mounriver_studio/toolchain/risc-v embedded gcc/bin/../lib/gcc/riscv-none-embed/8.2.0/../../../../riscv-none-embed/lib/rv32imafc/ilp32f\libm.a(lib_a-s_nan.o)
 .rodata.TWO52  0x0000000000020e10       0x10 f:/mounriver_studio/mounriver_studio/toolchain/risc-v embedded gcc/bin/../lib/gcc/riscv-none-embed/8.2.0/../../../../riscv-none-embed/lib/rv32imafc/ilp32f\libm.a(lib_a-s_rint.o)
 .rodata.scalbn.cst8
                0x0000000000020e20       0x10 f:/mounriver_studio/mounriver_studio/toolchain/risc-v embedded gcc/bin/../lib/gcc/riscv-none-embed/8.2.0/../../../../riscv-none-embed/lib/rv32imafc/ilp32f\libm.a(lib_a-s_scalbn.o)
                                         0x20 (size before relaxing)
 .rodata.__divdf3
                0x0000000000020e30       0x40 f:/mounriver_studio/mounriver_studio/toolchain/risc-v embedded gcc/bin/../lib/gcc/riscv-none-embed/8.2.0/rv32imafc/ilp32f\libgcc.a(divdf3.o)
 .rodata.__muldf3
                0x0000000000020e70       0x40 f:/mounriver_studio/mounriver_studio/toolchain/risc-v embedded gcc/bin/../lib/gcc/riscv-none-embed/8.2.0/rv32imafc/ilp32f\libgcc.a(muldf3.o)
 .rodata.__clz_tab
                0x0000000000020eb0      0x100 f:/mounriver_studio/mounriver_studio/toolchain/risc-v embedded gcc/bin/../lib/gcc/riscv-none-embed/8.2.0/rv32imafc/ilp32f\libgcc.a(_clz.o)
                0x0000000000020eb0                __clz_tab
 .rodata._printf_float.cst8
                0x0000000000020fb0        0x8 f:/mounriver_studio/mounriver_studio/toolchain/risc-v embedded gcc/bin/../lib/gcc/riscv-none-embed/8.2.0/../../../../riscv-none-embed/lib/rv32imafc/ilp32f\libg_nano.a(lib_a-nano-vfprintf_float.o)
 .rodata._printf_float.str1.4
                0x0000000000020fb8       0x12 f:/mounriver_studio/mounriver_studio/toolchain/risc-v embedded gcc/bin/../lib/gcc/riscv-none-embed/8.2.0/../../../../riscv-none-embed/lib/rv32imafc/ilp32f\libg_nano.a(lib_a-nano-vfprintf_float.o)
 *fill*         0x0000000000020fca        0x2 
 .rodata._printf_i.str1.4
                0x0000000000020fcc       0x25 f:/mounriver_studio/mounriver_studio/toolchain/risc-v embedded gcc/bin/../lib/gcc/riscv-none-embed/8.2.0/../../../../riscv-none-embed/lib/rv32imafc/ilp32f\libg_nano.a(lib_a-nano-vfprintf_i.o)
 *fill*         0x0000000000020ff1        0x7 
 .rodata._dtoa_r.cst8
                0x0000000000020ff8       0x30 f:/mounriver_studio/mounriver_studio/toolchain/risc-v embedded gcc/bin/../lib/gcc/riscv-none-embed/8.2.0/../../../../riscv-none-embed/lib/rv32imafc/ilp32f\libg_nano.a(lib_a-dtoa.o)
                                         0x48 (size before relaxing)
 .rodata._dtoa_r.str1.4
                0x0000000000021028       0x10 f:/mounriver_studio/mounriver_studio/toolchain/risc-v embedded gcc/bin/../lib/gcc/riscv-none-embed/8.2.0/../../../../riscv-none-embed/lib/rv32imafc/ilp32f\libg_nano.a(lib_a-dtoa.o)
                                         0x12 (size before relaxing)
 .rodata.__sf_fake_stderr
                0x0000000000021038       0x20 f:/mounriver_studio/mounriver_studio/toolchain/risc-v embedded gcc/bin/../lib/gcc/riscv-none-embed/8.2.0/../../../../riscv-none-embed/lib/rv32imafc/ilp32f\libg_nano.a(lib_a-findfp.o)
                0x0000000000021038                __sf_fake_stderr
 .rodata.__sf_fake_stdin