Archive member included to satisfy reference by file (symbol)

f:/mounriver_studio/mounriver_studio/toolchain/risc-v embedded gcc/bin/../lib/gcc/riscv-none-embed/8.2.0/../../../../riscv-none-embed/lib/rv32imafc/ilp32f\libm.a(lib_a-s_cos.o)
                              ./zf_device/zf_device_gnss.o (cos)
f:/mounriver_studio/mounriver_studio/toolchain/risc-v embedded gcc/bin/../lib/gcc/riscv-none-embed/8.2.0/../../../../riscv-none-embed/lib/rv32imafc/ilp32f\libm.a(lib_a-s_sin.o)
                              ./zf_device/zf_device_gnss.o (sin)
f:/mounriver_studio/mounriver_studio/toolchain/risc-v embedded gcc/bin/../lib/gcc/riscv-none-embed/8.2.0/../../../../riscv-none-embed/lib/rv32imafc/ilp32f\libm.a(lib_a-w_asin.o)
                              ./zf_device/zf_device_gnss.o (asin)
f:/mounriver_studio/mounriver_studio/toolchain/risc-v embedded gcc/bin/../lib/gcc/riscv-none-embed/8.2.0/../../../../riscv-none-embed/lib/rv32imafc/ilp32f\libm.a(lib_a-w_atan2.o)
                              ./zf_device/zf_device_gnss.o (atan2)
f:/mounriver_studio/mounriver_studio/toolchain/risc-v embedded gcc/bin/../lib/gcc/riscv-none-embed/8.2.0/../../../../riscv-none-embed/lib/rv32imafc/ilp32f\libm.a(lib_a-w_pow.o)
                              ./zf_device/zf_device_gnss.o (pow)
f:/mounriver_studio/mounriver_studio/toolchain/risc-v embedded gcc/bin/../lib/gcc/riscv-none-embed/8.2.0/../../../../riscv-none-embed/lib/rv32imafc/ilp32f\libm.a(lib_a-w_sqrt.o)
                              ./zf_device/zf_device_gnss.o (sqrt)
f:/mounriver_studio/mounriver_studio/toolchain/risc-v embedded gcc/bin/../lib/gcc/riscv-none-embed/8.2.0/../../../../riscv-none-embed/lib/rv32imafc/ilp32f\libm.a(lib_a-e_asin.o)
                              f:/mounriver_studio/mounriver_studio/toolchain/risc-v embedded gcc/bin/../lib/gcc/riscv-none-embed/8.2.0/../../../../riscv-none-embed/lib/rv32imafc/ilp32f\libm.a(lib_a-w_asin.o) (__ieee754_asin)
f:/mounriver_studio/mounriver_studio/toolchain/risc-v embedded gcc/bin/../lib/gcc/riscv-none-embed/8.2.0/../../../../riscv-none-embed/lib/rv32imafc/ilp32f\libm.a(lib_a-e_atan2.o)
                              f:/mounriver_studio/mounriver_studio/toolchain/risc-v embedded gcc/bin/../lib/gcc/riscv-none-embed/8.2.0/../../../../riscv-none-embed/lib/rv32imafc/ilp32f\libm.a(lib_a-w_atan2.o) (__ieee754_atan2)
f:/mounriver_studio/mounriver_studio/toolchain/risc-v embedded gcc/bin/../lib/gcc/riscv-none-embed/8.2.0/../../../../riscv-none-embed/lib/rv32imafc/ilp32f\libm.a(lib_a-e_pow.o)
                              f:/mounriver_studio/mounriver_studio/toolchain/risc-v embedded gcc/bin/../lib/gcc/riscv-none-embed/8.2.0/../../../../riscv-none-embed/lib/rv32imafc/ilp32f\libm.a(lib_a-w_pow.o) (__ieee754_pow)
f:/mounriver_studio/mounriver_studio/toolchain/risc-v embedded gcc/bin/../lib/gcc/riscv-none-embed/8.2.0/../../../../riscv-none-embed/lib/rv32imafc/ilp32f\libm.a(lib_a-e_rem_pio2.o)
                              f:/mounriver_studio/mounriver_studio/toolchain/risc-v embedded gcc/bin/../lib/gcc/riscv-none-embed/8.2.0/../../../../riscv-none-embed/lib/rv32imafc/ilp32f\libm.a(lib_a-s_cos.o) (__ieee754_rem_pio2)
f:/mounriver_studio/mounriver_studio/toolchain/risc-v embedded gcc/bin/../lib/gcc/riscv-none-embed/8.2.0/../../../../riscv-none-embed/lib/rv32imafc/ilp32f\libm.a(lib_a-e_sqrt.o)
                              f:/mounriver_studio/mounriver_studio/toolchain/risc-v embedded gcc/bin/../lib/gcc/riscv-none-embed/8.2.0/../../../../riscv-none-embed/lib/rv32imafc/ilp32f\libm.a(lib_a-w_sqrt.o) (__ieee754_sqrt)
f:/mounriver_studio/mounriver_studio/toolchain/risc-v embedded gcc/bin/../lib/gcc/riscv-none-embed/8.2.0/../../../../riscv-none-embed/lib/rv32imafc/ilp32f\libm.a(lib_a-k_cos.o)
                              f:/mounriver_studio/mounriver_studio/toolchain/risc-v embedded gcc/bin/../lib/gcc/riscv-none-embed/8.2.0/../../../../riscv-none-embed/lib/rv32imafc/ilp32f\libm.a(lib_a-s_cos.o) (__kernel_cos)
f:/mounriver_studio/mounriver_studio/toolchain/risc-v embedded gcc/bin/../lib/gcc/riscv-none-embed/8.2.0/../../../../riscv-none-embed/lib/rv32imafc/ilp32f\libm.a(lib_a-k_rem_pio2.o)
                              f:/mounriver_studio/mounriver_studio/toolchain/risc-v embedded gcc/bin/../lib/gcc/riscv-none-embed/8.2.0/../../../../riscv-none-embed/lib/rv32imafc/ilp32f\libm.a(lib_a-e_rem_pio2.o) (__kernel_rem_pio2)
f:/mounriver_studio/mounriver_studio/toolchain/risc-v embedded gcc/bin/../lib/gcc/riscv-none-embed/8.2.0/../../../../riscv-none-embed/lib/rv32imafc/ilp32f\libm.a(lib_a-k_sin.o)
                              f:/mounriver_studio/mounriver_studio/toolchain/risc-v embedded gcc/bin/../lib/gcc/riscv-none-embed/8.2.0/../../../../riscv-none-embed/lib/rv32imafc/ilp32f\libm.a(lib_a-s_cos.o) (__kernel_sin)
f:/mounriver_studio/mounriver_studio/toolchain/risc-v embedded gcc/bin/../lib/gcc/riscv-none-embed/8.2.0/../../../../riscv-none-embed/lib/rv32imafc/ilp32f\libm.a(lib_a-s_atan.o)
[...]
Memory Configuration

Name             Origin             Length             Attributes
RAM              0x0000000020000040 0x000000000000fc00 xrw
FLASH            0x0000000000000000 0x0000000000040000 xr
*default*        0x0000000000000000 0xffffffffffffffff

Linker script and memory map

LOAD ./zf_driver/zf_driver_adc.o
LOAD ./zf_driver/zf_driver_delay.o
LOAD ./zf_driver/zf_driver_dvp.o
LOAD ./zf_driver/zf_driver_encoder.o
LOAD ./zf_driver/zf_driver_exti.o
LOAD ./zf_driver/zf_driver_flash.o
LOAD ./zf_driver/zf_driver_gpio.o
LOAD ./zf_driver/zf_driver_iic.o
LOAD ./zf_driver/zf_driver_pit.o
LOAD ./zf_driver/zf_driver_pwm.o
LOAD ./zf_driver/zf_driver_soft_iic.o
LOAD ./zf_driver/zf_driver_soft_spi.o
LOAD ./zf_driver/zf_driver_spi.o
LOAD ./zf_driver/zf_driver_timer.o
LOAD ./zf_driver/zf_driver_uart.o
LOAD ./zf_driver/zf_driver_usb_cdc.o
LOAD ./zf_device/zf_device_absolute_encoder.o
LOAD ./zf_device/zf_device_aht20.o
LOAD ./zf_device/zf_device_bluetooth_ch9141.o
LOAD ./zf_device/zf_device_camera.o
LOAD ./zf_device/zf_device_dl1a.o
LOAD ./zf_device/zf_device_dl1b.o
LOAD ./zf_device/zf_device_dm1xa.o
LOAD ./zf_device/zf_device_gnss.o
LOAD ./zf_device/zf_device_icm20602.o
LOAD ./zf_device/zf_device_imu660ra.o
LOAD ./zf_device/zf_device_imu963ra.o
LOAD ./zf_device/zf_device_ips114.o
LOAD ./zf_device/zf_device_ips200.o
LOAD ./zf_device/zf_device_k24c02.o
LOAD ./zf_device/zf_device_key.o
LOAD ./zf_device/zf_device_mpu6050.o
LOAD ./zf_device/zf_device_mt9v03x_dvp.o
LOAD ./zf_device/zf_device_oled.o
LOAD ./zf_device/zf_device_scc8660_dvp.o
LOAD ./zf_device/zf_device_tft180.o
LOAD ./zf_device/zf_device_type.o
LOAD ./zf_device/zf_device_virtual_oscilloscope.o
LOAD ./zf_device/zf_device_w25q32.o
LOAD ./zf_device/zf_device_wifi_spi.o
LOAD ./zf_device/zf_device_wifi_uart.o
LOAD ./zf_device/zf_device_wireless_ch573.o
LOAD ./zf_device/zf_device_wireless_uart.o
LOAD ./zf_components/seekfree_assistant.o
LOAD ./zf_components/seekfree_assistant_interface.o
LOAD ./zf_common/zf_common_clock.o
LOAD ./zf_common/zf_common_debug.o
LOAD ./zf_common/zf_common_fifo.o
LOAD ./zf_common/zf_common_font.o
LOAD ./zf_common/zf_common_function.o
LOAD ./zf_common/zf_common_interrupt.o
LOAD ./user_c/Encoder_c.o
LOAD ./user_c/Gyroscope_c.o
LOAD ./user_c/PID.o
LOAD ./user_c/cam.o
LOAD ./user_c/isr.o
LOAD ./user_c/main.o
LOAD ./user_c/yj901s.o
LOAD ./sdk/Startup/startup_ch32v30x_D8C.o
LOAD ./sdk/Peripheral/ch32v30x_adc.o
LOAD ./sdk/Peripheral/ch32v30x_bkp.o
LOAD ./sdk/Peripheral/ch32v30x_can.o
LOAD ./sdk/Peripheral/ch32v30x_crc.o
LOAD ./sdk/Peripheral/ch32v30x_dac.o
LOAD ./sdk/Peripheral/ch32v30x_dbgmcu.o
LOAD ./sdk/Peripheral/ch32v30x_dma.o
LOAD ./sdk/Peripheral/ch32v30x_dvp.o
LOAD ./sdk/Peripheral/ch32v30x_eth.o
LOAD ./sdk/Peripheral/ch32v30x_exti.o
LOAD ./sdk/Peripheral/ch32v30x_flash.o
LOAD ./sdk/Peripheral/ch32v30x_fsmc.o
LOAD ./sdk/Peripheral/ch32v30x_gpio.o
LOAD ./sdk/Peripheral/ch32v30x_i2c.o
LOAD ./sdk/Peripheral/ch32v30x_iwdg.o
LOAD ./sdk/Peripheral/ch32v30x_misc.o
LOAD ./sdk/Peripheral/ch32v30x_opa.o
LOAD ./sdk/Peripheral/ch32v30x_pwr.o
LOAD ./sdk/Peripheral/ch32v30x_rcc.o
LOAD ./sdk/Peripheral/ch32v30x_rng.o
LOAD ./sdk/Peripheral/ch32v30x_rtc.o
LOAD ./sdk/Peripheral/ch32v30x_sdio.o
LOAD ./sdk/Peripheral/ch32v30x_spi.o
LOAD ./sdk/Peripheral/ch32v30x_tim.o
LOAD ./sdk/Peripheral/ch32v30x_usart.o
LOAD ./sdk/Peripheral/ch32v30x_usbotg_device.o
LOAD ./sdk/Peripheral/ch32v30x_wwdg.o
LOAD ./sdk/Core/core_riscv.o
LOAD f:/mounriver_studio/mounriver_studio/toolchain/risc-v embedded gcc/bin/../lib/gcc/riscv-none-embed/8.2.0/../../../../riscv-none-embed/lib/rv32imafc/ilp32f\libm.a
LOAD F:\∑…ø®÷«ƒ‹ ”æı\v5.0\libraries\zf_device\libzf_device_config.a
LOAD f:/mounriver_studio/mounriver_studio/toolchain/risc-v embedded gcc/bin/../lib/gcc/riscv-none-embed/8.2.0/rv32imafc/ilp32f\libgcc.a
LOAD f:/mounriver_studio/mounriver_studio/toolchain/risc-v embedded gcc/bin/../lib/gcc/riscv-none-embed/8.2.0/../../../../riscv-none-embed/lib/rv32imafc/ilp32f\libg_nano.a
LOAD f:/mounriver_studio/mounriver_studio/toolchain/risc-v embedded gcc/bin/../lib/gcc/riscv-none-embed/8.2.0/../../../../riscv-none-embed/lib/rv32imafc/ilp32f\libc_nano.a
LOAD f:/mounriver_studio/mounriver_studio/toolchain/risc-v embedded gcc/bin/../lib/gcc/riscv-none-embed/8.2.0/rv32imafc/ilp32f\libgcc.a
START GROUP
LOAD f:/mounriver_studio/mounriver_studio/toolchain/risc-v embedded gcc/bin/../lib/gcc/riscv-none-embed/8.2.0/rv32imafc/ilp32f\libgcc.a
LOAD f:/mounriver_studio/mounriver_studio/toolchain/risc-v embedded gcc/bin/../lib/gcc/riscv-none-embed/8.2.0/../../../../riscv-none-embed/lib/rv32imafc/ilp32f\libc_nano.a
LOAD f:/mounriver_studio/mounriver_studio/toolchain/risc-v embedded gcc/bin/../lib/gcc/riscv-none-embed/8.2.0/../../../../riscv-none-embed/lib/rv32imafc/ilp32f\libnosys.a
END GROUP
START GROUP
LOAD f:/mounriver_studio/mounriver_studio/toolchain/risc-v embedded gcc/bin/../lib/gcc/riscv-none-embed/8.2.0/rv32imafc/ilp32f\libgcc.a
LOAD f:/mounriver_studio/mounriver_studio/toolchain/risc-v embedded gcc/bin/../lib/gcc/riscv-none-embed/8.2.0/../../../../riscv-none-embed/lib/rv32imafc/ilp32f\libc_nano.a
LOAD f:/mounriver_studio/mounriver_studio/toolchain/risc-v embedded gcc/bin/../lib/gcc/riscv-none-embed/8.2.0/../../../../riscv-none-embed/lib/rv32imafc/ilp32f\libnosys.a
END GROUP
                0x0000000000000800                __stack_size = 0x800
                [!provide]                        PROVIDE (_stack_size = __stack_size)

.init           0x0000000000000000       0x38
                0x0000000000000000                _sinit = .
                0x0000000000000000                . = ALIGN (0x4)
 *(SORT_NONE(.init))
 .init          0x0000000000000000       0x38 ./sdk/Startup/startup_ch32v30x_D8C.o
                0x0000000000000000                _start
                0x0000000000000038                . = ALIGN (0x4)
                0x0000000000000038                _einit = .

.vector         0x0000000000000038      0x1c8
 *(.vector)
 .vector        0x0000000000000038      0x1a0 ./sdk/Startup/startup_ch32v30x_D8C.o
                0x0000000000000200                . = ALIGN (0x40)
 *fill*         0x00000000000001d8       0x28 

.text           0x0000000000000200    0x1ddc4
                0x0000000000000200                . = ALIGN (0x4)
 *(.text)
 .text          0x0000000000000200       0xa8 f:/mounriver_studio/mounriver_studio/toolchain/risc-v embedded gcc/bin/../lib/gcc/riscv-none-embed/8.2.0/../../../../riscv-none-embed/lib/rv32imafc/ilp32f\libg_nano.a(lib_a-memset.o)
                0x0000000000000200                memset
 .text          0x00000000000002a8      0x11e f:/mounriver_studio/mounriver_studio/toolchain/risc-v embedded gcc/bin/../lib/gcc/riscv-none-embed/8.2.0/../../../../riscv-none-embed/lib/rv32imafc/ilp32f\libg_nano.a(lib_a-strcmp.o)
                0x00000000000002a8                strcmp
 *(.text.*)
 .text.system_delay_ms
                0x00000000000003c6       0xa2 ./zf_driver/zf_driver_delay.o
                0x00000000000003c6                system_delay_ms
 .text.system_delay_us
                0x0000000000000468       0xa4 ./zf_driver/zf_driver_delay.o
                0x0000000000000468                system_delay_us
 .text.dvp_gpio_init
                0x000000000000050c      0x118 ./zf_driver/zf_driver_dvp.o
                0x000000000000050c                dvp_gpio_init
 .text.dvp_camera_init
                0x0000000000000624       0x8c ./zf_driver/zf_driver_dvp.o
                0x0000000000000624                dvp_camera_init
 .text.encoder_get_count
                0x00000000000006b0      0x14e ./zf_driver/zf_driver_encoder.o
                0x00000000000006b0                encoder_get_count
 .text.encoder_clear_count
                0x00000000000007fe       0x9a ./zf_driver/zf_driver_encoder.o
                0x00000000000007fe                encoder_clear_count
 .text.encoder_quad_init
                0x0000000000000898      0x2d6 ./zf_driver/zf_driver_encoder.o
                0x0000000000000898                encoder_quad_init
 .text.exti_init
                0x0000000000000b6e      0x108 ./zf_driver/zf_driver_exti.o
                0x0000000000000b6e                exti_init
 .text.gpio_set_level
                0x0000000000000c76       0x78 ./zf_driver/zf_driver_gpio.o
                0x0000000000000c76                gpio_set_level
 .text.gpio_get_level
                0x0000000000000cee       0x42 ./zf_driver/zf_driver_gpio.o
                0x0000000000000cee                gpio_get_level
 .text.gpio_toggle_level
                0x0000000000000d30       0x6a ./zf_driver/zf_driver_gpio.o
                0x0000000000000d30                gpio_toggle_level
 .text.gpio_init
                0x0000000000000d9a      0x15c ./zf_driver/zf_driver_gpio.o
                0x0000000000000d9a                gpio_init
 .text.pit_init
                0x0000000000000ef6      0x218 ./zf_driver/zf_driver_pit.o
                0x0000000000000ef6                pit_init
 .text.pwm_set_duty
                0x000000000000110e      0x166 ./zf_driver/zf_driver_pwm.o
                0x000000000000110e                pwm_set_duty
 .text.pwm_init
                0x0000000000001274      0x416 ./zf_driver/zf_driver_pwm.o
                0x0000000000001274                pwm_init
 .text.soft_iic_start
                0x000000000000168a      0x128 ./zf_driver/zf_driver_soft_iic.o
 .text.soft_iic_stop
                0x00000000000017b2      0x142 ./zf_driver/zf_driver_soft_iic.o
 .text.soft_iic_send_ack
                0x00000000000018f4      0x196 ./zf_driver/zf_driver_soft_iic.o
 .text.soft_iic_wait_ack
                0x0000000000001a8a      0x160 ./zf_driver/zf_driver_soft_iic.o
 .text.soft_iic_send_data
                0x0000000000001bea      0x16e ./zf_driver/zf_driver_soft_iic.o
 .text.soft_iic_read_data
                0x0000000000001d58      0x1ea ./zf_driver/zf_driver_soft_iic.o
 .text.soft_iic_sccb_write_register
                0x0000000000001f42       0x80 ./zf_driver/zf_driver_soft_iic.o
                0x0000000000001f42                soft_iic_sccb_write_register
 .text.soft_iic_sccb_read_register
                0x0000000000001fc2       0xb4 ./zf_driver/zf_driver_soft_iic.o
                0x0000000000001fc2                soft_iic_sccb_read_register
 .text.soft_iic_init
                0x0000000000002076       0xb2 ./zf_driver/zf_driver_soft_iic.o
                0x0000000000002076                soft_iic_init
 .text.spi_write_8bit_array
                0x0000000000002128       0x94 ./zf_driver/zf_driver_spi.o
                0x0000000000002128                spi_write_8bit_array
 .text.spi_transfer_8bit
                0x00000000000021bc       0xc2 ./zf_driver/zf_driver_spi.o
                0x00000000000021bc                spi_transfer_8bit
 .text.spi_init
                0x000000000000227e      0x2d4 ./zf_driver/zf_driver_spi.o
                0x000000000000227e                spi_init
 .text.timer_funciton_check
                0x0000000000002552       0x66 ./zf_driver/zf_driver_timer.o
                0x0000000000002552                timer_funciton_check
 .text.timer_clock_enable
                0x00000000000025b8       0xe2 ./zf_driver/zf_driver_timer.o
                0x00000000000025b8                timer_clock_enable
 .text.timer_get
                0x000000000000269a       0xfe ./zf_driver/zf_driver_timer.o
                0x000000000000269a                timer_get
 .text.timer_clear
                0x0000000000002798       0xc4 ./zf_driver/zf_driver_timer.o
                0x0000000000002798                timer_clear
 .text.uart_write_byte
                0x000000000000285c       0x56 ./zf_driver/zf_driver_uart.o
                0x000000000000285c                uart_write_byte
 .text.uart_write_buffer
                0x00000000000028b2       0x64 ./zf_driver/zf_driver_uart.o
                0x00000000000028b2                uart_write_buffer
 .text.uart_write_string
                0x0000000000002916       0x60 ./zf_driver/zf_driver_uart.o
                0x0000000000002916                uart_write_string
 .text.uart_rx_interrupt
                0x0000000000002976       0x84 ./zf_driver/zf_driver_uart.o
                0x0000000000002976                uart_rx_interrupt
 .text.uart_query_byte
                0x00000000000029fa       0x5e ./zf_driver/zf_driver_uart.o
                0x00000000000029fa                uart_query_byte
 .text.uart_init
                0x0000000000002a58      0x5aa ./zf_driver/zf_driver_uart.o
                0x0000000000002a58                uart_init
 .text.Send_data
                0x0000000000003002       0x6c ./zf_driver/zf_driver_uart.o
                0x0000000000003002                Send_data
 .text.bluetooth_ch9141_send_buffer
                0x000000000000306e       0xb8 ./zf_device/zf_device_bluetooth_ch9141.o
                0x000000000000306e                bluetooth_ch9141_send_buffer
 .text.bluetooth_ch9141_read_buffer
                0x0000000000003126       0x58 ./zf_device/zf_device_bluetooth_ch9141.o
                0x0000000000003126                bluetooth_ch9141_read_buffer
 .text.dm1xa_sound_callback
                0x000000000000317e       0xf6 ./zf_device/zf_device_dm1xa.o
                0x000000000000317e                dm1xa_sound_callback
 .text.dm1xa_light_callback
                0x0000000000003274       0x32 ./zf_device/zf_device_dm1xa.o
                0x0000000000003274                dm1xa_light_callback
 .text.mt9v03x_set_config
                0x00000000000032a6      0x132 ./zf_device/zf_device_mt9v03x_dvp.o
 .text.mt9v03x_get_config
                0x00000000000033d8      0x176 ./zf_device/zf_device_mt9v03x_dvp.o
 .text.mt9v03x_uart_check_id
                0x000000000000354e       0xda ./zf_device/zf_device_mt9v03x_dvp.o
 .text.mt9v03x_uart_handler
                0x0000000000003628       0x4e ./zf_device/zf_device_mt9v03x_dvp.o
 .text.mt9v03x_dvp_handler
                0x0000000000003676       0x14 ./zf_device/zf_device_mt9v03x_dvp.o
                0x0000000000003676                mt9v03x_dvp_handler
 .text.mt9v03x_get_version
                0x000000000000368a       0xb0 ./zf_device/zf_device_mt9v03x_dvp.o
                0x000000000000368a                mt9v03x_get_version
 .text.mt9v03x_sccb_init
                0x000000000000373a       0xc6 ./zf_device/zf_device_mt9v03x_dvp.o
                0x000000000000373a                mt9v03x_sccb_init
 .text.mt9v03x_uart_init
                0x0000000000003800      0x2ae ./zf_device/zf_device_mt9v03x_dvp.o
                0x0000000000003800                mt9v03x_uart_init
 .text.mt9v03x_init
                0x0000000000003aae       0xa6 ./zf_device/zf_device_mt9v03x_dvp.o
                0x0000000000003aae                mt9v03x_init
 .text.type_default_callback
                0x0000000000003b54        0xe ./zf_device/zf_device_type.o
 .text.set_camera_type
                0x0000000000003b62       0x52 ./zf_device/zf_device_type.o
                0x0000000000003b62                set_camera_type
 .text.wifi_spi_wait_idle
                0x0000000000003bb4       0x6c ./zf_device/zf_device_wifi_spi.o
 .text.wifi_spi_write
                0x0000000000003c20       0x70 ./zf_device/zf_device_wifi_spi.o
 .text.wifi_spi_transfer_command
                0x0000000000003c90       0x6e ./zf_device/zf_device_wifi_spi.o
 .text.wifi_spi_transfer_data
                0x0000000000003cfe       0xd4 ./zf_device/zf_device_wifi_spi.o
 .text.wifi_spi_set_parameter
                0x0000000000003dd2       0xa0 ./zf_device/zf_device_wifi_spi.o
 .text.wifi_spi_get_parameter
                0x0000000000003e72       0x86 ./zf_device/zf_device_wifi_spi.o
 .text.wifi_spi_get_version
                0x0000000000003ef8       0x5a ./zf_device/zf_device_wifi_spi.o
 .text.wifi_spi_get_mac_addr
                0x0000000000003f52       0x5a ./zf_device/zf_device_wifi_spi.o
 .text.wifi_spi_get_ip_addr_port
                0x0000000000003fac       0x5a ./zf_device/zf_device_wifi_spi.o
 .text.wifi_spi_wifi_connect
                0x0000000000004006       0x7a ./zf_device/zf_device_wifi_spi.o
                0x0000000000004006                wifi_spi_wifi_connect
 .text.wifi_spi_socket_connect
                0x0000000000004080       0x68 ./zf_device/zf_device_wifi_spi.o
                0x0000000000004080                wifi_spi_socket_connect
 .text.wifi_spi_send_buffer
                0x00000000000040e8      0x138 ./zf_device/zf_device_wifi_spi.o
                0x00000000000040e8                wifi_spi_send_buffer
 .text.wifi_spi_read_buffer
                0x0000000000004220       0xda ./zf_device/zf_device_wifi_spi.o
                0x0000000000004220                wifi_spi_read_buffer
 .text.get_mcu_version
                0x00000000000042fa       0x58 ./zf_device/zf_device_wifi_spi.o
 .text.wifi_spi_init
                0x0000000000004352      0x13e ./zf_device/zf_device_wifi_spi.o
                0x0000000000004352                wifi_spi_init
 .text.wifi_uart_wait_ack
                0x0000000000004490       0xc6 ./zf_device/zf_device_wifi_uart.o
 .text.wifi_uart_clear_receive_buffer
                0x0000000000004556       0x1e ./zf_device/zf_device_wifi_uart.o
 .text.wifi_uart_send_buffer
                0x0000000000004574      0x184 ./zf_device/zf_device_wifi_uart.o
                0x0000000000004574                wifi_uart_send_buffer
 .text.wifi_uart_read_buffer
                0x00000000000046f8       0x5c ./zf_device/zf_device_wifi_uart.o
                0x00000000000046f8                wifi_uart_read_buffer
 .text.wireless_uart_send_buffer
                0x0000000000004754       0xb8 ./zf_device/zf_device_wireless_uart.o
                0x0000000000004754                wireless_uart_send_buffer
 .text.wireless_uart_read_buffer
                0x000000000000480c       0x5c ./zf_device/zf_device_wireless_uart.o
                0x000000000000480c                wireless_uart_read_buffer
 .text.seekfree_assistant_camera_data_send
                0x0000000000004868      0x116 ./zf_components/seekfree_assistant.o
                0x0000000000004868                seekfree_assistant_camera_data_send
 .text.seekfree_assistant_camera_dot_send
                0x000000000000497e       0xc0 ./zf_components/seekfree_assistant.o
                0x000000000000497e                seekfree_assistant_camera_dot_send
 .text.seekfree_assistant_camera_information_config
                0x0000000000004a3e       0x7a ./zf_components/seekfree_assistant.o
                0x0000000000004a3e                seekfree_assistant_camera_information_config
 .text.seekfree_assistant_camera_boundary_config
                0x0000000000004ab8      0x45c ./zf_components/seekfree_assistant.o
                0x0000000000004ab8                seekfree_assistant_camera_boundary_config
 .text.seekfree_assistant_camera_send
                0x0000000000004f14       0x8c ./zf_components/seekfree_assistant.o
                0x0000000000004f14                seekfree_assistant_camera_send
 .text.seekfree_assistant_transfer
                0x0000000000004fa0       0x1a ./zf_components/seekfree_assistant_interface.o
                0x0000000000004fa0                seekfree_assistant_transfer
 .text.seekfree_assistant_receive
                0x0000000000004fba       0x18 ./zf_components/seekfree_assistant_interface.o
                0x0000000000004fba                seekfree_assistant_receive
 .text.seekfree_assistant_interface_init
                0x0000000000004fd2       0xb4 ./zf_components/seekfree_assistant_interface.o
                0x0000000000004fd2                seekfree_assistant_interface_init
 .text.clock_reset
                0x0000000000005086       0x76 ./zf_common/zf_common_clock.o
                0x0000000000005086                clock_reset
 .text.clock_set_freq
                0x00000000000050fc      0x1de ./zf_common/zf_common_clock.o
                0x00000000000050fc                clock_set_freq
 .text.clock_init
                0x00000000000052da       0x2e ./zf_common/zf_common_clock.o
                0x00000000000052da                clock_init
 .text.__NOP    0x0000000000005308       0x10 ./zf_common/zf_common_debug.o
 .text.debug_delay
                0x0000000000005318       0x52 ./zf_common/zf_common_debug.o
 .text.debug_protective_handler
                0x000000000000536a        0xe ./zf_common/zf_common_debug.o
 .text.debug_uart_str_output
                0x0000000000005378       0x20 ./zf_common/zf_common_debug.o
 .text.debug_output
                0x0000000000005398      0x564 ./zf_common/zf_common_debug.o
 .text.debug_send_buffer
                0x00000000000058fc       0x2a ./zf_common/zf_common_debug.o
                0x00000000000058fc                debug_send_buffer
 .text.debug_read_ring_buffer
                0x0000000000005926       0x36 ./zf_common/zf_common_debug.o
                0x0000000000005926                debug_read_ring_buffer
 .text._write   0x000000000000595c       0x7c ./zf_common/zf_common_debug.o
                0x000000000000595c                _write
 .text.debug_assert_handler
                0x00000000000059d8       0x68 ./zf_common/zf_common_debug.o
                0x00000000000059d8                debug_assert_handler
 .text.debug_log_handler
                0x0000000000005a40       0x4e ./zf_common/zf_common_debug.o
                0x0000000000005a40                debug_log_handler
 .text.debug_output_struct_init
                0x0000000000005a8e       0x5a ./zf_common/zf_common_debug.o
                0x0000000000005a8e                debug_output_struct_init
 .text.debug_output_init
                0x0000000000005ae8       0xa8 ./zf_common/zf_common_debug.o
                0x0000000000005ae8                debug_output_init
 .text.debug_init
                0x0000000000005b90       0x6c ./zf_common/zf_common_debug.o
                0x0000000000005b90                debug_init
 .text.fifo_head_offset
                0x0000000000005bfc      0x184 ./zf_common/zf_common_fifo.o
 .text.fifo_end_offset
                0x0000000000005d80      0x184 ./zf_common/zf_common_fifo.o
 .text.fifo_clear
                0x0000000000005f04      0x24a ./zf_common/zf_common_fifo.o
                0x0000000000005f04                fifo_clear
 .text.fifo_used
                0x000000000000614e       0x7a ./zf_common/zf_common_fifo.o
                0x000000000000614e                fifo_used
 .text.fifo_write_element
                0x00000000000061c8      0x260 ./zf_common/zf_common_fifo.o
                0x00000000000061c8                fifo_write_element
 .text.fifo_write_buffer
                0x0000000000006428      0x5ea ./zf_common/zf_common_fifo.o
                0x0000000000006428                fifo_write_buffer
 .text.fifo_read_buffer
                0x0000000000006a12      0x5a4 ./zf_common/zf_common_fifo.o
                0x0000000000006a12                fifo_read_buffer
 .text.fifo_read_tail_buffer
                0x0000000000006fb6      0x606 ./zf_common/zf_common_fifo.o
                0x0000000000006fb6                fifo_read_tail_buffer
 .text.fifo_init
                0x00000000000075bc      0x248 ./zf_common/zf_common_fifo.o
                0x00000000000075bc                fifo_init
 .text.func_int_to_str
                0x0000000000007804      0x116 ./zf_common/zf_common_function.o
                0x0000000000007804                func_int_to_str
 .text.__enable_irq
                0x000000000000791a       0x18 ./zf_common/zf_common_interrupt.o
 .text.__disable_irq
                0x0000000000007932       0x14 ./zf_common/zf_common_interrupt.o
 .text.NVIC_EnableIRQ
                0x0000000000007946       0x32 ./zf_common/zf_common_interrupt.o
 .text.NVIC_DisableIRQ
                0x0000000000007978       0x32 ./zf_common/zf_common_interrupt.o
 .text.NVIC_SetPriority
                0x00000000000079aa       0x2a ./zf_common/zf_common_interrupt.o
 .text.interrupt_enable
                0x00000000000079d4       0x1e ./zf_common/zf_common_interrupt.o
                0x00000000000079d4                interrupt_enable
 .text.interrupt_disable
                0x00000000000079f2       0x1e ./zf_common/zf_common_interrupt.o
                0x00000000000079f2                interrupt_disable
 .text.interrupt_set_priority
                0x0000000000007a10       0x2a ./zf_common/zf_common_interrupt.o
                0x0000000000007a10                interrupt_set_priority
 .text.interrupt_global_enable
                0x0000000000007a3a       0x32 ./zf_common/zf_common_interrupt.o
                0x0000000000007a3a                interrupt_global_enable
 .text.interrupt_global_disable
                0x0000000000007a6c       0x2c ./zf_common/zf_common_interrupt.o
                0x0000000000007a6c                interrupt_global_disable
 .text.interrupt_init
                0x0000000000007a98       0x18 ./zf_common/zf_common_interrupt.o
                0x0000000000007a98                interrupt_init
 .text.Clear_Gyroscope_Angle
                0x0000000000007ab0        0xe ./user_c/Gyroscope_c.o
                0x0000000000007ab0                Clear_Gyroscope_Angle
 .text.PID_Init
                0x0000000000007abe       0x58 ./user_c/PID.o
                0x0000000000007abe                PID_Init
 .text.PID_Realize
                0x0000000000007b16      0x12e ./user_c/PID.o
                0x0000000000007b16                PID_Realize
 .text.PID_DirveUse
                0x0000000000007c44      0x3d2 ./user_c/PID.o
                0x0000000000007c44                PID_DirveUse
 .text.Camera_Init
                0x0000000000008016       0x48 ./user_c/cam.o
                0x0000000000008016                Camera_Init
 .text.Emo_u8Decabs
                0x000000000000805e       0x52 ./user_c/cam.o
                0x000000000000805e                Emo_u8Decabs
 .text.Emo_Uint8_dec
                0x00000000000080b0       0x40 ./user_c/cam.o
                0x00000000000080b0                Emo_Uint8_dec
 .text.Emo_one_third
                0x00000000000080f0       0x7e ./user_c/cam.o
                0x00000000000080f0                Emo_one_third
 .text.Emo_two_third
                0x000000000000816e       0x8a ./user_c/cam.o
                0x000000000000816e                Emo_two_third
 .text.Emo_abs  0x00000000000081f8       0x2a ./user_c/cam.o
                0x00000000000081f8                Emo_abs
 .text.Thresholding
                0x0000000000008222      0x10e ./user_c/cam.o
                0x0000000000008222                Thresholding
 .text.Ostu     0x0000000000008330      0x37a ./user_c/cam.o
 .text.Pixle_Filter
                0x00000000000086aa      0x20a ./user_c/cam.o
                0x00000000000086aa                Pixle_Filter
 .text.Find_Line
                0x00000000000088b4      0x57c ./user_c/cam.o
                0x00000000000088b4                Find_Line
 .text.Padding_CurveL
                0x0000000000008e30      0x202 ./user_c/cam.o
                0x0000000000008e30                Padding_CurveL
 .text.Padding_CurveR
                0x0000000000009032      0x202 ./user_c/cam.o
                0x0000000000009032                Padding_CurveR
 .text.Judge    0x0000000000009234      0x4d4 ./user_c/cam.o
                0x0000000000009234                Judge
 .text.Judge_CornerS
                0x0000000000009708       0xe8 ./user_c/cam.o
                0x0000000000009708                Judge_CornerS
 .text.Identify
                0x00000000000097f0     0x108e ./user_c/cam.o
                0x00000000000097f0                Identify
 .text.Garage_Find
                0x000000000000a87e      0x6f0 ./user_c/cam.o
                0x000000000000a87e                Garage_Find
 .text.Element_dispose
                0x000000000000af6e      0x3aa ./user_c/cam.o
                0x000000000000af6e                Element_dispose
 .text.Garage   0x000000000000b318       0x38 ./user_c/cam.o
                0x000000000000b318                Garage
 .text.Cross    0x000000000000b350      0x19e ./user_c/cam.o
                0x000000000000b350                Cross
 .text.Windup   0x000000000000b4ee      0xc32 ./user_c/cam.o
                0x000000000000b4ee                Windup
 .text.Point_ClearDL
                0x000000000000c120       0x60 ./user_c/cam.o
                0x000000000000c120                Point_ClearDL
 .text.Point_ClearDR
                0x000000000000c180       0x6a ./user_c/cam.o
                0x000000000000c180                Point_ClearDR
 .text.SlalomPoint
                0x000000000000c1ea      0x37e ./user_c/cam.o
 .text.Slalom   0x000000000000c568      0x52a ./user_c/cam.o
                0x000000000000c568                Slalom
 .text.CircleOutPoint
                0x000000000000ca92      0x25e ./user_c/cam.o
                0x000000000000ca92                CircleOutPoint
 .text.Circle_supplement
                0x000000000000ccf0      0x454 ./user_c/cam.o
                0x000000000000ccf0                Circle_supplement
 .text.Circle   0x000000000000d144     0x1000 ./user_c/cam.o
                0x000000000000d144                Circle
 .text.Padding_LineR
                0x000000000000e144      0x108 ./user_c/cam.o
                0x000000000000e144                Padding_LineR
 .text.Padding_LineL
                0x000000000000e24c      0x108 ./user_c/cam.o
                0x000000000000e24c                Padding_LineL
 .text.Padding_Line
                0x000000000000e354      0x19e ./user_c/cam.o
                0x000000000000e354                Padding_Line
 .text.HDPJ_lvbo
                0x000000000000e4f2      0x25a ./user_c/cam.o
                0x000000000000e4f2                HDPJ_lvbo
 .text.Get_Middle_Line
                0x000000000000e74c      0x896 ./user_c/cam.o
                0x000000000000e74c                Get_Middle_Line
 .text.Think    0x000000000000efe2       0x88 ./user_c/cam.o
                0x000000000000efe2                Think
 .text.Camera_Head
                0x000000000000f06a       0x9a ./user_c/cam.o
                0x000000000000f06a                Camera_Head
 .text.USART1_IRQHandler
                0x000000000000f104       0xc4 ./user_c/isr.o
                0x000000000000f104                USART1_IRQHandler
 .text.USART2_IRQHandler
                0x000000000000f1c8       0xc4 ./user_c/isr.o
                0x000000000000f1c8                USART2_IRQHandler
 .text.USART3_IRQHandler
                0x000000000000f28c       0xc4 ./user_c/isr.o
                0x000000000000f28c                USART3_IRQHandler
 .text.UART4_IRQHandler
                0x000000000000f350       0xc4 ./user_c/isr.o
                0x000000000000f350                UART4_IRQHandler
 .text.UART5_IRQHandler
                0x000000000000f414       0xc2 ./user_c/isr.o
                0x000000000000f414                UART5_IRQHandler
 .text.UART6_IRQHandler
                0x000000000000f4d6       0xc4 ./user_c/isr.o
                0x000000000000f4d6                UART6_IRQHandler
 .text.UART7_IRQHandler
                0x000000000000f59a       0xc8 ./user_c/isr.o
                0x000000000000f59a                UART7_IRQHandler
 .text.UART8_IRQHandler
                0x000000000000f662       0xc0 ./user_c/isr.o
                0x000000000000f662                UART8_IRQHandler
 .text.DVP_IRQHandler
                0x000000000000f722       0xd0 ./user_c/isr.o
                0x000000000000f722                DVP_IRQHandler
 .text.EXTI0_IRQHandler
                0x000000000000f7f2       0xb4 ./user_c/isr.o
                0x000000000000f7f2                EXTI0_IRQHandler
 .text.EXTI1_IRQHandler
                0x000000000000f8a6       0xb4 ./user_c/isr.o
                0x000000000000f8a6                EXTI1_IRQHandler
 .text.EXTI2_IRQHandler
                0x000000000000f95a       0xb4 ./user_c/isr.o
                0x000000000000f95a                EXTI2_IRQHandler
 .text.EXTI3_IRQHandler
                0x000000000000fa0e       0xb4 ./user_c/isr.o
                0x000000000000fa0e                EXTI3_IRQHandler
 .text.EXTI4_IRQHandler
                0x000000000000fac2       0xb4 ./user_c/isr.o
                0x000000000000fac2                EXTI4_IRQHandler
 .text.EXTI9_5_IRQHandler
                0x000000000000fb76      0x11c ./user_c/isr.o
                0x000000000000fb76                EXTI9_5_IRQHandler
 .text.EXTI15_10_IRQHandler
                0x000000000000fc92      0x136 ./user_c/isr.o
                0x000000000000fc92                EXTI15_10_IRQHandler
 .text.TIM1_UP_IRQHandler
                0x000000000000fdc8       0xc0 ./user_c/isr.o
                0x000000000000fdc8                TIM1_UP_IRQHandler
 .text.TIM2_IRQHandler
                0x000000000000fe88       0xc0 ./user_c/isr.o
                0x000000000000fe88                TIM2_IRQHandler
 .text.TIM3_IRQHandler
                0x000000000000ff48       0xc8 ./user_c/isr.o
                0x000000000000ff48                TIM3_IRQHandler
 .text.TIM4_IRQHandler
                0x0000000000010010       0xc0 ./user_c/isr.o
                0x0000000000010010                TIM4_IRQHandler
 .text.TIM5_IRQHandler
                0x00000000000100d0       0xc0 ./user_c/isr.o
                0x00000000000100d0                TIM5_IRQHandler
 .text.TIM6_IRQHandler
                0x0000000000010190       0xb8 ./user_c/isr.o
                0x0000000000010190                TIM6_IRQHandler
 .text.TIM7_IRQHandler
                0x0000000000010248       0xc0 ./user_c/isr.o
                0x0000000000010248                TIM7_IRQHandler
 .text.TIM8_UP_IRQHandler
                0x0000000000010308       0xc0 ./user_c/isr.o
                0x0000000000010308                TIM8_UP_IRQHandler
 .text.TIM9_UP_IRQHandler
                0x00000000000103c8       0xc0 ./user_c/isr.o
                0x00000000000103c8                TIM9_UP_IRQHandler
 .text.TIM10_UP_IRQHandler
                0x0000000000010488       0xb8 ./user_c/isr.o
                0x0000000000010488                TIM10_UP_IRQHandler
 .text.NMI_Handler
                0x0000000000010540       0x10 ./user_c/isr.o
                0x0000000000010540                NMI_Handler
 .text.HardFault_Handler
                0x0000000000010550        0x8 ./user_c/isr.o
                0x0000000000010550                HardFault_Handler
 .text.main     0x0000000000010558      0x1e8 ./user_c/main.o
                0x0000000000010558                main
 .text.pit_handler
                0x0000000000010740      0x2aa ./user_c/main.o
                0x0000000000010740                pit_handler
 .text.uart7_rx_interrupt_handler
                0x00000000000109ea      0x568 ./user_c/main.o
                0x00000000000109ea                uart7_rx_interrupt_handler
 .text.uart_rx_interrupt_handler
                0x0000000000010f52      0x1a8 ./user_c/main.o
                0x0000000000010f52                uart_rx_interrupt_handler
 .text.key1_exti_handler
                0x00000000000110fa       0xca ./user_c/main.o
                0x00000000000110fa                key1_exti_handler
 .text.key2_exti_handler
                0x00000000000111c4       0xb0 ./user_c/main.o
                0x00000000000111c4                key2_exti_handler
 .text.wifi_spi
                0x0000000000011274       0x3a ./user_c/main.o
                0x0000000000011274                wifi_spi
 .text.YJ901S_init
                0x00000000000112ae       0x4e ./user_c/yj901s.o
                0x00000000000112ae                YJ901S_init
 .text.vector_handler
                0x00000000000112fc       0xbe ./sdk/Startup/startup_ch32v30x_D8C.o
                0x0000000000011300                Ecall_M_Mode_Handler
                0x0000000000011302                Ecall_U_Mode_Handler
                0x0000000000011304                Break_Point_Handler
                0x0000000000011306                SysTick_Handler
                0x0000000000011308                SW_Handler
                0x000000000001130a                WWDG_IRQHandler
                0x000000000001130c                PVD_IRQHandler
                0x000000000001130e                TAMPER_IRQHandler
                0x0000000000011310                RTC_IRQHandler
                0x0000000000011312                FLASH_IRQHandler
                0x0000000000011314                RCC_IRQHandler
                0x0000000000011320                DMA1_Channel1_IRQHandler
                0x0000000000011322                DMA1_Channel2_IRQHandler
                0x0000000000011324                DMA1_Channel3_IRQHandler
                0x0000000000011326                DMA1_Channel4_IRQHandler
                0x0000000000011328                DMA1_Channel5_IRQHandler
                0x000000000001132a                DMA1_Channel6_IRQHandler
                0x000000000001132c                DMA1_Channel7_IRQHandler
                0x000000000001132e                ADC1_2_IRQHandler
                0x0000000000011330                USB_HP_CAN1_TX_IRQHandler
                0x0000000000011332                USB_LP_CAN1_RX0_IRQHandler
                0x0000000000011334                CAN1_RX1_IRQHandler
                0x0000000000011336                CAN1_SCE_IRQHandler
                0x000000000001133a                TIM1_BRK_IRQHandler
                0x000000000001133e                TIM1_TRG_COM_IRQHandler
                0x0000000000011340                TIM1_CC_IRQHandler
                0x0000000000011348                I2C1_EV_IRQHandler
                0x000000000001134a                I2C1_ER_IRQHandler
                0x000000000001134c                I2C2_EV_IRQHandler
                0x000000000001134e                I2C2_ER_IRQHandler
                0x0000000000011350                SPI1_IRQHandler
                0x0000000000011352                SPI2_IRQHandler
                0x000000000001135c                RTCAlarm_IRQHandler
                0x000000000001135e                USBWakeUp_IRQHandler
                0x0000000000011360                TIM8_BRK_IRQHandler
                0x0000000000011364                TIM8_TRG_COM_IRQHandler
                0x0000000000011366                TIM8_CC_IRQHandler
                0x0000000000011368                RNG_IRQHandler
                0x000000000001136a                FSMC_IRQHandler
                0x000000000001136c                SDIO_IRQHandler
                0x0000000000011370                SPI3_IRQHandler
                0x000000000001137a                DMA2_Channel1_IRQHandler
                0x000000000001137c                DMA2_Channel2_IRQHandler
                0x000000000001137e                DMA2_Channel3_IRQHandler
                0x0000000000011380                DMA2_Channel4_IRQHandler
                0x0000000000011382                DMA2_Channel5_IRQHandler
                0x0000000000011384                ETH_IRQHandler
                0x0000000000011386                ETH_WKUP_IRQHandler
                0x0000000000011388                CAN2_TX_IRQHandler
                0x000000000001138a                CAN2_RX0_IRQHandler
                0x000000000001138c                CAN2_RX1_IRQHandler
                0x000000000001138e                CAN2_SCE_IRQHandler
                0x0000000000011392                USBHSWakeup_IRQHandler
                0x0000000000011394                USBHS_IRQHandler
                0x000000000001139e                TIM9_BRK_IRQHandler
                0x00000000000113a2                TIM9_TRG_COM_IRQHandler
                0x00000000000113a4                TIM9_CC_IRQHandler
                0x00000000000113a6                TIM10_BRK_IRQHandler
                0x00000000000113aa                TIM10_TRG_COM_IRQHandler
                0x00000000000113ac                TIM10_CC_IRQHandler
                0x00000000000113ae                DMA2_Channel6_IRQHandler
                0x00000000000113b0                DMA2_Channel7_IRQHandler
                0x00000000000113b2                DMA2_Channel8_IRQHandler
                0x00000000000113b4                DMA2_Channel9_IRQHandler
                0x00000000000113b6                DMA2_Channel10_IRQHandler
                0x00000000000113b8                DMA2_Channel11_IRQHandler
 .text.handle_reset
                0x00000000000113ba       0x8a ./sdk/Startup/startup_ch32v30x_D8C.o
                0x00000000000113ba                handle_reset
 .text.EXTI_Init
                0x0000000000011444      0x170 ./sdk/Peripheral/ch32v30x_exti.o
                0x0000000000011444                EXTI_Init
 .text.EXTI_GetITStatus
                0x00000000000115b4       0x56 ./sdk/Peripheral/ch32v30x_exti.o
                0x00000000000115b4                EXTI_GetITStatus
 .text.EXTI_ClearITPendingBit
                0x000000000001160a       0x20 ./sdk/Peripheral/ch32v30x_exti.o
                0x000000000001160a                EXTI_ClearITPendingBit
 .text.GPIO_Init
                0x000000000001162a      0x22a ./sdk/Peripheral/ch32v30x_gpio.o
                0x000000000001162a                GPIO_Init
 .text.GPIO_WriteBit
                0x0000000000011854       0x38 ./sdk/Peripheral/ch32v30x_gpio.o
                0x0000000000011854                GPIO_WriteBit
 .text.GPIO_PinRemapConfig
                0x000000000001188c      0x1c8 ./sdk/Peripheral/ch32v30x_gpio.o
                0x000000000001188c                GPIO_PinRemapConfig
 .text.GPIO_EXTILineConfig
                0x0000000000011a54       0xa2 ./sdk/Peripheral/ch32v30x_gpio.o
                0x0000000000011a54                GPIO_EXTILineConfig
 .text.RCC_GetClocksFreq
                0x0000000000011af6      0x2c6 ./sdk/Peripheral/ch32v30x_rcc.o
                0x0000000000011af6                RCC_GetClocksFreq
 .text.RCC_AHBPeriphClockCmd
                0x0000000000011dbc       0x46 ./sdk/Peripheral/ch32v30x_rcc.o
                0x0000000000011dbc                RCC_AHBPeriphClockCmd
 .text.RCC_APB2PeriphClockCmd
                0x0000000000011e02       0x46 ./sdk/Peripheral/ch32v30x_rcc.o
                0x0000000000011e02                RCC_APB2PeriphClockCmd
 .text.RCC_APB1PeriphClockCmd
                0x0000000000011e48       0x46 ./sdk/Peripheral/ch32v30x_rcc.o
                0x0000000000011e48                RCC_APB1PeriphClockCmd
 .text.RCC_APB2PeriphResetCmd
                0x0000000000011e8e       0x46 ./sdk/Peripheral/ch32v30x_rcc.o
                0x0000000000011e8e                RCC_APB2PeriphResetCmd
 .text.RCC_APB1PeriphResetCmd
                0x0000000000011ed4       0x46 ./sdk/Peripheral/ch32v30x_rcc.o
                0x0000000000011ed4                RCC_APB1PeriphResetCmd
 .text.SPI_I2S_DeInit
                0x0000000000011f1a       0x76 ./sdk/Peripheral/ch32v30x_spi.o
                0x0000000000011f1a                SPI_I2S_DeInit
 .text.SPI_Init
                0x0000000000011f90       0xf8 ./sdk/Peripheral/ch32v30x_spi.o
                0x0000000000011f90                SPI_Init
 .text.SPI_Cmd  0x0000000000012088       0x5a ./sdk/Peripheral/ch32v30x_spi.o
                0x0000000000012088                SPI_Cmd
 .text.TIM_TimeBaseInit
                0x00000000000120e2      0x17e ./sdk/Peripheral/ch32v30x_tim.o
                0x00000000000120e2                TIM_TimeBaseInit
 .text.TIM_OC1Init
                0x0000000000012260      0x19c ./sdk/Peripheral/ch32v30x_tim.o
                0x0000000000012260                TIM_OC1Init
 .text.TIM_OC2Init
                0x00000000000123fc      0x1e2 ./sdk/Peripheral/ch32v30x_tim.o
                0x00000000000123fc                TIM_OC2Init
 .text.TIM_OC3Init
                0x00000000000125de      0x1dc ./sdk/Peripheral/ch32v30x_tim.o
                0x00000000000125de                TIM_OC3Init
 .text.TIM_OC4Init
                0x00000000000127ba      0x176 ./sdk/Peripheral/ch32v30x_tim.o
                0x00000000000127ba                TIM_OC4Init
 .text.TIM_TimeBaseStructInit
                0x0000000000012930       0x3c ./sdk/Peripheral/ch32v30x_tim.o
                0x0000000000012930                TIM_TimeBaseStructInit
 .text.TIM_Cmd  0x000000000001296c       0x58 ./sdk/Peripheral/ch32v30x_tim.o
                0x000000000001296c                TIM_Cmd
 .text.TIM_CtrlPWMOutputs
                0x00000000000129c4       0x60 ./sdk/Peripheral/ch32v30x_tim.o
                0x00000000000129c4                TIM_CtrlPWMOutputs
 .text.TIM_ITConfig
                0x0000000000012a24       0x70 ./sdk/Peripheral/ch32v30x_tim.o
                0x0000000000012a24                TIM_ITConfig
 .text.TIM_ITRxExternalClockConfig
                0x0000000000012a94       0x46 ./sdk/Peripheral/ch32v30x_tim.o
                0x0000000000012a94                TIM_ITRxExternalClockConfig
 .text.TIM_SelectInputTrigger
                0x0000000000012ada       0x4e ./sdk/Peripheral/ch32v30x_tim.o
                0x0000000000012ada                TIM_SelectInputTrigger
 .text.TIM_EncoderInterfaceConfig
                0x0000000000012b28       0xd8 ./sdk/Peripheral/ch32v30x_tim.o
                0x0000000000012b28                TIM_EncoderInterfaceConfig
 .text.TIM_OC1PreloadConfig
                0x0000000000012c00       0x4c ./sdk/Peripheral/ch32v30x_tim.o
                0x0000000000012c00                TIM_OC1PreloadConfig
 .text.TIM_OC2PreloadConfig
                0x0000000000012c4c       0x5a ./sdk/Peripheral/ch32v30x_tim.o
                0x0000000000012c4c                TIM_OC2PreloadConfig
 .text.TIM_OC3PreloadConfig
                0x0000000000012ca6       0x4c ./sdk/Peripheral/ch32v30x_tim.o
                0x0000000000012ca6                TIM_OC3PreloadConfig
 .text.TIM_OC4PreloadConfig
                0x0000000000012cf2       0x5a ./sdk/Peripheral/ch32v30x_tim.o
                0x0000000000012cf2                TIM_OC4PreloadConfig
 .text.TIM_OC1FastConfig
                0x0000000000012d4c       0x4c ./sdk/Peripheral/ch32v30x_tim.o
                0x0000000000012d4c                TIM_OC1FastConfig
 .text.TIM_OC2FastConfig
                0x0000000000012d98       0x56 ./sdk/Peripheral/ch32v30x_tim.o
                0x0000000000012d98                TIM_OC2FastConfig
 .text.TIM_OC3FastConfig
                0x0000000000012dee       0x4c ./sdk/Peripheral/ch32v30x_tim.o
                0x0000000000012dee                TIM_OC3FastConfig
 .text.TIM_OC4FastConfig
                0x0000000000012e3a       0x56 ./sdk/Peripheral/ch32v30x_tim.o
                0x0000000000012e3a                TIM_OC4FastConfig
 .text.TIM_GetITStatus
                0x0000000000012e90       0x70 ./sdk/Peripheral/ch32v30x_tim.o
                0x0000000000012e90                TIM_GetITStatus
 .text.TIM_ClearITPendingBit
                0x0000000000012f00       0x2e ./sdk/Peripheral/ch32v30x_tim.o
                0x0000000000012f00                TIM_ClearITPendingBit
 .text.USART_Init
                0x0000000000012f2e      0x234 ./sdk/Peripheral/ch32v30x_usart.o
                0x0000000000012f2e                USART_Init
 .text.USART_Cmd
                0x0000000000013162       0x60 ./sdk/Peripheral/ch32v30x_usart.o
                0x0000000000013162                USART_Cmd
 .text.USART_ITConfig
                0x00000000000131c2       0xc4 ./sdk/Peripheral/ch32v30x_usart.o
                0x00000000000131c2                USART_ITConfig
 .text.USART_SendData
                0x0000000000013286       0x2e ./sdk/Peripheral/ch32v30x_usart.o
                0x0000000000013286                USART_SendData
 .text.USART_GetFlagStatus
                0x00000000000132b4       0x46 ./sdk/Peripheral/ch32v30x_usart.o
                0x00000000000132b4                USART_GetFlagStatus
 .text.USART_GetITStatus
                0x00000000000132fa      0x102 ./sdk/Peripheral/ch32v30x_usart.o
                0x00000000000132fa                USART_GetITStatus
 .text.USART_ClearITPendingBit
                0x00000000000133fc       0x4e ./sdk/Peripheral/ch32v30x_usart.o
                0x00000000000133fc                USART_ClearITPendingBit
 .text.DevEP1_IN_Deal
                0x000000000001344a       0x3e ./sdk/Peripheral/ch32v30x_usbotg_device.o
                0x000000000001344a                DevEP1_IN_Deal
 .text.DevEP2_IN_Deal
                0x0000000000013488       0x3e ./sdk/Peripheral/ch32v30x_usbotg_device.o
                0x0000000000013488                DevEP2_IN_Deal
 .text.DevEP1_OUT_Deal
                0x00000000000134c6       0x66 ./sdk/Peripheral/ch32v30x_usbotg_device.o
                0x00000000000134c6                DevEP1_OUT_Deal
 .text.DevEP2_OUT_Deal
                0x000000000001352c       0x66 ./sdk/Peripheral/ch32v30x_usbotg_device.o
                0x000000000001352c                DevEP2_OUT_Deal
 .text.OTG_FS_IRQHandler
                0x0000000000013592      0xd16 ./sdk/Peripheral/ch32v30x_usbotg_device.o
                0x0000000000013592                OTG_FS_IRQHandler
 .text.pow      0x00000000000142a8      0x324 f:/mounriver_studio/mounriver_studio/toolchain/risc-v embedded gcc/bin/../lib/gcc/riscv-none-embed/8.2.0/../../../../riscv-none-embed/lib/rv32imafc/ilp32f\libm.a(lib_a-w_pow.o)
                0x00000000000142a8                pow
 .text.__ieee754_pow
                0x00000000000145cc      0xad6 f:/mounriver_studio/mounriver_studio/toolchain/risc-v embedded gcc/bin/../lib/gcc/riscv-none-embed/8.2.0/../../../../riscv-none-embed/lib/rv32imafc/ilp32f\libm.a(lib_a-e_pow.o)
                0x00000000000145cc                __ieee754_pow
 .text.__ieee754_sqrt
                0x00000000000150a2      0x1d6 f:/mounriver_studio/mounriver_studio/toolchain/risc-v embedded gcc/bin/../lib/gcc/riscv-none-embed/8.2.0/../../../../riscv-none-embed/lib/rv32imafc/ilp32f\libm.a(lib_a-e_sqrt.o)
                0x00000000000150a2                __ieee754_sqrt
 .text.fabs     0x0000000000015278        0x6 f:/mounriver_studio/mounriver_studio/toolchain/risc-v embedded gcc/bin/../lib/gcc/riscv-none-embed/8.2.0/../../../../riscv-none-embed/lib/rv32imafc/ilp32f\libm.a(lib_a-s_fabs.o)
                0x0000000000015278                fabs
 .text.finite   0x000000000001527e        0xe f:/mounriver_studio/mounriver_studio/toolchain/risc-v embedded gcc/bin/../lib/gcc/riscv-none-embed/8.2.0/../../../../riscv-none-embed/lib/rv32imafc/ilp32f\libm.a(lib_a-s_finite.o)
                0x000000000001527e                finite
 .text.matherr  0x000000000001528c        0x4 f:/mounriver_studio/mounriver_studio/toolchain/risc-v embedded gcc/bin/../lib/gcc/riscv-none-embed/8.2.0/../../../../riscv-none-embed/lib/rv32imafc/ilp32f\libm.a(lib_a-s_matherr.o)
                0x000000000001528c                matherr
 .text.nan      0x0000000000015290        0xe f:/mounriver_studio/mounriver_studio/toolchain/risc-v embedded gcc/bin/../lib/gcc/riscv-none-embed/8.2.0/../../../../riscv-none-embed/lib/rv32imafc/ilp32f\libm.a(lib_a-s_nan.o)
                0x0000000000015290                nan
 .text.rint     0x000000000001529e      0x18c f:/mounriver_studio/mounriver_studio/toolchain/risc-v embedded gcc/bin/../lib/gcc/riscv-none-embed/8.2.0/../../../../riscv-none-embed/lib/rv32imafc/ilp32f\libm.a(lib_a-s_rint.o)
                0x000000000001529e                rint
 .text.scalbn   0x000000000001542a      0x140 f:/mounriver_studio/mounriver_studio/toolchain/risc-v embedded gcc/bin/../lib/gcc/riscv-none-embed/8.2.0/../../../../riscv-none-embed/lib/rv32imafc/ilp32f\libm.a(lib_a-s_scalbn.o)
                0x000000000001542a                scalbn
 .text.copysign
                0x000000000001556a       0x16 f:/mounriver_studio/mounriver_studio/toolchain/risc-v embedded gcc/bin/../lib/gcc/riscv-none-embed/8.2.0/../../../../riscv-none-embed/lib/rv32imafc/ilp32f\libm.a(lib_a-s_copysign.o)
                0x000000000001556a                copysign
 .text.mt9v03x_write_and_check_word_sccb
                0x0000000000015580       0x92 F:\∑…ø®÷«ƒ‹ ”æı\v5.0\libraries\zf_device\libzf_device_config.a(zf_device_config.o)
 .text.mt9v03x_write_word_sccb
                0x0000000000015612       0x34 F:\∑…ø®÷«ƒ‹ ”æı\v5.0\libraries\zf_device\libzf_device_config.a(zf_device_config.o)
 .text.mt9v03x_read_word_sccb.constprop.0
                0x0000000000015646       0x36 F:\∑…ø®÷«ƒ‹ ”æı\v5.0\libraries\zf_device\libzf_device_config.a(zf_device_config.o)
 .text.mt9v03x_sccb_check_id
                0x000000000001567c       0x5e F:\∑…ø®÷«ƒ‹ ”æı\v5.0\libraries\zf_device\libzf_device_config.a(zf_device_config.o)
                0x000000000001567c                mt9v03x_sccb_check_id
 .text.mt9v03x_sccb_set_config
                0x00000000000156da      0x5a2 F:\∑…ø®÷«ƒ‹ ”æı\v5.0\libraries\zf_device\libzf_device_config.a(zf_device_config.o)
                0x00000000000156da                mt9v03x_sccb_set_config
 .text.__adddf3
                0x0000000000015c7c      0xa0e f:/mounriver_studio/mounriver_studio/toolchain/risc-v embedded gcc/bin/../lib/gcc/riscv-none-embed/8.2.0/rv32imafc/ilp32f\libgcc.a(adddf3.o)
                0x0000000000015c7c                __adddf3
 .text.__divdf3
                0x000000000001668a      0x7ea f:/mounriver_studio/mounriver_studio/toolchain/risc-v embedded gcc/bin/../lib/gcc/riscv-none-embed/8.2.0/rv32imafc/ilp32f\libgcc.a(divdf3.o)
                0x000000000001668a                __divdf3
 .text.__eqdf2  0x0000000000016e74       0x98 f:/mounriver_studio/mounriver_studio/toolchain/risc-v embedded gcc/bin/../lib/gcc/riscv-none-embed/8.2.0/rv32imafc/ilp32f\libgcc.a(eqdf2.o)
                0x0000000000016e74                __nedf2
                0x0000000000016e74                __eqdf2
 .text.__gedf2  0x0000000000016f0c       0xb6 f:/mounriver_studio/mounriver_studio/toolchain/risc-v embedded gcc/bin/../lib/gcc/riscv-none-embed/8.2.0/rv32imafc/ilp32f\libgcc.a(gedf2.o)
                0x0000000000016f0c                __gedf2
                0x0000000000016f0c                __gtdf2
 .text.__ledf2  0x0000000000016fc2       0xb6 f:/mounriver_studio/mounriver_studio/toolchain/risc-v embedded gcc/bin/../lib/gcc/riscv-none-embed/8.2.0/rv32imafc/ilp32f\libgcc.a(ledf2.o)
                0x0000000000016fc2                __ledf2
                0x0000000000016fc2                __ltdf2
 .text.__muldf3
                0x0000000000017078      0x656 f:/mounriver_studio/mounriver_studio/toolchain/risc-v embedded gcc/bin/../lib/gcc/riscv-none-embed/8.2.0/rv32imafc/ilp32f\libgcc.a(muldf3.o)
                0x0000000000017078                __muldf3
 .text.__subdf3
                0x00000000000176ce      0xa8c f:/mounriver_studio/mounriver_studio/toolchain/risc-v embedded gcc/bin/../lib/gcc/riscv-none-embed/8.2.0/rv32imafc/ilp32f\libgcc.a(subdf3.o)
                0x00000000000176ce                __subdf3
 .text.__unorddf2
                0x000000000001815a       0x7c f:/mounriver_studio/mounriver_studio/toolchain/risc-v embedded gcc/bin/../lib/gcc/riscv-none-embed/8.2.0/rv32imafc/ilp32f\libgcc.a(unorddf2.o)
                0x000000000001815a                __unorddf2
 .text.__fixdfsi
                0x00000000000181d6       0xd8 f:/mounriver_studio/mounriver_studio/toolchain/risc-v embedded gcc/bin/../lib/gcc/riscv-none-embed/8.2.0/rv32imafc/ilp32f\libgcc.a(fixdfsi.o)
                0x00000000000181d6                __fixdfsi
 .text.__fixunsdfsi
                0x00000000000182ae       0x9e f:/mounriver_studio/mounriver_studio/toolchain/risc-v embedded gcc/bin/../lib/gcc/riscv-none-embed/8.2.0/rv32imafc/ilp32f\libgcc.a(fixunsdfsi.o)
                0x00000000000182ae                __fixunsdfsi
 .text.__floatsidf
                0x000000000001834c       0x70 f:/mounriver_studio/mounriver_studio/toolchain/risc-v embedded gcc/bin/../lib/gcc/riscv-none-embed/8.2.0/rv32imafc/ilp32f\libgcc.a(floatsidf.o)
                0x000000000001834c                __floatsidf
 .text.__floatunsidf
                0x00000000000183bc       0x66 f:/mounriver_studio/mounriver_studio/toolchain/risc-v embedded gcc/bin/../lib/gcc/riscv-none-embed/8.2.0/rv32imafc/ilp32f\libgcc.a(floatunsidf.o)
                0x00000000000183bc                __floatunsidf
 .text.__extendsfdf2
                0x0000000000018422       0xe8 f:/mounriver_studio/mounriver_studio/toolchain/risc-v embedded gcc/bin/../lib/gcc/riscv-none-embed/8.2.0/rv32imafc/ilp32f\libgcc.a(extendsfdf2.o)
                0x0000000000018422                __extendsfdf2
 .text.__truncdfsf2
                0x000000000001850a      0x31e f:/mounriver_studio/mounriver_studio/toolchain/risc-v embedded gcc/bin/../lib/gcc/riscv-none-embed/8.2.0/rv32imafc/ilp32f\libgcc.a(truncdfsf2.o)
                0x000000000001850a                __truncdfsf2
 .text.__clzsi2
                0x0000000000018828       0x76 f:/mounriver_studio/mounriver_studio/toolchain/risc-v embedded gcc/bin/../lib/gcc/riscv-none-embed/8.2.0/rv32imafc/ilp32f\libgcc.a(_clzsi2.o)
                0x0000000000018828                __clzsi2
 .text.__errno  0x000000000001889e        0x8 f:/mounriver_studio/mounriver_studio/toolchain/risc-v embedded gcc/bin/../lib/gcc/riscv-none-embed/8.2.0/../../../../riscv-none-embed/lib/rv32imafc/ilp32f\libg_nano.a(lib_a-errno.o)
                0x000000000001889e                __errno
 .text.malloc   0x00000000000188a6        0xa f:/mounriver_studio/mounriver_studio/toolchain/risc-v embedded gcc/bin/../lib/gcc/riscv-none-embed/8.2.0/../../../../riscv-none-embed/lib/rv32imafc/ilp32f\libg_nano.a(lib_a-malloc.o)
                0x00000000000188a6                malloc
 .text.free     0x00000000000188b0        0xa f:/mounriver_studio/mounriver_studio/toolchain/risc-v embedded gcc/bin/../lib/gcc/riscv-none-embed/8.2.0/../../../../riscv-none-embed/lib/rv32imafc/ilp32f\libg_nano.a(lib_a-malloc.o)
                0x00000000000188b0                free
 .text.memcpy   0x00000000000188ba       0xb6 f:/mounriver_studio/mounriver_studio/toolchain/risc-v embedded gcc/bin/../lib/gcc/riscv-none-embed/8.2.0/../../../../riscv-none-embed/lib/rv32imafc/ilp32f\libg_nano.a(lib_a-memcpy.o)
                0x00000000000188ba                memcpy
 .text._free_r  0x0000000000018970       0xa8 f:/mounriver_studio/mounriver_studio/toolchain/risc-v embedded gcc/bin/../lib/gcc/riscv-none-embed/8.2.0/../../../../riscv-none-embed/lib/rv32imafc/ilp32f\libg_nano.a(lib_a-nano-freer.o)
                0x0000000000018970                _free_r
 .text._malloc_r
                0x0000000000018a18       0xda f:/mounriver_studio/mounriver_studio/toolchain/risc-v embedded gcc/bin/../lib/gcc/riscv-none-embed/8.2.0/../../../../riscv-none-embed/lib/rv32imafc/ilp32f\libg_nano.a(lib_a-nano-mallocr.o)
                0x0000000000018a18                _malloc_r
 .text.__cvt    0x0000000000018af2       0xee f:/mounriver_studio/mounriver_studio/toolchain/risc-v embedded gcc/bin/../lib/gcc/riscv-none-embed/8.2.0/../../../../riscv-none-embed/lib/rv32imafc/ilp32f\libg_nano.a(lib_a-nano-vfprintf_float.o)
                0x0000000000018af2                __cvt
 .text.__exponent
                0x0000000000018be0       0x8c f:/mounriver_studio/mounriver_studio/toolchain/risc-v embedded gcc/bin/../lib/gcc/riscv-none-embed/8.2.0/../../../../riscv-none-embed/lib/rv32imafc/ilp32f\libg_nano.a(lib_a-nano-vfprintf_float.o)
                0x0000000000018be0                __exponent
 .text._printf_float
                0x0000000000018c6c      0x4c4 f:/mounriver_studio/mounriver_studio/toolchain/risc-v embedded gcc/bin/../lib/gcc/riscv-none-embed/8.2.0/../../../../riscv-none-embed/lib/rv32imafc/ilp32f\libg_nano.a(lib_a-nano-vfprintf_float.o)
                0x0000000000018c6c                _printf_float
 .text._printf_common
                0x0000000000019130      0x10c f:/mounriver_studio/mounriver_studio/toolchain/risc-v embedded gcc/bin/../lib/gcc/riscv-none-embed/8.2.0/../../../../riscv-none-embed/lib/rv32imafc/ilp32f\libg_nano.a(lib_a-nano-vfprintf_i.o)
                0x0000000000019130                _printf_common
 .text._printf_i
                0x000000000001923c      0x2ac f:/mounriver_studio/mounriver_studio/toolchain/risc-v embedded gcc/bin/../lib/gcc/riscv-none-embed/8.2.0/../../../../riscv-none-embed/lib/rv32imafc/ilp32f\libg_nano.a(lib_a-nano-vfprintf_i.o)
                0x000000000001923c                _printf_i
 .text.printf   0x00000000000194e8       0x42 f:/mounriver_studio/mounriver_studio/toolchain/risc-v embedded gcc/bin/../lib/gcc/riscv-none-embed/8.2.0/../../../../riscv-none-embed/lib/rv32imafc/ilp32f\libg_nano.a(lib_a-printf.o)
                0x00000000000194e8                iprintf
                0x00000000000194e8                printf
 .text._puts_r  0x000000000001952a       0xde f:/mounriver_studio/mounriver_studio/toolchain/risc-v embedded gcc/bin/../lib/gcc/riscv-none-embed/8.2.0/../../../../riscv-none-embed/lib/rv32imafc/ilp32f\libg_nano.a(lib_a-puts.o)
                0x000000000001952a                _puts_r
 .text.puts     0x0000000000019608        0xc f:/mounriver_studio/mounriver_studio/toolchain/risc-v embedded gcc/bin/../lib/gcc/riscv-none-embed/8.2.0/../../../../riscv-none-embed/lib/rv32imafc/ilp32f\libg_nano.a(lib_a-puts.o)
                0x0000000000019608                puts
 .text._sbrk_r  0x0000000000019614       0x32 f:/mounriver_studio/mounriver_studio/toolchain/risc-v embedded gcc/bin/../lib/gcc/riscv-none-embed/8.2.0/../../../../riscv-none-embed/lib/rv32imafc/ilp32f\libg_nano.a(lib_a-sbrkr.o)
                0x0000000000019614                _sbrk_r
 .text.sprintf  0x0000000000019646       0x46 f:/mounriver_studio/mounriver_studio/toolchain/risc-v embedded gcc/bin/../lib/gcc/riscv-none-embed/8.2.0/../../../../riscv-none-embed/lib/rv32imafc/ilp32f\libg_nano.a(lib_a-sprintf.o)
                0x0000000000019646                siprintf
                0x0000000000019646                sprintf
 .text.sscanf   0x000000000001968c       0x52 f:/mounriver_studio/mounriver_studio/toolchain/risc-v embedded gcc/bin/../lib/gcc/riscv-none-embed/8.2.0/../../../../riscv-none-embed/lib/rv32imafc/ilp32f\libg_nano.a(lib_a-sscanf.o)
                0x000000000001968c                siscanf
                0x000000000001968c                sscanf
 .text.__sread  0x00000000000196de       0x32 f:/mounriver_studio/mounriver_studio/toolchain/risc-v embedded gcc/bin/../lib/gcc/riscv-none-embed/8.2.0/../../../../riscv-none-embed/lib/rv32imafc/ilp32f\libg_nano.a(lib_a-stdio.o)
                0x00000000000196de                __sread
 .text.__seofread
                0x0000000000019710        0x4 f:/mounriver_studio/mounriver_studio/toolchain/risc-v embedded gcc/bin/../lib/gcc/riscv-none-embed/8.2.0/../../../../riscv-none-embed/lib/rv32imafc/ilp32f\libg_nano.a(lib_a-stdio.o)
                0x0000000000019710                __seofread
 .text.__swrite
                0x0000000000019714       0x50 f:/mounriver_studio/mounriver_studio/toolchain/risc-v embedded gcc/bin/../lib/gcc/riscv-none-embed/8.2.0/../../../../riscv-none-embed/lib/rv32imafc/ilp32f\libg_nano.a(lib_a-stdio.o)
                0x0000000000019714                __swrite
 .text.__sseek  0x0000000000019764       0x38 f:/mounriver_studio/mounriver_studio/toolchain/risc-v embedded gcc/bin/../lib/gcc/riscv-none-embed/8.2.0/../../../../riscv-none-embed/lib/rv32imafc/ilp32f\libg_nano.a(lib_a-stdio.o)
                0x0000000000019764                __sseek
 .text.__sclose
                0x000000000001979c        0x6 f:/mounriver_studio/mounriver_studio/toolchain/risc-v embedded gcc/bin/../lib/gcc/riscv-none-embed/8.2.0/../../../../riscv-none-embed/lib/rv32imafc/ilp32f\libg_nano.a(lib_a-stdio.o)
                0x000000000001979c                __sclose
 .text.strlen   0x00000000000197a2       0x12 f:/mounriver_studio/mounriver_studio/toolchain/risc-v embedded gcc/bin/../lib/gcc/riscv-none-embed/8.2.0/../../../../riscv-none-embed/lib/rv32imafc/ilp32f\libg_nano.a(lib_a-strlen.o)
                0x00000000000197a2                strlen
 .text.strstr   0x00000000000197b4       0x3e f:/mounriver_studio/mounriver_studio/toolchain/risc-v embedded gcc/bin/../lib/gcc/riscv-none-embed/8.2.0/../../../../riscv-none-embed/lib/rv32imafc/ilp32f\libg_nano.a(lib_a-strstr.o)
                0x00000000000197b4                strstr
 .text.__swbuf_r
                0x00000000000197f2       0xc6 f:/mounriver_studio/mounriver_studio/toolchain/risc-v embedded gcc/bin/../lib/gcc/riscv-none-embed/8.2.0/../../../../riscv-none-embed/lib/rv32imafc/ilp32f\libg_nano.a(lib_a-wbuf.o)
                0x00000000000197f2                __swbuf_r
 .text._write_r
                0x00000000000198b8       0x36 f:/mounriver_studio/mounriver_studio/toolchain/risc-v embedded gcc/bin/../lib/gcc/riscv-none-embed/8.2.0/../../../../riscv-none-embed/lib/rv32imafc/ilp32f\libg_nano.a(lib_a-writer.o)
                0x00000000000198b8                _write_r
 .text.__swsetup_r
                0x00000000000198ee      0x112 f:/mounriver_studio/mounriver_studio/toolchain/risc-v embedded gcc/bin/../lib/gcc/riscv-none-embed/8.2.0/../../../../riscv-none-embed/lib/rv32imafc/ilp32f\libg_nano.a(lib_a-wsetup.o)
                0x00000000000198ee                __swsetup_r
 .text._close_r
                0x0000000000019a00       0x32 f:/mounriver_studio/mounriver_studio/toolchain/risc-v embedded gcc/bin/../lib/gcc/riscv-none-embed/8.2.0/../../../../riscv-none-embed/lib/rv32imafc/ilp32f\libg_nano.a(lib_a-closer.o)
                0x0000000000019a00                _close_r
 .text.quorem   0x0000000000019a32      0x13a f:/mounriver_studio/mounriver_studio/toolchain/risc-v embedded gcc/bin/../lib/gcc/riscv-none-embed/8.2.0/../../../../riscv-none-embed/lib/rv32imafc/ilp32f\libg_nano.a(lib_a-dtoa.o)
 .text._dtoa_r  0x0000000000019b6c      0xc04 f:/mounriver_studio/mounriver_studio/toolchain/risc-v embedded gcc/bin/../lib/gcc/riscv-none-embed/8.2.0/../../../../riscv-none-embed/lib/rv32imafc/ilp32f\libg_nano.a(lib_a-dtoa.o)
                0x0000000000019b6c                _dtoa_r
 .text.__sflush_r
                0x000000000001a770      0x13e f:/mounriver_studio/mounriver_studio/toolchain/risc-v embedded gcc/bin/../lib/gcc/riscv-none-embed/8.2.0/../../../../riscv-none-embed/lib/rv32imafc/ilp32f\libg_nano.a(lib_a-fflush.o)
                0x000000000001a770                __sflush_r
 .text._fflush_r
                0x000000000001a8ae       0x66 f:/mounriver_studio/mounriver_studio/toolchain/risc-v embedded gcc/bin/../lib/gcc/riscv-none-embed/8.2.0/../../../../riscv-none-embed/lib/rv32imafc/ilp32f\libg_nano.a(lib_a-fflush.o)
                0x000000000001a8ae                _fflush_r
 .text.std      0x000000000001a914       0x6a f:/mounriver_studio/mounriver_studio/toolchain/risc-v embedded gcc/bin/../lib/gcc/riscv-none-embed/8.2.0/../../../../riscv-none-embed/lib/rv32imafc/ilp32f\libg_nano.a(lib_a-findfp.o)
 .text._cleanup_r
                0x000000000001a97e        0xa f:/mounriver_studio/mounriver_studio/toolchain/risc-v embedded gcc/bin/../lib/gcc/riscv-none-embed/8.2.0/../../../../riscv-none-embed/lib/rv32imafc/ilp32f\libg_nano.a(lib_a-findfp.o)
                0x000000000001a97e                _cleanup_r
 .text.__sfmoreglue
                0x000000000001a988       0x48 f:/mounriver_studio/mounriver_studio/toolchain/risc-v embedded gcc/bin/../lib/gcc/riscv-none-embed/8.2.0/../../../../riscv-none-embed/lib/rv32imafc/ilp32f\libg_nano.a(lib_a-findfp.o)
                0x000000000001a988                __sfmoreglue
 .text.__sinit  0x000000000001a9d0       0x6c f:/mounriver_studio/mounriver_studio/toolchain/risc-v embedded gcc/bin/../lib/gcc/riscv-none-embed/8.2.0/../../../../riscv-none-embed/lib/rv32imafc/ilp32f\libg_nano.a(lib_a-findfp.o)
                0x000000000001a9d0                __sinit
 .text.__sfp    0x000000000001aa3c       0xa0 f:/mounriver_studio/mounriver_studio/toolchain/risc-v embedded gcc/bin/../lib/gcc/riscv-none-embed/8.2.0/../../../../riscv-none-embed/lib/rv32imafc/ilp32f\libg_nano.a(lib_a-findfp.o)
                0x000000000001aa3c                __sfp
 .text._fwalk_reent
                0x000000000001aadc       0x6c f:/mounriver_studio/mounriver_studio/toolchain/risc-v embedded gcc/bin/../lib/gcc/riscv-none-embed/8.2.0/../../../../riscv-none-embed/lib/rv32imafc/ilp32f\libg_nano.a(lib_a-fwalk.o)
                0x000000000001aadc                _fwalk_reent
 .text._localeconv_r
                0x000000000001ab48       0x18 f:/mounriver_studio/mounriver_studio/toolchain/risc-v embedded gcc/bin/../lib/gcc/riscv-none-embed/8.2.0/../../../../riscv-none-embed/lib/rv32imafc/ilp32f\libg_nano.a(lib_a-localeconv.o)
                0x000000000001ab48                _localeconv_r
 .text._lseek_r
                0x000000000001ab60       0x36 f:/mounriver_studio/mounriver_studio/toolchain/risc-v embedded gcc/bin/../lib/gcc/riscv-none-embed/8.2.0/../../../../riscv-none-embed/lib/rv32imafc/ilp32f\libg_nano.a(lib_a-lseekr.o)
                0x000000000001ab60                _lseek_r
 .text.__swhatbuf_r
                0x000000000001ab96       0x5a f:/mounriver_studio/mounriver_studio/toolchain/risc-v embedded gcc/bin/../lib/gcc/riscv-none-embed/8.2.0/../../../../riscv-none-embed/lib/rv32imafc/ilp32f\libg_nano.a(lib_a-makebuf.o)
                0x000000000001ab96                __swhatbuf_r
 .text.__smakebuf_r
                0x000000000001abf0       0xa2 f:/mounriver_studio/mounriver_studio/toolchain/risc-v embedded gcc/bin/../lib/gcc/riscv-none-embed/8.2.0/../../../../riscv-none-embed/lib/rv32imafc/ilp32f\libg_nano.a(lib_a-makebuf.o)
                0x000000000001abf0                __smakebuf_r
 .text.memchr   0x000000000001ac92       0x1a f:/mounriver_studio/mounriver_studio/toolchain/risc-v embedded gcc/bin/../lib/gcc/riscv-none-embed/8.2.0/../../../../riscv-none-embed/lib/rv32imafc/ilp32f\libg_nano.a(lib_a-memchr.o)
                0x000000000001ac92                memchr
 .text.__malloc_lock
                0x000000000001acac        0x2 f:/mounriver_studio/mounriver_studio/toolchain/risc-v embedded gcc/bin/../lib/gcc/riscv-none-embed/8.2.0/../../../../riscv-none-embed/lib/rv32imafc/ilp32f\libg_nano.a(lib_a-mlock.o)
                0x000000000001acac                __malloc_lock
 .text.__malloc_unlock
                0x000000000001acae        0x2 f:/mounriver_studio/mounriver_studio/toolchain/risc-v embedded gcc/bin/../lib/gcc/riscv-none-embed/8.2.0/../../../../riscv-none-embed/lib/rv32imafc/ilp32f\libg_nano.a(lib_a-mlock.o)
                0x000000000001acae                __malloc_unlock
 .text._Balloc  0x000000000001acb0       0x88 f:/mounriver_studio/mounriver_studio/toolchain/risc-v embedded gcc/bin/../lib/gcc/riscv-none-embed/8.2.0/../../../../riscv-none-embed/lib/rv32imafc/ilp32f\libg_nano.a(lib_a-mprec.o)
                0x000000000001acb0                _Balloc
 .text._Bfree   0x000000000001ad38       0x44 f:/mounriver_studio/mounriver_studio/toolchain/risc-v embedded gcc/bin/../lib/gcc/riscv-none-embed/8.2.0/../../../../riscv-none-embed/lib/rv32imafc/ilp32f\libg_nano.a(lib_a-mprec.o)
                0x000000000001ad38                _Bfree
 .text.__multadd
                0x000000000001ad7c       0x98 f:/mounriver_studio/mounriver_studio/toolchain/risc-v embedded gcc/bin/../lib/gcc/riscv-none-embed/8.2.0/../../../../riscv-none-embed/lib/rv32imafc/ilp32f\libg_nano.a(lib_a-mprec.o)
                0x000000000001ad7c                __multadd
 .text.__hi0bits
                0x000000000001ae14       0x46 f:/mounriver_studio/mounriver_studio/toolchain/risc-v embedded gcc/bin/../lib/gcc/riscv-none-embed/8.2.0/../../../../riscv-none-embed/lib/rv32imafc/ilp32f\libg_nano.a(lib_a-mprec.o)
                0x000000000001ae14                __hi0bits
 .text.__lo0bits
                0x000000000001ae5a       0x6a f:/mounriver_studio/mounriver_studio/toolchain/risc-v embedded gcc/bin/../lib/gcc/riscv-none-embed/8.2.0/../../../../riscv-none-embed/lib/rv32imafc/ilp32f\libg_nano.a(lib_a-mprec.o)
                0x000000000001ae5a                __lo0bits
 .text.__i2b    0x000000000001aec4       0x1c f:/mounriver_studio/mounriver_studio/toolchain/risc-v embedded gcc/bin/../lib/gcc/riscv-none-embed/8.2.0/../../../../riscv-none-embed/lib/rv32imafc/ilp32f\libg_nano.a(lib_a-mprec.o)
                0x000000000001aec4                __i2b
 .text.__multiply
                0x000000000001aee0      0x144 f:/mounriver_studio/mounriver_studio/toolchain/risc-v embedded gcc/bin/../lib/gcc/riscv-none-embed/8.2.0/../../../../riscv-none-embed/lib/rv32imafc/ilp32f\libg_nano.a(lib_a-mprec.o)
                0x000000000001aee0                __multiply
 .text.__pow5mult
                0x000000000001b024       0xbe f:/mounriver_studio/mounriver_studio/toolchain/risc-v embedded gcc/bin/../lib/gcc/riscv-none-embed/8.2.0/../../../../riscv-none-embed/lib/rv32imafc/ilp32f\libg_nano.a(lib_a-mprec.o)
                0x000000000001b024                __pow5mult
 .text.__lshift
                0x000000000001b0e2       0xce f:/mounriver_studio/mounriver_studio/toolchain/risc-v embedded gcc/bin/../lib/gcc/riscv-none-embed/8.2.0/../../../../riscv-none-embed/lib/rv32imafc/ilp32f\libg_nano.a(lib_a-mprec.o)
                0x000000000001b0e2                __lshift
 .text.__mcmp   0x000000000001b1b0       0x32 f:/mounriver_studio/mounriver_studio/toolchain/risc-v embedded gcc/bin/../lib/gcc/riscv-none-embed/8.2.0/../../../../riscv-none-embed/lib/rv32imafc/ilp32f\libg_nano.a(lib_a-mprec.o)
                0x000000000001b1b0                __mcmp
 .text.__mdiff  0x000000000001b1e2       0xf2 f:/mounriver_studio/mounriver_studio/toolchain/risc-v embedded gcc/bin/../lib/gcc/riscv-none-embed/8.2.0/../../../../riscv-none-embed/lib/rv32imafc/ilp32f\libg_nano.a(lib_a-mprec.o)
                0x000000000001b1e2                __mdiff
 .text.__d2b    0x000000000001b2d4       0xd4 f:/mounriver_studio/mounriver_studio/toolchain/risc-v embedded gcc/bin/../lib/gcc/riscv-none-embed/8.2.0/../../../../riscv-none-embed/lib/rv32imafc/ilp32f\libg_nano.a(lib_a-mprec.o)
                0x000000000001b2d4                __d2b
 .text._calloc_r
                0x000000000001b3a8       0x28 f:/mounriver_studio/mounriver_studio/toolchain/risc-v embedded gcc/bin/../lib/gcc/riscv-none-embed/8.2.0/../../../../riscv-none-embed/lib/rv32imafc/ilp32f\libg_nano.a(lib_a-nano-callocr.o)
                0x000000000001b3a8                _calloc_r
 .text.__ssputs_r
                0x000000000001b3d0       0xee f:/mounriver_studio/mounriver_studio/toolchain/risc-v embedded gcc/bin/../lib/gcc/riscv-none-embed/8.2.0/../../../../riscv-none-embed/lib/rv32imafc/ilp32f\libg_nano.a(lib_a-nano-svfprintf.o)
                0x000000000001b3d0                __ssputs_r
 .text._svfprintf_r
                0x000000000001b4be      0x27e f:/mounriver_studio/mounriver_studio/toolchain/risc-v embedded gcc/bin/../lib/gcc/riscv-none-embed/8.2.0/../../../../riscv-none-embed/lib/rv32imafc/ilp32f\libg_nano.a(lib_a-nano-svfprintf.o)
                0x000000000001b4be                _svfiprintf_r
                0x000000000001b4be                _svfprintf_r
 .text._sungetc_r
                0x000000000001b73c       0x9a f:/mounriver_studio/mounriver_studio/toolchain/risc-v embedded gcc/bin/../lib/gcc/riscv-none-embed/8.2.0/../../../../riscv-none-embed/lib/rv32imafc/ilp32f\libg_nano.a(lib_a-nano-svfscanf.o)
                0x000000000001b73c                _sungetc_r
 .text.__ssrefill_r
                0x000000000001b7d6       0x48 f:/mounriver_studio/mounriver_studio/toolchain/risc-v embedded gcc/bin/../lib/gcc/riscv-none-embed/8.2.0/../../../../riscv-none-embed/lib/rv32imafc/ilp32f\libg_nano.a(lib_a-nano-svfscanf.o)
                0x000000000001b7d6                __ssrefill_r
 .text.__ssvfscanf_r
                0x000000000001b81e      0x3b6 f:/mounriver_studio/mounriver_studio/toolchain/risc-v embedded gcc/bin/../lib/gcc/riscv-none-embed/8.2.0/../../../../riscv-none-embed/lib/rv32imafc/ilp32f\libg_nano.a(lib_a-nano-svfscanf.o)
                0x000000000001b81e                __ssvfiscanf_r
                0x000000000001b81e                __ssvfscanf_r
 .text.__sfputc_r
                0x000000000001bbd4       0x2a f:/mounriver_studio/mounriver_studio/toolchain/risc-v embedded gcc/bin/../lib/gcc/riscv-none-embed/8.2.0/../../../../riscv-none-embed/lib/rv32imafc/ilp32f\libg_nano.a(lib_a-nano-vfprintf.o)
 .text.__sfputs_r
                0x000000000001bbfe       0x44 f:/mounriver_studio/mounriver_studio/toolchain/risc-v embedded gcc/bin/../lib/gcc/riscv-none-embed/8.2.0/../../../../riscv-none-embed/lib/rv32imafc/ilp32f\libg_nano.a(lib_a-nano-vfprintf.o)
                0x000000000001bbfe                __sfputs_r
 .text._vfprintf_r
                0x000000000001bc42      0x2a0 f:/mounriver_studio/mounriver_studio/toolchain/risc-v embedded gcc/bin/../lib/gcc/riscv-none-embed/8.2.0/../../../../riscv-none-embed/lib/rv32imafc/ilp32f\libg_nano.a(lib_a-nano-vfprintf.o)
                0x000000000001bc42                _vfprintf_r
                0x000000000001bc42                _vfiprintf_r
 .text._scanf_chars
                0x000000000001bee2       0xea f:/mounriver_studio/mounriver_studio/toolchain/risc-v embedded gcc/bin/../lib/gcc/riscv-none-embed/8.2.0/../../../../riscv-none-embed/lib/rv32imafc/ilp32f\libg_nano.a(lib_a-nano-vfscanf_i.o)
                0x000000000001bee2                _scanf_chars
 .text._scanf_i
                0x000000000001bfcc      0x262 f:/mounriver_studio/mounriver_studio/toolchain/risc-v embedded gcc/bin/../lib/gcc/riscv-none-embed/8.2.0/../../../../riscv-none-embed/lib/rv32imafc/ilp32f\libg_nano.a(lib_a-nano-vfscanf_i.o)
                0x000000000001bfcc                _scanf_i
 .text._read_r  0x000000000001c22e       0x36 f:/mounriver_studio/mounriver_studio/toolchain/risc-v embedded gcc/bin/../lib/gcc/riscv-none-embed/8.2.0/../../../../riscv-none-embed/lib/rv32imafc/ilp32f\libg_nano.a(lib_a-readr.o)
                0x000000000001c22e                _read_r
 .text.__sccl   0x000000000001c264       0x8e f:/mounriver_studio/mounriver_studio/toolchain/risc-v embedded gcc/bin/../lib/gcc/riscv-none-embed/8.2.0/../../../../riscv-none-embed/lib/rv32imafc/ilp32f\libg_nano.a(lib_a-sccl.o)
                0x000000000001c264                __sccl
 .text._strtol_l.isra.0
                0x000000000001c2f2      0x142 f:/mounriver_studio/mounriver_studio/toolchain/risc-v embedded gcc/bin/../lib/gcc/riscv-none-embed/8.2.0/../../../../riscv-none-embed/lib/rv32imafc/ilp32f\libg_nano.a(lib_a-strtol.o)
 .text._strtol_r
                0x000000000001c434       0x16 f:/mounriver_studio/mounriver_studio/toolchain/risc-v embedded gcc/bin/../lib/gcc/riscv-none-embed/8.2.0/../../../../riscv-none-embed/lib/rv32imafc/ilp32f\libg_nano.a(lib_a-strtol.o)
                0x000000000001c434                _strtol_r
 .text._strtoul_l.isra.0
                0x000000000001c44a      0x138 f:/mounriver_studio/mounriver_studio/toolchain/risc-v embedded gcc/bin/../lib/gcc/riscv-none-embed/8.2.0/../../../../riscv-none-embed/lib/rv32imafc/ilp32f\libg_nano.a(lib_a-strtoul.o)
 .text._strtoul_r
                0x000000000001c582       0x16 f:/mounriver_studio/mounriver_studio/toolchain/risc-v embedded gcc/bin/../lib/gcc/riscv-none-embed/8.2.0/../../../../riscv-none-embed/lib/rv32imafc/ilp32f\libg_nano.a(lib_a-strtoul.o)
                0x000000000001c582                _strtoul_r
 .text.__submore
                0x000000000001c598       0x8a f:/mounriver_studio/mounriver_studio/toolchain/risc-v embedded gcc/bin/../lib/gcc/riscv-none-embed/8.2.0/../../../../riscv-none-embed/lib/rv32imafc/ilp32f\libg_nano.a(lib_a-ungetc.o)
                0x000000000001c598                __submore
 .text._fstat_r
                0x000000000001c622       0x32 f:/mounriver_studio/mounriver_studio/toolchain/risc-v embedded gcc/bin/../lib/gcc/riscv-none-embed/8.2.0/../../../../riscv-none-embed/lib/rv32imafc/ilp32f\libg_nano.a(lib_a-fstatr.o)
                0x000000000001c622                _fstat_r
 .text._isatty_r
                0x000000000001c654       0x30 f:/mounriver_studio/mounriver_studio/toolchain/risc-v embedded gcc/bin/../lib/gcc/riscv-none-embed/8.2.0/../../../../riscv-none-embed/lib/rv32imafc/ilp32f\libg_nano.a(lib_a-isattyr.o)
                0x000000000001c654                _isatty_r
 .text.__locale_ctype_ptr_l
                0x000000000001c684        0x6 f:/mounriver_studio/mounriver_studio/toolchain/risc-v embedded gcc/bin/../lib/gcc/riscv-none-embed/8.2.0/../../../../riscv-none-embed/lib/rv32imafc/ilp32f\libg_nano.a(lib_a-locale.o)
                0x000000000001c684                __locale_ctype_ptr_l
 .text.__locale_ctype_ptr
                0x000000000001c68a       0x18 f:/mounriver_studio/mounriver_studio/toolchain/risc-v embedded gcc/bin/../lib/gcc/riscv-none-embed/8.2.0/../../../../riscv-none-embed/lib/rv32imafc/ilp32f\libg_nano.a(lib_a-locale.o)
                0x000000000001c68a                __locale_ctype_ptr
 .text.__ascii_mbtowc
                0x000000000001c6a2       0x3a f:/mounriver_studio/mounriver_studio/toolchain/risc-v embedded gcc/bin/../lib/gcc/riscv-none-embed/8.2.0/../../../../riscv-none-embed/lib/rv32imafc/ilp32f\libg_nano.a(lib_a-mbtowc_r.o)
                0x000000000001c6a2                __ascii_mbtowc
 .text.memmove  0x000000000001c6dc       0x4a f:/mounriver_studio/mounriver_studio/toolchain/risc-v embedded gcc/bin/../lib/gcc/riscv-none-embed/8.2.0/../../../../riscv-none-embed/lib/rv32imafc/ilp32f\libg_nano.a(lib_a-memmove.o)
                0x000000000001c6dc                memmove
 .text._realloc_r
                0x000000000001c726       0x58 f:/mounriver_studio/mounriver_studio/toolchain/risc-v embedded gcc/bin/../lib/gcc/riscv-none-embed/8.2.0/../../../../riscv-none-embed/lib/rv32imafc/ilp32f\libg_nano.a(lib_a-nano-reallocr.o)
                0x000000000001c726                _realloc_r
 .text.__ascii_wctomb
                0x000000000001c77e       0x20 f:/mounriver_studio/mounriver_studio/toolchain/risc-v embedded gcc/bin/../lib/gcc/riscv-none-embed/8.2.0/../../../../riscv-none-embed/lib/rv32imafc/ilp32f\libg_nano.a(lib_a-wctomb_r.o)
                0x000000000001c77e                __ascii_wctomb
 .text._malloc_usable_size_r
                0x000000000001c79e       0x14 f:/mounriver_studio/mounriver_studio/toolchain/risc-v embedded gcc/bin/../lib/gcc/riscv-none-embed/8.2.0/../../../../riscv-none-embed/lib/rv32imafc/ilp32f\libg_nano.a(lib_a-nano-msizer.o)
                0x000000000001c79e                _malloc_usable_size_r
 .text.__trunctfdf2
                0x000000000001c7b2      0x3d0 f:/mounriver_studio/mounriver_studio/toolchain/risc-v embedded gcc/bin/../lib/gcc/riscv-none-embed/8.2.0/rv32imafc/ilp32f\libgcc.a(trunctfdf2.o)
                0x000000000001c7b2                __trunctfdf2
 .text._close   0x000000000001cb82       0x10 f:/mounriver_studio/mounriver_studio/toolchain/risc-v embedded gcc/bin/../lib/gcc/riscv-none-embed/8.2.0/../../../../riscv-none-embed/lib/rv32imafc/ilp32f\libnosys.a(close.o)
                0x000000000001cb82                _close
 .text._fstat   0x000000000001cb92       0x10 f:/mounriver_studio/mounriver_studio/toolchain/risc-v embedded gcc/bin/../lib/gcc/riscv-none-embed/8.2.0/../../../../riscv-none-embed/lib/rv32imafc/ilp32f\libnosys.a(fstat.o)
                0x000000000001cb92                _fstat
 .text._isatty  0x000000000001cba2       0x10 f:/mounriver_studio/mounriver_studio/toolchain/risc-v embedded gcc/bin/../lib/gcc/riscv-none-embed/8.2.0/../../../../riscv-none-embed/lib/rv32imafc/ilp32f\libnosys.a(isatty.o)
                0x000000000001cba2                _isatty
 .text._lseek   0x000000000001cbb2       0x10 f:/mounriver_studio/mounriver_studio/toolchain/risc-v embedded gcc/bin/../lib/gcc/riscv-none-embed/8.2.0/../../../../riscv-none-embed/lib/rv32imafc/ilp32f\libnosys.a(lseek.o)
                0x000000000001cbb2                _lseek
 .text._read    0x000000000001cbc2       0x10 f:/mounriver_studio/mounriver_studio/toolchain/risc-v embedded gcc/bin/../lib/gcc/riscv-none-embed/8.2.0/../../../../riscv-none-embed/lib/rv32imafc/ilp32f\libnosys.a(read.o)
                0x000000000001cbc2                _read
 .text._sbrk    0x000000000001cbd2       0x24 f:/mounriver_studio/mounriver_studio/toolchain/risc-v embedded gcc/bin/../lib/gcc/riscv-none-embed/8.2.0/../../../../riscv-none-embed/lib/rv32imafc/ilp32f\libnosys.a(sbrk.o)
                0x000000000001cbd2                _sbrk
 *(.rodata)
 *fill*         0x000000000001cbf6        0x2 
 .rodata        0x000000000001cbf8       0x3d ./zf_driver/zf_driver_encoder.o
 *fill*         0x000000000001cc35        0x3 
 .rodata        0x000000000001cc38       0x61 ./zf_driver/zf_driver_pit.o
 *fill*         0x000000000001cc99        0x3 
 .rodata        0x000000000001cc9c       0x39 ./zf_driver/zf_driver_pwm.o
 *fill*         0x000000000001ccd5        0x3 
 .rodata        0x000000000001ccd8       0x3e ./zf_driver/zf_driver_soft_iic.o
 *fill*         0x000000000001cd16        0x2 
 .rodata        0x000000000001cd18       0x39 ./zf_driver/zf_driver_spi.o
 *fill*         0x000000000001cd51        0x3 
 .rodata        0x000000000001cd54       0x3a ./zf_driver/zf_driver_uart.o
 *fill*         0x000000000001cd8e        0x2 
 .rodata        0x000000000001cd90       0x46 ./zf_device/zf_device_bluetooth_ch9141.o
 *fill*         0x000000000001cdd6        0x2 
 .rodata        0x000000000001cdd8        0x8 ./zf_device/zf_device_dm1xa.o
 .rodata        0x000000000001cde0       0xf8 ./zf_device/zf_device_mt9v03x_dvp.o
 .rodata        0x000000000001ced8       0x8c ./zf_device/zf_device_wifi_spi.o
 .rodata        0x000000000001cf64      0x2b6 ./zf_device/zf_device_wifi_uart.o
 *fill*         0x000000000001d21a        0x2 
 .rodata        0x000000000001d21c       0x43 ./zf_device/zf_device_wireless_uart.o
 *fill*         0x000000000001d25f        0x1 
 .rodata        0x000000000001d260       0x42 ./zf_components/seekfree_assistant.o
 *fill*         0x000000000001d2a2        0x2 
 .rodata        0x000000000001d2a4       0x78 ./zf_common/zf_common_debug.o
 .rodata        0x000000000001d31c       0x3a ./zf_common/zf_common_fifo.o
 *fill*         0x000000000001d356        0x2 
 .rodata        0x000000000001d358       0x80 ./zf_common/zf_common_function.o
 .rodata        0x000000000001d3d8       0x10 ./user_c/PID.o
 .rodata        0x000000000001d3e8      0x110 ./user_c/cam.o
 .rodata        0x000000000001d4f8       0xe0 ./user_c/main.o
 .rodata        0x000000000001d5d8       0x41 ./sdk/Peripheral/ch32v30x_usbotg_device.o
 *(.rodata*)
 *fill*         0x000000000001d619        0x3 
 .rodata.encoder_get_count
                0x000000000001d61c       0x28 ./zf_driver/zf_driver_encoder.o
 .rodata.encoder_clear_count
                0x000000000001d644       0x28 ./zf_driver/zf_driver_encoder.o
 .rodata.encoder_quad_init
                0x000000000001d66c       0x28 ./zf_driver/zf_driver_encoder.o
 .rodata.pit_init
                0x000000000001d694       0x28 ./zf_driver/zf_driver_pit.o
 .rodata.pwm_set_duty
                0x000000000001d6bc       0x28 ./zf_driver/zf_driver_pwm.o
 .rodata.pwm_init
                0x000000000001d6e4       0x28 ./zf_driver/zf_driver_pwm.o
 .rodata.spi_index
                0x000000000001d70c        0xc ./zf_driver/zf_driver_spi.o
                0x000000000001d70c                spi_index
 .rodata.timer_get
                0x000000000001d718       0x28 ./zf_driver/zf_driver_timer.o
 .rodata.timer_clear
                0x000000000001d740       0x28 ./zf_driver/zf_driver_timer.o
 .rodata.uart_index
                0x000000000001d768       0x20 ./zf_driver/zf_driver_uart.o
                0x000000000001d768                uart_index
 .rodata.seekfree_assistant_interface_init
                0x000000000001d788       0x18 ./zf_components/seekfree_assistant_interface.o
 .rodata.Slalom
                0x000000000001d7a0       0x30 ./user_c/cam.o
 .rodata.Circle
                0x000000000001d7d0       0x64 ./user_c/cam.o
 .rodata.uart7_rx_interrupt_handler
                0x000000000001d834       0x18 ./user_c/main.o
 .rodata.MyDevDescrHD
                0x000000000001d84c       0x12 ./sdk/Peripheral/ch32v30x_usbotg_device.o
                0x000000000001d84c                MyDevDescrHD
 *fill*         0x000000000001d85e        0x2 
 .rodata.MyCfgDescrHD
                0x000000000001d860       0x43 ./sdk/Peripheral/ch32v30x_usbotg_device.o
                0x000000000001d860                MyCfgDescrHD
 *fill*         0x000000000001d8a3        0x1 
 .rodata.MyReportDescHD
                0x000000000001d8a4       0x14 ./sdk/Peripheral/ch32v30x_usbotg_device.o
                0x000000000001d8a4                MyReportDescHD
 .rodata.MyManuInfoHD
                0x000000000001d8b8        0xe ./sdk/Peripheral/ch32v30x_usbotg_device.o
                0x000000000001d8b8                MyManuInfoHD
 *fill*         0x000000000001d8c6        0x2 
 .rodata.MyProdInfoHD
                0x000000000001d8c8        0xc ./sdk/Peripheral/ch32v30x_usbotg_device.o
                0x000000000001d8c8                MyProdInfoHD
 .rodata.MySerNumInfoHD
                0x000000000001d8d4       0x16 ./sdk/Peripheral/ch32v30x_usbotg_device.o
                0x000000000001d8d4                MySerNumInfoHD
 *fill*         0x000000000001d8ea        0x2 
 .rodata.MyUSBQUADescHD
                0x000000000001d8ec        0xa ./sdk/Peripheral/ch32v30x_usbotg_device.o
                0x000000000001d8ec                MyUSBQUADescHD
 *fill*         0x000000000001d8f6        0x2 
 .rodata.OTG_FS_IRQHandler
                0x000000000001d8f8       0xbc ./sdk/Peripheral/ch32v30x_usbotg_device.o
 *fill*         0x000000000001d9b4        0x4 
 .rodata.pow.cst8
                0x000000000001d9b8       0x30 f:/mounriver_studio/mounriver_studio/toolchain/risc-v embedded gcc/bin/../lib/gcc/riscv-none-embed/8.2.0/../../../../riscv-none-embed/lib/rv32imafc/ilp32f\libm.a(lib_a-w_pow.o)
 .rodata.pow.str1.4
                0x000000000001d9e8        0x4 f:/mounriver_studio/mounriver_studio/toolchain/risc-v embedded gcc/bin/../lib/gcc/riscv-none-embed/8.2.0/../../../../riscv-none-embed/lib/rv32imafc/ilp32f\libm.a(lib_a-w_pow.o)
 *fill*         0x000000000001d9ec        0x4 
 .rodata.__ieee754_pow.cst8
                0x000000000001d9f0      0x100 f:/mounriver_studio/mounriver_studio/toolchain/risc-v embedded gcc/bin/../lib/gcc/riscv-none-embed/8.2.0/../../../../riscv-none-embed/lib/rv32imafc/ilp32f\libm.a(lib_a-e_pow.o)
                                        0x110 (size before relaxing)
 .rodata.__ieee754_pow.str1.4
                0x000000000001daf0        0x4 f:/mounriver_studio/mounriver_studio/toolchain/risc-v embedded gcc/bin/../lib/gcc/riscv-none-embed/8.2.0/../../../../riscv-none-embed/lib/rv32imafc/ilp32f\libm.a(lib_a-e_pow.o)
                                          0x1 (size before relaxing)
 .rodata.nan.cst8
                0x000000000001daf0        0x8 f:/mounriver_studio/mounriver_studio/toolchain/risc-v embedded gcc/bin/../lib/gcc/riscv-none-embed/8.2.0/../../../../riscv-none-embed/lib/rv32imafc/ilp32f\libm.a(lib_a-s_nan.o)
 .rodata.TWO52  0x000000000001daf8       0x10 f:/mounriver_studio/mounriver_studio/toolchain/risc-v embedded gcc/bin/../lib/gcc/riscv-none-embed/8.2.0/../../../../riscv-none-embed/lib/rv32imafc/ilp32f\libm.a(lib_a-s_rint.o)
 .rodata.scalbn.cst8
                0x000000000001db08       0x10 f:/mounriver_studio/mounriver_studio/toolchain/risc-v embedded gcc/bin/../lib/gcc/riscv-none-embed/8.2.0/../../../../riscv-none-embed/lib/rv32imafc/ilp32f\libm.a(lib_a-s_scalbn.o)
                                         0x20 (size before relaxing)
 .rodata.__divdf3
                0x000000000001db18       0x40 f:/mounriver_studio/mounriver_studio/toolchain/risc-v embedded gcc/bin/../lib/gcc/riscv-none-embed/8.2.0/rv32imafc/ilp32f\libgcc.a(divdf3.o)
 .rodata.__muldf3
                0x000000000001db58       0x40 f:/mounriver_studio/mounriver_studio/toolchain/risc-v embedded gcc/bin/../lib/gcc/riscv-none-embed/8.2.0/rv32imafc/ilp32f\libgcc.a(muldf3.o)
 .rodata.__clz_tab
                0x000000000001db98      0x100 f:/mounriver_studio/mounriver_studio/toolchain/risc-v embedded gcc/bin/../lib/gcc/riscv-none-embed/8.2.0/rv32imafc/ilp32f\libgcc.a(_clz.o)
                0x000000000001db98                __clz_tab
 .rodata._printf_float.cst8
                0x000000000001dc98        0x8 f:/mounriver_studio/mounriver_studio/toolchain/risc-v embedded gcc/bin/../lib/gcc/riscv-none-embed/8.2.0/../../../../riscv-none-embed/lib/rv32imafc/ilp32f\libg_nano.a(lib_a-nano-vfprintf_float.o)
 .rodata._printf_float.str1.4
                0x000000000001dca0       0x12 f:/mounriver_studio/mounriver_studio/toolchain/risc-v embedded gcc/bin/../lib/gcc/riscv-none-embed/8.2.0/../../../../riscv-none-embed/lib/rv32imafc/ilp32f\libg_nano.a(lib_a-nano-vfprintf_float.o)
 *fill*         0x000000000001dcb2        0x2 
 .rodata._printf_i.str1.4
                0x000000000001dcb4       0x25 f:/mounriver_studio/mounriver_studio/toolchain/risc-v embedded gcc/bin/../lib/gcc/riscv-none-embed/8.2.0/../../../../riscv-none-embed/lib/rv32imafc/ilp32f\libg_nano.a(lib_a-nano-vfprintf_i.o)
 *fill*         0x000000000001dcd9        0x7 
 .rodata._dtoa_r.cst8
                0x000000000001dce0       0x30 f:/mounriver_studio/mounriver_studio/toolchain/risc-v embedded gcc/bin/../lib/gcc/riscv-none-embed/8.2.0/../../../../riscv-none-embed/lib/rv32imafc/ilp32f\libg_nano.a(lib_a-dtoa.o)
                                         0x48 (size before relaxing)
 .rodata._dtoa_r.str1.4
                0x000000000001dd10       0x10 f:/mounriver_studio/mounriver_studio/toolchain/risc-v embedded gcc/bin/../lib/gcc/riscv-none-embed/8.2.0/../../../../riscv-none-embed/lib/rv32imafc/ilp32f\libg_nano.a(lib_a-dtoa.o)
                                         0x12 (size before relaxing)
 .rodata.__sf_fake_stderr
                0x000000000001dd20       0x20 f:/mounriver_studio/mounriver_studio/toolchain/risc-v embedded gcc/bin/../lib/gcc/riscv-none-embed/8.2.0/../../../../riscv-none-embed/lib/rv32imafc/ilp32f\libg_nano.a(lib_a-findfp.o)
                0x000000000001dd20                __sf_fake_stderr
 .rodata.__sf_fake_stdin
                0x000000000001dd40       0x20 f:/mounriver_studio/mounriver_studio/toolchain/risc-v embedded gcc/bin/../lib/gcc/riscv-none-embed/8.2.0/../../../../riscv-none-embed/lib/rv32imafc/ilp32f\libg_nano.a(lib_a-findfp.o)
                0x000000000001dd40                __sf_fake_stdin
 .rodata.__sf_fake_stdout
                0x000000000001dd60       0x20 f:/mounriver_studio/mounriver_studio/toolchain/risc-v embedded gcc/bin/../lib/gcc/riscv-none-embed/8.2.0/../../../../riscv-none-embed/lib/rv32imafc/ilp32f\libg_nano.a(lib_a-findfp.o)
                0x000000000001dd60                __sf_fake_stdout